Archive member included to satisfy reference by file (symbol)

c:/renesas/ra/e2studio_v2023-01_fsp_v4.3.0/toolchains/gcc_arm/gcc-arm-none-eabi-10.3-2021.10/bin/../lib/gcc/arm-none-eabi/10.3.1/../../../../arm-none-eabi/lib/thumb/v7e-m+fp/hard\libg_nano.a(lib_a-errno.o)
                              ./ra/fsp/src/bsp/mcu/all/bsp_sbrk.o (__errno)
c:/renesas/ra/e2studio_v2023-01_fsp_v4.3.0/toolchains/gcc_arm/gcc-arm-none-eabi-10.3-2021.10/bin/../lib/gcc/arm-none-eabi/10.3.1/../../../../arm-none-eabi/lib/thumb/v7e-m+fp/hard\libg_nano.a(lib_a-exit.o)
                              c:/renesas/ra/e2studio_v2023-01_fsp_v4.3.0/toolchains/gcc_arm/gcc-arm-none-eabi-10.3-2021.10/bin/../lib/gcc/arm-none-eabi/10.3.1/../../../../arm-none-eabi/lib/thumb/v7e-m+fp/hard/rdimon-crt0.o (exit)
c:/renesas/ra/e2studio_v2023-01_fsp_v4.3.0/toolchains/gcc_arm/gcc-arm-none-eabi-10.3-2021.10/bin/../lib/gcc/arm-none-eabi/10.3.1/../../../../arm-none-eabi/lib/thumb/v7e-m+fp/hard\libg_nano.a(lib_a-impure.o)
                              c:/renesas/ra/e2studio_v2023-01_fsp_v4.3.0/toolchains/gcc_arm/gcc-arm-none-eabi-10.3-2021.10/bin/../lib/gcc/arm-none-eabi/10.3.1/../../../../arm-none-eabi/lib/thumb/v7e-m+fp/hard\libg_nano.a(lib_a-exit.o) (_global_impure_ptr)
c:/renesas/ra/e2studio_v2023-01_fsp_v4.3.0/toolchains/gcc_arm/gcc-arm-none-eabi-10.3-2021.10/bin/../lib/gcc/arm-none-eabi/10.3.1/../../../../arm-none-eabi/lib/thumb/v7e-m+fp/hard\libg_nano.a(lib_a-init.o)
                              c:/renesas/ra/e2studio_v2023-01_fsp_v4.3.0/toolchains/gcc_arm/gcc-arm-none-eabi-10.3-2021.10/bin/../lib/gcc/arm-none-eabi/10.3.1/../../../../arm-none-eabi/lib/thumb/v7e-m+fp/hard/rdimon-crt0.o (__libc_init_array)
c:/renesas/ra/e2studio_v2023-01_fsp_v4.3.0/toolchains/gcc_arm/gcc-arm-none-eabi-10.3-2021.10/bin/../lib/gcc/arm-none-eabi/10.3.1/../../../../arm-none-eabi/lib/thumb/v7e-m+fp/hard\libg_nano.a(lib_a-memcpy-stub.o)
                              ./src/RTT/SEGGER_RTT.o (memcpy)
c:/renesas/ra/e2studio_v2023-01_fsp_v4.3.0/toolchains/gcc_arm/gcc-arm-none-eabi-10.3-2021.10/bin/../lib/gcc/arm-none-eabi/10.3.1/../../../../arm-none-eabi/lib/thumb/v7e-m+fp/hard\libg_nano.a(lib_a-memset.o)
                              c:/renesas/ra/e2studio_v2023-01_fsp_v4.3.0/toolchains/gcc_arm/gcc-arm-none-eabi-10.3-2021.10/bin/../lib/gcc/arm-none-eabi/10.3.1/../../../../arm-none-eabi/lib/thumb/v7e-m+fp/hard/rdimon-crt0.o (memset)
c:/renesas/ra/e2studio_v2023-01_fsp_v4.3.0/toolchains/gcc_arm/gcc-arm-none-eabi-10.3-2021.10/bin/../lib/gcc/arm-none-eabi/10.3.1/../../../../arm-none-eabi/lib/thumb/v7e-m+fp/hard\libg_nano.a(lib_a-strlen.o)
                              ./src/RTT/SEGGER_RTT.o (strlen)
c:/renesas/ra/e2studio_v2023-01_fsp_v4.3.0/toolchains/gcc_arm/gcc-arm-none-eabi-10.3-2021.10/bin/../lib/gcc/arm-none-eabi/10.3.1/../../../../arm-none-eabi/lib/thumb/v7e-m+fp/hard\librdimon_nano.a(rdimon-syscalls.o)
                              c:/renesas/ra/e2studio_v2023-01_fsp_v4.3.0/toolchains/gcc_arm/gcc-arm-none-eabi-10.3-2021.10/bin/../lib/gcc/arm-none-eabi/10.3.1/../../../../arm-none-eabi/lib/thumb/v7e-m+fp/hard/rdimon-crt0.o (initialise_monitor_handles)
c:/renesas/ra/e2studio_v2023-01_fsp_v4.3.0/toolchains/gcc_arm/gcc-arm-none-eabi-10.3-2021.10/bin/../lib/gcc/arm-none-eabi/10.3.1/../../../../arm-none-eabi/lib/thumb/v7e-m+fp/hard\librdimon_nano.a(rdimon-_exit.o)
                              c:/renesas/ra/e2studio_v2023-01_fsp_v4.3.0/toolchains/gcc_arm/gcc-arm-none-eabi-10.3-2021.10/bin/../lib/gcc/arm-none-eabi/10.3.1/../../../../arm-none-eabi/lib/thumb/v7e-m+fp/hard\libg_nano.a(lib_a-exit.o) (_exit)
c:/renesas/ra/e2studio_v2023-01_fsp_v4.3.0/toolchains/gcc_arm/gcc-arm-none-eabi-10.3-2021.10/bin/../lib/gcc/arm-none-eabi/10.3.1/../../../../arm-none-eabi/lib/thumb/v7e-m+fp/hard\librdimon_nano.a(rdimon-_kill.o)
                              c:/renesas/ra/e2studio_v2023-01_fsp_v4.3.0/toolchains/gcc_arm/gcc-arm-none-eabi-10.3-2021.10/bin/../lib/gcc/arm-none-eabi/10.3.1/../../../../arm-none-eabi/lib/thumb/v7e-m+fp/hard\librdimon_nano.a(rdimon-_exit.o) (_kill_shared)
c:/renesas/ra/e2studio_v2023-01_fsp_v4.3.0/toolchains/gcc_arm/gcc-arm-none-eabi-10.3-2021.10/bin/../lib/gcc/arm-none-eabi/10.3.1/../../../../arm-none-eabi/lib/thumb/v7e-m+fp/hard\libc_nano.a(lib_a-findfp.o)
                              c:/renesas/ra/e2studio_v2023-01_fsp_v4.3.0/toolchains/gcc_arm/gcc-arm-none-eabi-10.3-2021.10/bin/../lib/gcc/arm-none-eabi/10.3.1/../../../../arm-none-eabi/lib/thumb/v7e-m+fp/hard\librdimon_nano.a(rdimon-syscalls.o) (__sinit)
c:/renesas/ra/e2studio_v2023-01_fsp_v4.3.0/toolchains/gcc_arm/gcc-arm-none-eabi-10.3-2021.10/bin/../lib/gcc/arm-none-eabi/10.3.1/../../../../arm-none-eabi/lib/thumb/v7e-m+fp/hard\libc_nano.a(lib_a-fwalk.o)
                              c:/renesas/ra/e2studio_v2023-01_fsp_v4.3.0/toolchains/gcc_arm/gcc-arm-none-eabi-10.3-2021.10/bin/../lib/gcc/arm-none-eabi/10.3.1/../../../../arm-none-eabi/lib/thumb/v7e-m+fp/hard\libc_nano.a(lib_a-findfp.o) (_fwalk)
[...]
Memory Configuration

Name             Origin             Length             Attributes
ITCM             0x00000000         0x00000000         xr
DTCM             0x00000000         0x00000000         xrw
FLASH            0x00000000         0x00100000         xr
RAM              0x1ffe0000         0x00060000         xrw
DATA_FLASH       0x40100000         0x00008000         xr
QSPI_FLASH       0x60000000         0x04000000         xr
OSPI_DEVICE_0    0x80020000         0x00000000         xr
OSPI_DEVICE_1    0x80030000         0x00000000         xr
OSPI_DEVICE_0_RAM 0x80020000         0x00000000         xrw
OSPI_DEVICE_1_RAM 0x80030000         0x00000000         xrw
SDRAM            0x90000000         0x08000000         xrw
OPTION_SETTING   0x00000000         0x00000000         r
OPTION_SETTING_OFS 0x00000000         0x00000018         r
OPTION_SETTING_SAS 0x00000034         0xffffffcc         r
OPTION_SETTING_S 0x80000000         0x00000000         r
ID_CODE          0x0100a150         0x00000010         xr
*default*        0x00000000         0xffffffff

Linker script and memory map

LOAD c:/renesas/ra/e2studio_v2023-01_fsp_v4.3.0/toolchains/gcc_arm/gcc-arm-none-eabi-10.3-2021.10/bin/../lib/gcc/arm-none-eabi/10.3.1/thumb/v7e-m+fp/hard/crti.o
LOAD c:/renesas/ra/e2studio_v2023-01_fsp_v4.3.0/toolchains/gcc_arm/gcc-arm-none-eabi-10.3-2021.10/bin/../lib/gcc/arm-none-eabi/10.3.1/thumb/v7e-m+fp/hard/crtbegin.o
LOAD c:/renesas/ra/e2studio_v2023-01_fsp_v4.3.0/toolchains/gcc_arm/gcc-arm-none-eabi-10.3-2021.10/bin/../lib/gcc/arm-none-eabi/10.3.1/../../../../arm-none-eabi/lib/thumb/v7e-m+fp/hard/rdimon-crt0.o
START GROUP
LOAD ./src/RTT/SEGGER_RTT.o
LOAD ./src/RTT/SEGGER_RTT_ASM_ARMv7M.o
LOAD ./src/RTT/SEGGER_RTT_printf.o
LOAD ./src/hal_entry.o
LOAD ./ra_gen/common_data.o
LOAD ./ra_gen/hal_data.o
LOAD ./ra_gen/main.o
LOAD ./ra_gen/pin_data.o
LOAD ./ra_gen/vector_data.o
LOAD ./ra/fsp/src/r_ioport/r_ioport.o
LOAD ./ra/fsp/src/bsp/mcu/all/bsp_clocks.o
LOAD ./ra/fsp/src/bsp/mcu/all/bsp_common.o
LOAD ./ra/fsp/src/bsp/mcu/all/bsp_delay.o
LOAD ./ra/fsp/src/bsp/mcu/all/bsp_group_irq.o
LOAD ./ra/fsp/src/bsp/mcu/all/bsp_guard.o
LOAD ./ra/fsp/src/bsp/mcu/all/bsp_io.o
LOAD ./ra/fsp/src/bsp/mcu/all/bsp_irq.o
LOAD ./ra/fsp/src/bsp/mcu/all/bsp_register_protection.o
LOAD ./ra/fsp/src/bsp/mcu/all/bsp_rom_registers.o
LOAD ./ra/fsp/src/bsp/mcu/all/bsp_sbrk.o
LOAD ./ra/fsp/src/bsp/mcu/all/bsp_security.o
LOAD ./ra/fsp/src/bsp/cmsis/Device/RENESAS/Source/startup.o
LOAD ./ra/fsp/src/bsp/cmsis/Device/RENESAS/Source/system.o
LOAD ./ra/board/ra6m2_ek/board_init.o
LOAD ./ra/board/ra6m2_ek/board_leds.o
END GROUP
START GROUP
LOAD c:/renesas/ra/e2studio_v2023-01_fsp_v4.3.0/toolchains/gcc_arm/gcc-arm-none-eabi-10.3-2021.10/bin/../lib/gcc/arm-none-eabi/10.3.1/thumb/v7e-m+fp/hard\libgcc.a
LOAD c:/renesas/ra/e2studio_v2023-01_fsp_v4.3.0/toolchains/gcc_arm/gcc-arm-none-eabi-10.3-2021.10/bin/../lib/gcc/arm-none-eabi/10.3.1/../../../../arm-none-eabi/lib/thumb/v7e-m+fp/hard\libg_nano.a
LOAD c:/renesas/ra/e2studio_v2023-01_fsp_v4.3.0/toolchains/gcc_arm/gcc-arm-none-eabi-10.3-2021.10/bin/../lib/gcc/arm-none-eabi/10.3.1/../../../../arm-none-eabi/lib/thumb/v7e-m+fp/hard\libc_nano.a
END GROUP
START GROUP
LOAD c:/renesas/ra/e2studio_v2023-01_fsp_v4.3.0/toolchains/gcc_arm/gcc-arm-none-eabi-10.3-2021.10/bin/../lib/gcc/arm-none-eabi/10.3.1/thumb/v7e-m+fp/hard\libgcc.a
LOAD c:/renesas/ra/e2studio_v2023-01_fsp_v4.3.0/toolchains/gcc_arm/gcc-arm-none-eabi-10.3-2021.10/bin/../lib/gcc/arm-none-eabi/10.3.1/../../../../arm-none-eabi/lib/thumb/v7e-m+fp/hard\libc_nano.a
LOAD c:/renesas/ra/e2studio_v2023-01_fsp_v4.3.0/toolchains/gcc_arm/gcc-arm-none-eabi-10.3-2021.10/bin/../lib/gcc/arm-none-eabi/10.3.1/../../../../arm-none-eabi/lib/thumb/v7e-m+fp/hard\librdimon_nano.a
END GROUP
START GROUP
LOAD c:/renesas/ra/e2studio_v2023-01_fsp_v4.3.0/toolchains/gcc_arm/gcc-arm-none-eabi-10.3-2021.10/bin/../lib/gcc/arm-none-eabi/10.3.1/thumb/v7e-m+fp/hard\libgcc.a
LOAD c:/renesas/ra/e2studio_v2023-01_fsp_v4.3.0/toolchains/gcc_arm/gcc-arm-none-eabi-10.3-2021.10/bin/../lib/gcc/arm-none-eabi/10.3.1/../../../../arm-none-eabi/lib/thumb/v7e-m+fp/hard\libc_nano.a
LOAD c:/renesas/ra/e2studio_v2023-01_fsp_v4.3.0/toolchains/gcc_arm/gcc-arm-none-eabi-10.3-2021.10/bin/../lib/gcc/arm-none-eabi/10.3.1/../../../../arm-none-eabi/lib/thumb/v7e-m+fp/hard\librdimon_nano.a
END GROUP
LOAD c:/renesas/ra/e2studio_v2023-01_fsp_v4.3.0/toolchains/gcc_arm/gcc-arm-none-eabi-10.3-2021.10/bin/../lib/gcc/arm-none-eabi/10.3.1/thumb/v7e-m+fp/hard/crtend.o
LOAD c:/renesas/ra/e2studio_v2023-01_fsp_v4.3.0/toolchains/gcc_arm/gcc-arm-none-eabi-10.3-2021.10/bin/../lib/gcc/arm-none-eabi/10.3.1/thumb/v7e-m+fp/hard/crtn.o
                0x1ffe0000                RAM_START = 0x1ffe0000
                0x00060000                RAM_LENGTH = 0x60000
                0x00000000                FLASH_START = 0x0
                0x00100000                FLASH_LENGTH = 0x100000
                0x40100000                DATA_FLASH_START = 0x40100000
                0x00008000                DATA_FLASH_LENGTH = 0x8000
                0x00000000                OPTION_SETTING_START = 0x0
                0x00000000                OPTION_SETTING_LENGTH = 0x0
                0x80000000                OPTION_SETTING_S_START = 0x80000000
                0x00000000                OPTION_SETTING_S_LENGTH = 0x0
                0x0100a150                ID_CODE_START = 0x100a150
                0x00000010                ID_CODE_LENGTH = 0x10
                0x90000000                SDRAM_START = 0x90000000
                0x08000000                SDRAM_LENGTH = 0x8000000
                0x60000000                QSPI_FLASH_START = 0x60000000
                0x04000000                QSPI_FLASH_LENGTH = 0x4000000
                0x80020000                OSPI_DEVICE_0_START = 0x80020000
                0x00000000                OSPI_DEVICE_0_LENGTH = 0x0
                0x80030000                OSPI_DEVICE_1_START = 0x80030000
                0x00000000                OSPI_DEVICE_1_LENGTH = 0x0
                0x04000000                QSPI_FLASH_PRV_LENGTH = DEFINED (QSPI_FLASH_SIZE)?ABSOLUTE (QSPI_FLASH_SIZE):ABSOLUTE (QSPI_FLASH_LENGTH)
                0x00000000                OSPI_DEVICE_0_PRV_LENGTH = DEFINED (OSPI_DEVICE_0_SIZE)?ABSOLUTE (OSPI_DEVICE_0_SIZE):ABSOLUTE (OSPI_DEVICE_0_LENGTH)
                0x00000000                OSPI_DEVICE_1_PRV_LENGTH = DEFINED (OSPI_DEVICE_1_SIZE)?ABSOLUTE (OSPI_DEVICE_1_SIZE):ABSOLUTE (OSPI_DEVICE_1_LENGTH)
                0x00000000                __RESERVE_NS_RAM = ((! (DEFINED (PROJECT_NONSECURE)) && DEFINED (RAM_NS_BUFFER_LENGTH)) && (OPTION_SETTING_S_LENGTH != 0x0))
                0x00000000                ITCM_START = DEFINED (ITCM_START)?ITCM_START:0x0
                0x00000000                ITCM_LENGTH = DEFINED (ITCM_LENGTH)?ITCM_LENGTH:0x0
                0x00000000                DTCM_START = DEFINED (DTCM_START)?DTCM_START:0x0
                0x00000000                DTCM_LENGTH = DEFINED (DTCM_LENGTH)?DTCM_LENGTH:0x0
                0x00000000                NS_OFFSET_START = DEFINED (NS_OFFSET_START)?NS_OFFSET_START:0x0
                0x00000000                NS_IMAGE_OFFSET = DEFINED (PROJECT_NONSECURE)?NS_OFFSET_START:0x0
                0x00000000                RAM_NS_BUFFER_BLOCK_LENGTH = DEFINED (RAM_NS_BUFFER_LENGTH)?ALIGN (RAM_NS_BUFFER_LENGTH, 0x2000):0x0
                0x00000000                RAM_NS_BUFFER_LENGTH = DEFINED (RAM_NS_BUFFER_LENGTH)?RAM_NS_BUFFER_LENGTH:0x0
                0x20040000                RAM_NS_BUFFER_START = ((RAM_START + RAM_LENGTH) - RAM_NS_BUFFER_LENGTH)
                0x20040000                RAM_NS_BUFFER_BLOCK_START = ((RAM_START + RAM_LENGTH) - RAM_NS_BUFFER_BLOCK_LENGTH)
                0x00000080                OPTION_SETTING_START_NS = DEFINED (PROJECT_NONSECURE)?OPTION_SETTING_START:(OPTION_SETTING_START + 0x80)
                0x00000001                __bl_FSP_BOOTABLE_IMAGE = 0x1
                0x00000001                __bln_FSP_BOOTABLE_IMAGE = 0x1
                0x00000000                PROJECT_SECURE_OR_FLAT = (((! (DEFINED (PROJECT_NONSECURE)) || DEFINED (PROJECT_SECURE)) && OPTION_SETTING_LENGTH) && ! (DEFINED (FSP_BOOTABLE_IMAGE)))
                0x00000000                USE_OPTION_SETTING_NS = (DEFINED (PROJECT_NONSECURE) && ! (DEFINED (FSP_BOOTABLE_IMAGE)))
                0x00000000                __bl_FLASH_IMAGE_START = ! (DEFINED (FLASH_BOOTLOADER_LENGTH))?0x0:(FLASH_APPLICATION_IMAGE_NUMBER == 0x1)?(FLASH_BOOTLOADER_LENGTH + FLASH_BOOTLOADER_HEADER_LENGTH):(((FLASH_BOOTLOADER_LENGTH + FLASH_BOOTLOADER_SCRATCH_LENGTH) + FLASH_APPLICATION_S_LENGTH) + FLASH_BOOTLOADER_HEADER_LENGTH)
                0x00000000                __bl_FLASH_IMAGE_LENGTH = ! (DEFINED (FLASH_BOOTLOADER_LENGTH))?0x0:(FLASH_APPLICATION_S_LENGTH - FLASH_BOOTLOADER_HEADER_LENGTH)
                0x00000000                __bl_FLASH_IMAGE_END = (__bl_FLASH_IMAGE_START + __bl_FLASH_IMAGE_LENGTH)
                0x00000000                __bl_XIP_SECONDARY_FLASH_IMAGE_START = ! (DEFINED (FLASH_BOOTLOADER_LENGTH))?0x0:((FLASH_BOOTLOADER_LENGTH + FLASH_APPLICATION_S_LENGTH) + FLASH_BOOTLOADER_HEADER_LENGTH)
                0x00000000                __bl_XIP_SECONDARY_FLASH_IMAGE_END = (__bl_XIP_SECONDARY_FLASH_IMAGE_START + __bl_FLASH_IMAGE_LENGTH)
                0x00000000                __bl_FLASH_NS_START = ! (DEFINED (FLASH_BOOTLOADER_LENGTH))?0x0:(FLASH_APPLICATION_NS_LENGTH == 0x0)?__bl_FLASH_IMAGE_END:((__bl_FLASH_IMAGE_START - FLASH_BOOTLOADER_HEADER_LENGTH) + FLASH_APPLICATION_S_LENGTH)
                0x00000000                __bl_FLASH_NSC_START = ! (DEFINED (FLASH_BOOTLOADER_LENGTH))?0x0:(FLASH_APPLICATION_NS_LENGTH == 0x0)?__bl_FLASH_IMAGE_END:(__bl_FLASH_NS_START - FLASH_APPLICATION_NSC_LENGTH)
                0x00000000                __bl_RAM_NS_START = ! (DEFINED (FLASH_BOOTLOADER_LENGTH))?0x0:(FLASH_APPLICATION_NS_LENGTH == 0x0)?(RAM_START + RAM_LENGTH):((RAM_START + RAM_LENGTH) - RAM_APPLICATION_NS_LENGTH)
                0x00000000                __bl_RAM_NSC_START = ! (DEFINED (FLASH_BOOTLOADER_LENGTH))?0x0:(FLASH_APPLICATION_NS_LENGTH == 0x0)?(RAM_START + RAM_LENGTH):(__bl_RAM_NS_START - RAM_APPLICATION_NSC_LENGTH)
                0x00000000                __bl_FLASH_NS_IMAGE_START = ! (DEFINED (FLASH_BOOTLOADER_LENGTH))?0x0:(FLASH_APPLICATION_NS_LENGTH == 0x0)?__bl_FLASH_IMAGE_END:(__bl_FLASH_NS_START + FLASH_BOOTLOADER_HEADER_LENGTH_2)
                0x00000000                __bln_FLASH_IMAGE_START = __bl_FLASH_NS_IMAGE_START
                0x00000000                __bln_FLASH_IMAGE_LENGTH = ! (DEFINED (FLASH_BOOTLOADER_LENGTH))?0x0:(FLASH_APPLICATION_NS_LENGTH == 0x0)?__bl_FLASH_IMAGE_END:(FLASH_APPLICATION_NS_LENGTH - FLASH_BOOTLOADER_HEADER_LENGTH_2)
                0x00000000                XIP_SECONDARY_SLOT_IMAGE = DEFINED (XIP_SECONDARY_SLOT_IMAGE)?XIP_SECONDARY_SLOT_IMAGE:0x0
                0x00000000                FLASH_ORIGIN = ! (DEFINED (FLASH_IMAGE_START))?FLASH_START:(XIP_SECONDARY_SLOT_IMAGE == 0x1)?XIP_SECONDARY_FLASH_IMAGE_START:FLASH_IMAGE_START
                0x00100000                LIMITED_FLASH_LENGTH = DEFINED (FLASH_IMAGE_LENGTH)?FLASH_IMAGE_LENGTH:DEFINED (FLASH_BOOTLOADER_LENGTH)?FLASH_BOOTLOADER_LENGTH:FLASH_LENGTH
START GROUP
LOAD c:/renesas/ra/e2studio_v2023-01_fsp_v4.3.0/toolchains/gcc_arm/gcc-arm-none-eabi-10.3-2021.10/bin/../lib/gcc/arm-none-eabi/10.3.1/thumb/v7e-m+fp/hard\libgcc.a
LOAD c:/renesas/ra/e2studio_v2023-01_fsp_v4.3.0/toolchains/gcc_arm/gcc-arm-none-eabi-10.3-2021.10/bin/../lib/gcc/arm-none-eabi/10.3.1/../../../../arm-none-eabi/lib/thumb/v7e-m+fp/hard\libc.a
LOAD c:/renesas/ra/e2studio_v2023-01_fsp_v4.3.0/toolchains/gcc_arm/gcc-arm-none-eabi-10.3-2021.10/bin/../lib/gcc/arm-none-eabi/10.3.1/../../../../arm-none-eabi/lib/thumb/v7e-m+fp/hard\libm.a
LOAD c:/renesas/ra/e2studio_v2023-01_fsp_v4.3.0/toolchains/gcc_arm/gcc-arm-none-eabi-10.3-2021.10/bin/../lib/gcc/arm-none-eabi/10.3.1/../../../../arm-none-eabi/lib/thumb/v7e-m+fp/hard\libnosys.a
END GROUP

.itcm_data      0x00000000        0x0
                0x00000000                __tz_ITCM_S = ABSOLUTE (ITCM_START)
                0x00000000                __itcm_data_start__ = .
 *(.itcm_data*)
                0x00000000                __itcm_data_end__ = .
                0x00000000                __tz_ITCM_N = DEFINED (ITCM_NS_START)?ABSOLUTE (ITCM_NS_START):ALIGN (__itcm_data_end__, 0x2000)

.text           0x00000000     0x13a0
                0x00000000                __tz_FLASH_S = ABSOLUTE (FLASH_START)
                0x00000000                __ROM_Start = .
 *(.fixed_vectors*)
 .fixed_vectors
                0x00000000       0x40 ./ra/fsp/src/bsp/cmsis/Device/RENESAS/Source/startup.o
                0x00000000                __Vectors
 *(.application_vectors*)
                0x00000040                __Vectors_End = .
                0x00000400                . = (OPTION_SETTING_LENGTH > 0x0)?.:(__ROM_Start + 0x400)
 *fill*         0x00000040      0x3c0 ff
 *(.rom_registers*)
 .rom_registers
                0x00000400       0x3c ./ra/fsp/src/bsp/mcu/all/bsp_rom_registers.o
                0x00000500                . = (OPTION_SETTING_LENGTH > 0x0)?.:(__ROM_Start + 0x500)
 *fill*         0x0000043c       0xc4 ff
                0x00000500                . = ALIGN (0x80)
 *(.mcuboot_sce9_key*)
 *(.text*)
 .text          0x00000500       0x40 c:/renesas/ra/e2studio_v2023-01_fsp_v4.3.0/toolchains/gcc_arm/gcc-arm-none-eabi-10.3-2021.10/bin/../lib/gcc/arm-none-eabi/10.3.1/thumb/v7e-m+fp/hard/crtbegin.o
 .text._WriteNoCheck
                0x00000540       0x54 ./src/RTT/SEGGER_RTT.o
 .text._WriteBlocking
                0x00000594       0x60 ./src/RTT/SEGGER_RTT.o
 .text._DoInit  0x000005f4       0x70 ./src/RTT/SEGGER_RTT.o
 .text.SEGGER_RTT_ReadNoLock
                0x00000664       0xb4 ./src/RTT/SEGGER_RTT.o
                0x00000664                SEGGER_RTT_ReadNoLock
 .text.SEGGER_RTT_WriteNoLock
                0x00000718       0x88 ./src/RTT/SEGGER_RTT.o
                0x00000718                SEGGER_RTT_WriteNoLock
 .text.SEGGER_RTT_Write
                0x000007a0       0x38 ./src/RTT/SEGGER_RTT.o
                0x000007a0                SEGGER_RTT_Write
 .text.SEGGER_RTT_WriteString
                0x000007d8       0x40 ./src/RTT/SEGGER_RTT.o
                0x000007d8                SEGGER_RTT_WriteString
 .text.SEGGER_RTT_WaitKey
                0x00000818       0x2c ./src/RTT/SEGGER_RTT.o
                0x00000818                SEGGER_RTT_WaitKey
 .text.SEGGER_RTT_ConfigUpBuffer
                0x00000844       0x70 ./src/RTT/SEGGER_RTT.o
                0x00000844                SEGGER_RTT_ConfigUpBuffer
 .text.hal_entry
                0x000008b4       0x6c ./src/hal_entry.o
                0x000008b4                hal_entry
 .text.R_BSP_WarmStart
                0x00000920       0x18 ./src/hal_entry.o
                0x00000920                R_BSP_WarmStart
 .text.startup.main
                0x00000938        0xc ./ra_gen/main.o
                0x00000938                main
 .text.R_IOPORT_Close
                0x00000944        0x8 ./ra/fsp/src/r_ioport/r_ioport.o
                0x00000944                R_IOPORT_Close
 .text.R_IOPORT_PinRead
                0x0000094c       0x1c ./ra/fsp/src/r_ioport/r_ioport.o
                0x0000094c                R_IOPORT_PinRead
 .text.R_IOPORT_PortRead
                0x00000968       0x14 ./ra/fsp/src/r_ioport/r_ioport.o
                0x00000968                R_IOPORT_PortRead
 .text.R_IOPORT_PortWrite
                0x0000097c       0x1c ./ra/fsp/src/r_ioport/r_ioport.o
                0x0000097c                R_IOPORT_PortWrite
 .text.R_IOPORT_PinWrite
                0x00000998       0x20 ./ra/fsp/src/r_ioport/r_ioport.o
                0x00000998                R_IOPORT_PinWrite
 .text.R_IOPORT_PortDirectionSet
                0x000009b8       0x28 ./ra/fsp/src/r_ioport/r_ioport.o
                0x000009b8                R_IOPORT_PortDirectionSet
 .text.R_IOPORT_PortEventInputRead
                0x000009e0       0x18 ./ra/fsp/src/r_ioport/r_ioport.o
                0x000009e0                R_IOPORT_PortEventInputRead
 .text.R_IOPORT_PinEventInputRead
                0x000009f8       0x30 ./ra/fsp/src/r_ioport/r_ioport.o
                0x000009f8                R_IOPORT_PinEventInputRead
 .text.R_IOPORT_PortEventOutputWrite
                0x00000a28       0x1c ./ra/fsp/src/r_ioport/r_ioport.o
                0x00000a28                R_IOPORT_PortEventOutputWrite
 .text.R_IOPORT_PinEventOutputWrite
                0x00000a44       0x38 ./ra/fsp/src/r_ioport/r_ioport.o
                0x00000a44                R_IOPORT_PinEventOutputWrite
 .text.bsp_vbatt_init
                0x00000a7c      0x108 ./ra/fsp/src/r_ioport/r_ioport.o
 .text.r_ioport_pins_config
                0x00000b84       0xac ./ra/fsp/src/r_ioport/r_ioport.o
 .text.R_IOPORT_Open
                0x00000c30       0x18 ./ra/fsp/src/r_ioport/r_ioport.o
                0x00000c30                R_IOPORT_Open
 .text.R_IOPORT_PinsCfg
                0x00000c48        0xc ./ra/fsp/src/r_ioport/r_ioport.o
                0x00000c48                R_IOPORT_PinsCfg
 .text.R_IOPORT_PinCfg
                0x00000c54       0xa8 ./ra/fsp/src/r_ioport/r_ioport.o
                0x00000c54                R_IOPORT_PinCfg
 .text.SystemCoreClockUpdate
                0x00000cfc       0x28 ./ra/fsp/src/bsp/mcu/all/bsp_clocks.o
                0x00000cfc                SystemCoreClockUpdate
 .text.bsp_clock_init
                0x00000d24      0x114 ./ra/fsp/src/bsp/mcu/all/bsp_clocks.o
                0x00000d24                bsp_clock_init
 .text.R_BSP_Init_RTC
                0x00000e38       0x9c ./ra/fsp/src/bsp/mcu/all/bsp_clocks.o
                0x00000e38                R_BSP_Init_RTC
 .text.bsp_prv_software_delay_loop
                0x00000ed4        0xc ./ra/fsp/src/bsp/mcu/all/bsp_delay.o
                0x00000ed4                bsp_prv_software_delay_loop
 .text.R_BSP_SoftwareDelay
                0x00000ee0       0x5c ./ra/fsp/src/bsp/mcu/all/bsp_delay.o
                0x00000ee0                R_BSP_SoftwareDelay
 .text.NMI_Handler
                0x00000f3c       0x38 ./ra/fsp/src/bsp/mcu/all/bsp_group_irq.o
                0x00000f3c                NMI_Handler
 .text.bsp_irq_cfg
                0x00000f74       0x28 ./ra/fsp/src/bsp/mcu/all/bsp_irq.o
                0x00000f74                bsp_irq_cfg
 .text.R_BSP_RegisterProtectEnable
                0x00000f9c       0x60 ./ra/fsp/src/bsp/mcu/all/bsp_register_protection.o
                0x00000f9c                R_BSP_RegisterProtectEnable
 .text.R_BSP_RegisterProtectDisable
                0x00000ffc       0x54 ./ra/fsp/src/bsp/mcu/all/bsp_register_protection.o
                0x00000ffc                R_BSP_RegisterProtectDisable
 .text.Default_Handler
                0x00001050        0x4 ./ra/fsp/src/bsp/cmsis/Device/RENESAS/Source/startup.o
                0x00001050                DebugMon_Handler
                0x00001050                HardFault_Handler
                0x00001050                SysTick_Handler
                0x00001050                PendSV_Handler
                0x00001050                UsageFault_Handler
                0x00001050                SecureFault_Handler
                0x00001050                Default_Handler
                0x00001050                MemManage_Handler
                0x00001050                SVC_Handler
                0x00001050                BusFault_Handler
 .text.Reset_Handler
                0x00001054        0xc ./ra/fsp/src/bsp/cmsis/Device/RENESAS/Source/startup.o
                0x00001054                Reset_Handler
 .text.SystemInit
                0x00001060       0xbc ./ra/fsp/src/bsp/cmsis/Device/RENESAS/Source/system.o
                0x00001060                SystemInit
 .text.bsp_init
                0x0000111c        0x4 ./ra/board/ra6m2_ek/board_init.o
                0x0000111c                bsp_init
 .text.memcpy   0x00001120       0x1c c:/renesas/ra/e2studio_v2023-01_fsp_v4.3.0/toolchains/gcc_arm/gcc-arm-none-eabi-10.3-2021.10/bin/../lib/gcc/arm-none-eabi/10.3.1/../../../../arm-none-eabi/lib/thumb/v7e-m+fp/hard\libg_nano.a(lib_a-memcpy-stub.o)
                0x00001120                memcpy
 .text.memset   0x0000113c       0x10 c:/renesas/ra/e2studio_v2023-01_fsp_v4.3.0/toolchains/gcc_arm/gcc-arm-none-eabi-10.3-2021.10/bin/../lib/gcc/arm-none-eabi/10.3.1/../../../../arm-none-eabi/lib/thumb/v7e-m+fp/hard\libg_nano.a(lib_a-memset.o)
                0x0000113c                memset
 .text          0x0000114c       0x10 c:/renesas/ra/e2studio_v2023-01_fsp_v4.3.0/toolchains/gcc_arm/gcc-arm-none-eabi-10.3-2021.10/bin/../lib/gcc/arm-none-eabi/10.3.1/../../../../arm-none-eabi/lib/thumb/v7e-m+fp/hard\libg_nano.a(lib_a-strlen.o)
                0x0000114c                strlen
 *(.version)
 .version       0x0000115c       0x50 ./ra/fsp/src/bsp/mcu/all/bsp_common.o
 *(.init)
 .init          0x000011ac        0x4 c:/renesas/ra/e2studio_v2023-01_fsp_v4.3.0/toolchains/gcc_arm/gcc-arm-none-eabi-10.3-2021.10/bin/../lib/gcc/arm-none-eabi/10.3.1/thumb/v7e-m+fp/hard/crti.o
                0x000011ac                _init
 .init          0x000011b0        0x8 c:/renesas/ra/e2studio_v2023-01_fsp_v4.3.0/toolchains/gcc_arm/gcc-arm-none-eabi-10.3-2021.10/bin/../lib/gcc/arm-none-eabi/10.3.1/thumb/v7e-m+fp/hard/crtn.o
 *(.fini)
 .fini          0x000011b8        0x4 c:/renesas/ra/e2studio_v2023-01_fsp_v4.3.0/toolchains/gcc_arm/gcc-arm-none-eabi-10.3-2021.10/bin/../lib/gcc/arm-none-eabi/10.3.1/thumb/v7e-m+fp/hard/crti.o
                0x000011b8                _fini
 .fini          0x000011bc        0x8 c:/renesas/ra/e2studio_v2023-01_fsp_v4.3.0/toolchains/gcc_arm/gcc-arm-none-eabi-10.3-2021.10/bin/../lib/gcc/arm-none-eabi/10.3.1/thumb/v7e-m+fp/hard/crtn.o
 *crtbegin.o(.ctors)
 *crtbegin?.o(.ctors)
 *(EXCLUDE_FILE(*crtend.o *crtend?.o) .ctors)
 *(SORT_BY_NAME(.ctors.*))
 *(.ctors)
 *crtbegin.o(.dtors)
 *crtbegin?.o(.dtors)
 *(EXCLUDE_FILE(*crtend.o *crtend?.o) .dtors)
 *(SORT_BY_NAME(.dtors.*))
 *(.dtors)
 *(.rodata*)
 .rodata._DoInit.str1.4
                0x000011c4        0x9 ./src/RTT/SEGGER_RTT.o
 *fill*         0x000011cd        0x3 ff
 .rodata._aInitStr.0
                0x000011d0       0x11 ./src/RTT/SEGGER_RTT.o
 *fill*         0x000011e1        0x3 ff
 .rodata.hal_entry.str1.4
                0x000011e4       0x18 ./src/hal_entry.o
 .rodata.g_ioport
                0x000011fc        0xc ./ra_gen/common_data.o
                0x000011fc                g_ioport
 .rodata.g_bsp_pin_cfg
                0x00001208        0x8 ./ra_gen/pin_data.o
                0x00001208                g_bsp_pin_cfg
 .rodata.g_bsp_pin_cfg_data
                0x00001210       0x88 ./ra_gen/pin_data.o
                0x00001210                g_bsp_pin_cfg_data
 .rodata.g_ioport_on_ioport
                0x00001298       0x34 ./ra/fsp/src/r_ioport/r_ioport.o
                0x00001298                g_ioport_on_ioport
 .rodata.g_vbatt_pins_input
                0x000012cc        0x6 ./ra/fsp/src/r_ioport/r_ioport.o
 *fill*         0x000012d2        0x2 ff
 .rodata.g_interrupt_event_link_select
                0x000012d4       0xc0 ./ra/fsp/src/bsp/mcu/all/bsp_irq.o
                0x000012d4                g_interrupt_event_link_select
 .rodata.g_prcr_masks
                0x00001394        0x8 ./ra/fsp/src/bsp/mcu/all/bsp_register_protection.o
                0x0000139c                __usb_dev_descriptor_start_fs = .
 *(.usb_device_desc_fs*)
                0x0000139c                __usb_cfg_descriptor_start_fs = .
 *(.usb_config_desc_fs*)
                0x0000139c                __usb_interface_descriptor_start_fs = .
 *(.usb_interface_desc_fs*)
                0x0000139c                __usb_descriptor_end_fs = .
                0x0000139c                __usb_dev_descriptor_start_hs = .
 *(.usb_device_desc_hs*)
                0x0000139c                __usb_cfg_descriptor_start_hs = .
 *(.usb_config_desc_hs*)
                0x0000139c                __usb_interface_descriptor_start_hs = .
 *(.usb_interface_desc_hs*)
                0x0000139c                __usb_descriptor_end_hs = .
 *(.eh_frame*)
 .eh_frame      0x0000139c        0x0 c:/renesas/ra/e2studio_v2023-01_fsp_v4.3.0/toolchains/gcc_arm/gcc-arm-none-eabi-10.3-2021.10/bin/../lib/gcc/arm-none-eabi/10.3.1/thumb/v7e-m+fp/hard/crtbegin.o
 .eh_frame      0x0000139c        0x4 c:/renesas/ra/e2studio_v2023-01_fsp_v4.3.0/toolchains/gcc_arm/gcc-arm-none-eabi-10.3-2021.10/bin/../lib/gcc/arm-none-eabi/10.3.1/thumb/v7e-m+fp/hard/crtend.o
                0x000013a0                __ROM_End = .
                0x00000040                __Vectors_Size = (__Vectors_End - __Vectors)

.glue_7         0x000013a0        0x0
 .glue_7        0x000013a0        0x0 linker stubs

.glue_7t        0x000013a0        0x0
 .glue_7t       0x000013a0        0x0 linker stubs

.vfp11_veneer   0x000013a0        0x0
 .vfp11_veneer  0x000013a0        0x0 linker stubs

.v4_bx          0x000013a0        0x0
 .v4_bx         0x000013a0        0x0 linker stubs

.iplt           0x000013a0        0x0
 .iplt          0x000013a0        0x0 c:/renesas/ra/e2studio_v2023-01_fsp_v4.3.0/toolchains/gcc_arm/gcc-arm-none-eabi-10.3-2021.10/bin/../lib/gcc/arm-none-eabi/10.3.1/thumb/v7e-m+fp/hard/crtbegin.o

.ARM.extab
 *(.ARM.extab* .gnu.linkonce.armextab.*)
                0x000013a0                __exidx_start = .

.ARM.exidx
 *(.ARM.exidx* .gnu.linkonce.armexidx.*)
                0x000013a0                __exidx_end = .
                0x000013a0                __etext = .
                0x1ffe0000                __tz_RAM_S = ORIGIN (RAM)

.fsp_dtc_vector_table
                0x1ffe0000        0x0
                0x1ffe0000                . = ORIGIN (RAM)
 *(.fsp_dtc_vector_table)

.data           0x1ffe0000        0x8 load address 0x000013a0
                0x1ffe0000                __data_start__ = .
                0x1ffe0000                . = ALIGN (0x4)
                0x1ffe0000                __Code_In_RAM_Start = .
 *(.code_in_ram*)
                0x1ffe0000                __Code_In_RAM_End = .
 *(vtable)
 *(.data.*)
 *(.data)
                0x1ffe0000                . = ALIGN (0x4)
                0x1ffe0000                PROVIDE (__preinit_array_start = .)
 *(.preinit_array)
                0x1ffe0000                PROVIDE (__preinit_array_end = .)
                0x1ffe0000                . = ALIGN (0x4)
                0x1ffe0000                PROVIDE (__init_array_start = .)
 *(SORT_BY_NAME(.init_array.*))
 *(.init_array)
 .init_array    0x1ffe0000        0x4 c:/renesas/ra/e2studio_v2023-01_fsp_v4.3.0/toolchains/gcc_arm/gcc-arm-none-eabi-10.3-2021.10/bin/../lib/gcc/arm-none-eabi/10.3.1/thumb/v7e-m+fp/hard/crtbegin.o
                0x1ffe0004                PROVIDE (__init_array_end = .)
                0x1ffe0004                . = ALIGN (0x4)
                [!provide]                PROVIDE (__fini_array_start = .)
 *(SORT_BY_NAME(.fini_array.*))
 *(.fini_array)
 .fini_array    0x1ffe0004        0x4 c:/renesas/ra/e2studio_v2023-01_fsp_v4.3.0/toolchains/gcc_arm/gcc-arm-none-eabi-10.3-2021.10/bin/../lib/gcc/arm-none-eabi/10.3.1/thumb/v7e-m+fp/hard/crtbegin.o
                [!provide]                PROVIDE (__fini_array_end = .)
 *(.jcr*)
                0x1ffe0008                . = ALIGN (0x4)
                0x1ffe0008                __data_end__ = .
                0x000013a8                __dtcm_data_init_start = ((__etext + __data_end__) - __data_start__)

.igot.plt       0x1ffe0008        0x0 load address 0x000013a8
 .igot.plt      0x1ffe0008        0x0 c:/renesas/ra/e2studio_v2023-01_fsp_v4.3.0/toolchains/gcc_arm/gcc-arm-none-eabi-10.3-2021.10/bin/../lib/gcc/arm-none-eabi/10.3.1/thumb/v7e-m+fp/hard/crtbegin.o

.dtcm_data      0x00000000        0x0 load address 0x000013a8
                0x00000000                __tz_DTCM_S = ABSOLUTE (DTCM_START)
                0x00000000                __dtcm_data_start__ = .
 *(.dtcm_data*)
                0x00000000                __dtcm_data_end__ = .

.dtcm_noinit    0x00000000        0x0 load address 0x000013a8
                0x00000000                __dtcm_noinit_start = .
 *(.dtcm_noinit*)
                0x00000000                __dtcm_noinit_end = .
                0x00000000                __tz_DTCM_N = DEFINED (DTCM_NS_START)?ABSOLUTE (DTCM_NS_START):ALIGN (__dtcm_noinit_end, 0x2000)
                0x000013a8                DATA_END = (LOADADDR (.data) + SIZEOF (.data))
                0x00001400                SGSTUBS_LOC = (DEFINED (PROJECT_SECURE) && DEFINED (FLASH_NSC_START))?ABSOLUTE (FLASH_NSC_START):ALIGN (DATA_END, 0x400)

.gnu.sgstubs    0x00001400        0x0
                0x00001400                __tz_FLASH_C = DEFINED (FLASH_NSC_START)?ABSOLUTE (FLASH_NSC_START):__RESERVE_NS_RAM?ABSOLUTE ((FLASH_START + FLASH_LENGTH)):ALIGN (0x400)
                0x00001400                _start_sg = .
 *(.gnu.sgstubs*)
                0x00001400                . = ALIGN (0x20)
                0x00001400                _end_sg = .
                0x00008000                __tz_FLASH_N = DEFINED (FLASH_NS_START)?ABSOLUTE (FLASH_NS_START):__RESERVE_NS_RAM?ABSOLUTE ((FLASH_START + FLASH_LENGTH)):(FLASH_LENGTH < 0x8000)?FLASH_LENGTH:ALIGN (0x8000)
                0x00008000                FLASH_NS_IMAGE_START = DEFINED (FLASH_NS_IMAGE_START)?FLASH_NS_IMAGE_START:__tz_FLASH_N
                0x60000000                __tz_QSPI_FLASH_S = ORIGIN (QSPI_FLASH)

.qspi_flash     0x60000000        0x0
                0x60000000                __qspi_flash_start__ = .
 *(.qspi_flash*)
 *(.code_in_qspi*)
                0x60000000                __qspi_flash_end__ = .
                0x00000000                __qspi_flash_code_size__ = (__qspi_flash_end__ - __qspi_flash_start__)
                0x000013a8                __qspi_flash_code_addr__ = (__etext + (__data_end__ - __data_start__))

.qspi_non_retentive
                0x60000000        0x0 load address 0x000013a8
                0x60000000                __qspi_non_retentive_start__ = .
 *(.qspi_non_retentive*)
                0x60000000                __qspi_non_retentive_end__ = .
                0x00000000                __qspi_non_retentive_size__ = (__qspi_non_retentive_end__ - __qspi_non_retentive_start__)
                0x04000000                __qspi_region_max_size__ = 0x4000000
                0x60000000                __qspi_region_start_address__ = __qspi_flash_start__
                0x64000000                __qspi_region_end_address__ = (__qspi_flash_start__ + __qspi_region_max_size__)
                0x60000000                __tz_QSPI_FLASH_N = __qspi_non_retentive_end__

.OSPI_DEVICE_0_NO_LOAD
                0x80020000        0x0
                0x80020000                . = ALIGN (0x4)
                0x80020000                __ospi_device_0_start__ = .
 *(.ospi_device_0_no_load*)
                0x80020000                . = ALIGN (0x4)
                0x80020000                __ospi_device_0_end__ = .

.OSPI_DEVICE_1_NO_LOAD
                0x80030000        0x0
                0x80030000                . = ALIGN (0x4)
                0x80030000                __ospi_device_1_start__ = .
 *(.ospi_device_1_no_load*)
                0x80030000                . = ALIGN (0x4)
                0x80030000                __ospi_device_1_end__ = .
                0x80020000                __tz_OSPI_DEVICE_0_S = ORIGIN (OSPI_DEVICE_0)

.OSPI_DEVICE_0  0x80020000        0x0
                0x80020000                __ospi_device_0_start__ = .
 *(.ospi_device_0*)
 *(.code_in_ospi_device_0*)
                0x80020000                __ospi_device_0_end__ = .
                0x00000000                __ospi_device_0_code_size__ = (__ospi_device_0_end__ - __ospi_device_0_start__)
                0x000013a8                __ospi_device_0_code_addr__ = (__etext + (__data_end__ - __data_start__))

.ospi_device_0_non_retentive
                0x80020000        0x0 load address 0x000013a8
                0x80020000                __ospi_device_0_non_retentive_start__ = .
 *(.ospi_device_0_non_retentive*)
                0x80020000                __ospi_device_0_non_retentive_end__ = .
                0x00000000                __ospi_device_0_non_retentive_size__ = (__ospi_device_0_non_retentive_end__ - __ospi_device_0_non_retentive_start__)
                0x08000000                __ospi_device_0_region_max_size__ = 0x8000000
                0x80020000                __ospi_device_0_region_start_address__ = __ospi_device_0_start__
                0x88020000                __ospi_device_0_region_end_address__ = (__ospi_device_0_start__ + __ospi_device_0_region_max_size__)
                0x80020000                __tz_OSPI_DEVICE_0_N = __ospi_device_0_non_retentive_end__
                0x80030000                __tz_OSPI_DEVICE_1_S = ORIGIN (OSPI_DEVICE_1)

.OSPI_DEVICE_1  0x80030000        0x0
                0x80030000                __ospi_device_1_start__ = .
 *(.ospi_device_1*)
 *(.code_in_ospi_device_1*)
                0x80030000                __ospi_device_1_end__ = .
                0x00000000                __ospi_device_1_code_size__ = (__ospi_device_1_end__ - __ospi_device_1_start__)
                0x000013a8                __ospi_device_1_code_addr__ = (__etext + (__data_end__ - __data_start__))

.ospi_device_1_non_retentive
                0x80030000        0x0 load address 0x000013a8
                0x80030000                __ospi_device_1_non_retentive_start__ = .
 *(.ospi_device_1_non_retentive*)
                0x80030000                __ospi_device_1_non_retentive_end__ = .
                0x00000000                __ospi_device_1_non_retentive_size__ = (__ospi_device_1_non_retentive_end__ - __ospi_device_1_non_retentive_start__)
                0x10000000                __ospi_device_1_region_max_size__ = 0x10000000
                0x80030000                __ospi_device_1_region_start_address__ = __ospi_device_1_start__
                0x90030000                __ospi_device_1_region_end_address__ = (__ospi_device_1_start__ + __ospi_device_1_region_max_size__)
                0x80030000                __tz_OSPI_DEVICE_1_N = __ospi_device_1_non_retentive_end__

.noinit         0x1ffe0008       0x18
                0x1ffe0008                . = ALIGN (0x4)
                0x1ffe0008                __noinit_start = .
 *(.noinit*)
 .noinit        0x1ffe0008       0x18 ./ra/fsp/src/bsp/mcu/all/bsp_clocks.o
                0x1ffe0020                . = ALIGN (0x8)
 *(.heap.*)
                0x1ffe0020                __noinit_end = .

.bss            0x1ffe0020      0x52c
                0x1ffe0020                . = ALIGN (0x4)
                0x1ffe0020                __bss_start__ = .
 *(.bss*)
 .bss           0x1ffe0020       0x1c c:/renesas/ra/e2studio_v2023-01_fsp_v4.3.0/toolchains/gcc_arm/gcc-arm-none-eabi-10.3-2021.10/bin/../lib/gcc/arm-none-eabi/10.3.1/thumb/v7e-m+fp/hard/crtbegin.o
 .bss._SEGGER_RTT
                0x1ffe003c       0xa8 ./src/RTT/SEGGER_RTT.o
                0x1ffe003c                _SEGGER_RTT
 .bss._acDownBuffer
                0x1ffe00e4       0x10 ./src/RTT/SEGGER_RTT.o
 .bss._acUpBuffer
                0x1ffe00f4      0x400 ./src/RTT/SEGGER_RTT.o
 .bss.g_ioport_ctrl
                0x1ffe04f4        0x8 ./ra_gen/common_data.o
                0x1ffe04f4                g_ioport_ctrl
 .bss.g_bsp_group_irq_sources
                0x1ffe04fc       0x40 ./ra/fsp/src/bsp/mcu/all/bsp_group_irq.o
                0x1ffe04fc                g_bsp_group_irq_sources
 .bss.g_protect_pfswe_counter
                0x1ffe053c        0x4 ./ra/fsp/src/bsp/mcu/all/bsp_io.o
                0x1ffe053c                g_protect_pfswe_counter
 .bss.g_protect_counters
                0x1ffe0540        0x8 ./ra/fsp/src/bsp/mcu/all/bsp_register_protection.o
                0x1ffe0540                g_protect_counters
 .bss.SystemCoreClock
                0x1ffe0548        0x4 ./ra/fsp/src/bsp/cmsis/Device/RENESAS/Source/system.o
                0x1ffe0548                SystemCoreClock
 *(COMMON)
                0x1ffe054c                . = ALIGN (0x4)
                0x1ffe054c                __bss_end__ = .

.heap           0x1ffe054c        0x4
                0x1ffe0550                . = ALIGN (0x8)
 *fill*         0x1ffe054c        0x4 
                0x1ffe0550                __HeapBase = .
 *(.heap)
                0x1ffe0550                __HeapLimit = .

.stack_dummy    0x1ffe0550      0x400
                0x1ffe0550                . = ALIGN (0x8)
                0x1ffe0550                __StackLimit = .
 *(.stack)
 .stack         0x1ffe0550      0x400 ./ra/fsp/src/bsp/cmsis/Device/RENESAS/Source/startup.o
                0x1ffe0950                __StackTop = .
 *(.stack*)
                0x1ffe0950                __StackTopAll = .
                0x1ffe0950                PROVIDE (__stack = __StackTopAll)
                0x1ffe0950                __RAM_segment_used_end__ = ALIGN (__StackTopAll, 0x4)
                0x1ffe0c00                __tz_RAM_C = DEFINED (RAM_NSC_START)?ABSOLUTE ((RAM_NSC_START - RAM_NS_BUFFER_BLOCK_LENGTH)):__RESERVE_NS_RAM?ABSOLUTE (RAM_NS_BUFFER_BLOCK_START):ALIGN (__RAM_segment_used_end__, 0x400)
                0x1ffe2000                __tz_RAM_N = DEFINED (RAM_NS_START)?ABSOLUTE ((RAM_NS_START - RAM_NS_BUFFER_BLOCK_LENGTH)):__RESERVE_NS_RAM?ABSOLUTE (RAM_NS_BUFFER_BLOCK_START):ALIGN (__tz_RAM_C, 0x2000)

.ns_buffer      0x1ffe0950        0x0
                0x1ffe0950                . = __RESERVE_NS_RAM?ABSOLUTE ((RAM_NS_BUFFER_START & 0xffffffe0)):.
 *(.ns_buffer*)

.data_flash     0x40100000        0x0
                0x40100000                . = ORIGIN (DATA_FLASH)
                0x40100000                __tz_DATA_FLASH_S = .
                0x40100000                __Data_Flash_Start = .
 *(.data_flash*)
                0x40100000                __Data_Flash_End = .
                0x40100000                __tz_DATA_FLASH_N = DEFINED (DATA_FLASH_NS_START)?ABSOLUTE (DATA_FLASH_NS_START):__RESERVE_NS_RAM?ABSOLUTE ((DATA_FLASH_START + DATA_FLASH_LENGTH)):ALIGN (0x400)
                0x90000000                __tz_SDRAM_S = ORIGIN (SDRAM)

.sdram          0x90000000        0x0
                0x90000000                __SDRAM_Start = .
 *(.sdram*)
 *(.frame*)
                0x90000000                __SDRAM_End = .
                0x90000000                __tz_SDRAM_N = __SDRAM_End
                0x0100a150                __tz_ID_CODE_S = ORIGIN (ID_CODE)
                0x0100a150                __tz_ID_CODE_N = __tz_ID_CODE_S

.id_code        0x0100a150       0x10
                0x0100a150                __ID_Code_Start = .
 *(.id_code*)
 .id_code       0x0100a150       0x10 ./ra/fsp/src/bsp/mcu/all/bsp_rom_registers.o
                0x0100a160                __ID_Code_End = .
                0x00000000                __tz_OPTION_SETTING_S = ORIGIN (OPTION_SETTING_OFS)

.rel.dyn        0x0100a160        0x0
 .rel.iplt      0x0100a160        0x0 c:/renesas/ra/e2studio_v2023-01_fsp_v4.3.0/toolchains/gcc_arm/gcc-arm-none-eabi-10.3-2021.10/bin/../lib/gcc/arm-none-eabi/10.3.1/thumb/v7e-m+fp/hard/crtbegin.o

.option_setting_ofs
                0x00000000        0x0
                0x00000000                __OPTION_SETTING_OFS_Start = .
 *(.option_setting_ofs0)
                0x00000000                . = PROJECT_SECURE_OR_FLAT?(__OPTION_SETTING_OFS_Start + 0x4):__OPTION_SETTING_OFS_Start
 *(.option_setting_ofs2)
                0x00000000                . = PROJECT_SECURE_OR_FLAT?(__OPTION_SETTING_OFS_Start + 0x10):__OPTION_SETTING_OFS_Start
 *(.option_setting_dualsel)
                0x00000000                __OPTION_SETTING_OFS_End = .

.option_setting_sas
                0x00000034        0x0
                0x00000034                __OPTION_SETTING_SAS_Start = .
 *(.option_setting_sas)
                0x00000034                __OPTION_SETTING_SAS_End = .
                0x00000080                __tz_OPTION_SETTING_N = ABSOLUTE (OPTION_SETTING_START_NS)

.option_setting_ns
                0x00000000        0x0
                0x00000000                __OPTION_SETTING_NS_Start = .
 *(.option_setting_ofs1)
                0x00000000                . = USE_OPTION_SETTING_NS?(__OPTION_SETTING_NS_Start + 0x4):__OPTION_SETTING_NS_Start
 *(.option_setting_ofs3)
                0x00000000                . = USE_OPTION_SETTING_NS?(__OPTION_SETTING_NS_Start + 0x10):__OPTION_SETTING_NS_Start
 *(.option_setting_banksel)
                0x00000000                . = USE_OPTION_SETTING_NS?(__OPTION_SETTING_NS_Start + 0x40):__OPTION_SETTING_NS_Start
 *(.option_setting_bps0)
                0x00000000                . = USE_OPTION_SETTING_NS?(__OPTION_SETTING_NS_Start + 0x44):__OPTION_SETTING_NS_Start
 *(.option_setting_bps1)
                0x00000000                . = USE_OPTION_SETTING_NS?(__OPTION_SETTING_NS_Start + 0x48):__OPTION_SETTING_NS_Start
 *(.option_setting_bps2)
                0x00000000                . = USE_OPTION_SETTING_NS?(__OPTION_SETTING_NS_Start + 0x4c):__OPTION_SETTING_NS_Start
 *(.option_setting_bps3)
                0x00000000                . = USE_OPTION_SETTING_NS?(__OPTION_SETTING_NS_Start + 0x60):__OPTION_SETTING_NS_Start
 *(.option_setting_pbps0)
                0x00000000                . = USE_OPTION_SETTING_NS?(__OPTION_SETTING_NS_Start + 0x64):__OPTION_SETTING_NS_Start
 *(.option_setting_pbps1)
                0x00000000                . = USE_OPTION_SETTING_NS?(__OPTION_SETTING_NS_Start + 0x68):__OPTION_SETTING_NS_Start
 *(.option_setting_pbps2)
                0x00000000                . = USE_OPTION_SETTING_NS?(__OPTION_SETTING_NS_Start + 0x6c):__OPTION_SETTING_NS_Start
 *(.option_setting_pbps3)
                0x00000000                __OPTION_SETTING_NS_End = .
                0x80000000                __tz_OPTION_SETTING_S_S = ORIGIN (OPTION_SETTING_S)

.option_setting_s
                0x80000000        0x0
                0x80000000                __OPTION_SETTING_S_Start = .
 *(.option_setting_ofs1_sec)
                0x80000000                . = PROJECT_SECURE_OR_FLAT?(__OPTION_SETTING_S_Start + 0x4):__OPTION_SETTING_S_Start
 *(.option_setting_ofs3_sec)
                0x80000000                . = PROJECT_SECURE_OR_FLAT?(__OPTION_SETTING_S_Start + 0x10):__OPTION_SETTING_S_Start
 *(.option_setting_banksel_sec)
                0x80000000                . = PROJECT_SECURE_OR_FLAT?(__OPTION_SETTING_S_Start + 0x40):__OPTION_SETTING_S_Start
 *(.option_setting_bps_sec0)
                0x80000000                . = PROJECT_SECURE_OR_FLAT?(__OPTION_SETTING_S_Start + 0x44):__OPTION_SETTING_S_Start
 *(.option_setting_bps_sec1)
                0x80000000                . = PROJECT_SECURE_OR_FLAT?(__OPTION_SETTING_S_Start + 0x48):__OPTION_SETTING_S_Start
 *(.option_setting_bps_sec2)
                0x80000000                . = PROJECT_SECURE_OR_FLAT?(__OPTION_SETTING_S_Start + 0x4c):__OPTION_SETTING_S_Start
 *(.option_setting_bps_sec3)
                0x80000000                . = PROJECT_SECURE_OR_FLAT?(__OPTION_SETTING_S_Start + 0x60):__OPTION_SETTING_S_Start
 *(.option_setting_pbps_sec0)
                0x80000000                . = PROJECT_SECURE_OR_FLAT?(__OPTION_SETTING_S_Start + 0x64):__OPTION_SETTING_S_Start
 *(.option_setting_pbps_sec1)
                0x80000000                . = PROJECT_SECURE_OR_FLAT?(__OPTION_SETTING_S_Start + 0x68):__OPTION_SETTING_S_Start
 *(.option_setting_pbps_sec2)
                0x80000000                . = PROJECT_SECURE_OR_FLAT?(__OPTION_SETTING_S_Start + 0x6c):__OPTION_SETTING_S_Start
 *(.option_setting_pbps_sec3)
                0x80000000                . = PROJECT_SECURE_OR_FLAT?(__OPTION_SETTING_S_Start + 0x80):__OPTION_SETTING_S_Start
 *(.option_setting_ofs1_sel)
                0x80000000                . = PROJECT_SECURE_OR_FLAT?(__OPTION_SETTING_S_Start + 0x84):__OPTION_SETTING_S_Start
 *(.option_setting_ofs3_sel)
                0x80000000                . = PROJECT_SECURE_OR_FLAT?(__OPTION_SETTING_S_Start + 0x90):__OPTION_SETTING_S_Start
 *(.option_setting_banksel_sel)
                0x80000000                . = PROJECT_SECURE_OR_FLAT?(__OPTION_SETTING_S_Start + 0xc0):__OPTION_SETTING_S_Start
 *(.option_setting_bps_sel0)
                0x80000000                . = PROJECT_SECURE_OR_FLAT?(__OPTION_SETTING_S_Start + 0xc4):__OPTION_SETTING_S_Start
 *(.option_setting_bps_sel1)
                0x80000000                . = PROJECT_SECURE_OR_FLAT?(__OPTION_SETTING_S_Start + 0xc8):__OPTION_SETTING_S_Start
 *(.option_setting_bps_sel2)
                0x80000000                . = PROJECT_SECURE_OR_FLAT?(__OPTION_SETTING_S_Start + 0xcc):__OPTION_SETTING_S_Start
 *(.option_setting_bps_sel3)
                0x80000000                __OPTION_SETTING_S_End = .
                0x80000000                __tz_OPTION_SETTING_S_N = __OPTION_SETTING_S_End
OUTPUT(COMMUNICATION_WITH_PC.elf elf32-littlearm)
LOAD linker stubs

.ARM.attributes
                0x00000000       0x30
 .ARM.attributes
                0x00000000       0x1e c:/renesas/ra/e2studio_v2023-01_fsp_v4.3.0/toolchains/gcc_arm/gcc-arm-none-eabi-10.3-2021.10/bin/../lib/gcc/arm-none-eabi/10.3.1/thumb/v7e-m+fp/hard/crti.o
 .ARM.attributes
                0x0000001e       0x34 c:/renesas/ra/e2studio_v2023-01_fsp_v4.3.0/toolchains/gcc_arm/gcc-arm-none-eabi-10.3-2021.10/bin/../lib/gcc/arm-none-eabi/10.3.1/thumb/v7e-m+fp/hard/crtbegin.o
 .ARM.attributes
                0x00000052       0x34 ./src/RTT/SEGGER_RTT.o
 .ARM.attributes
                0x00000086       0x34 ./src/hal_entry.o
 .ARM.attributes
                0x000000ba       0x34 ./ra_gen/common_data.o
 .ARM.attributes
                0x000000ee       0x34 ./ra_gen/main.o
 .ARM.attributes
                0x00000122       0x34 ./ra_gen/pin_data.o
 .ARM.attributes
                0x00000156       0x34 ./ra/fsp/src/r_ioport/r_ioport.o
 .ARM.attributes
                0x0000018a       0x34 ./ra/fsp/src/bsp/mcu/all/bsp_clocks.o
 .ARM.attributes
                0x000001be       0x34 ./ra/fsp/src/bsp/mcu/all/bsp_common.o
 .ARM.attributes
                0x000001f2       0x34 ./ra/fsp/src/bsp/mcu/all/bsp_delay.o
 .ARM.attributes
                0x00000226       0x34 ./ra/fsp/src/bsp/mcu/all/bsp_group_irq.o
 .ARM.attributes
                0x0000025a       0x34 ./ra/fsp/src/bsp/mcu/all/bsp_io.o
 .ARM.attributes
                0x0000028e       0x34 ./ra/fsp/src/bsp/mcu/all/bsp_irq.o
 .ARM.attributes
                0x000002c2       0x34 ./ra/fsp/src/bsp/mcu/all/bsp_register_protection.o
 .ARM.attributes
                0x000002f6       0x34 ./ra/fsp/src/bsp/mcu/all/bsp_rom_registers.o
 .ARM.attributes
                0x0000032a       0x34 ./ra/fsp/src/bsp/cmsis/Device/RENESAS/Source/startup.o
 .ARM.attributes
                0x0000035e       0x34 ./ra/fsp/src/bsp/cmsis/Device/RENESAS/Source/system.o
 .ARM.attributes
                0x00000392       0x34 ./ra/board/ra6m2_ek/board_init.o
 .ARM.attributes
                0x000003c6       0x34 c:/renesas/ra/e2studio_v2023-01_fsp_v4.3.0/toolchains/gcc_arm/gcc-arm-none-eabi-10.3-2021.10/bin/../lib/gcc/arm-none-eabi/10.3.1/../../../../arm-none-eabi/lib/thumb/v7e-m+fp/hard\libg_nano.a(lib_a-memcpy-stub.o)
 .ARM.attributes
                0x000003fa       0x34 c:/renesas/ra/e2studio_v2023-01_fsp_v4.3.0/toolchains/gcc_arm/gcc-arm-none-eabi-10.3-2021.10/bin/../lib/gcc/arm-none-eabi/10.3.1/../../../../arm-none-eabi/lib/thumb/v7e-m+fp/hard\libg_nano.a(lib_a-memset.o)
 .ARM.attributes
                0x0000042e       0x17 c:/renesas/ra/e2studio_v2023-01_fsp_v4.3.0/toolchains/gcc_arm/gcc-arm-none-eabi-10.3-2021.10/bin/../lib/gcc/arm-none-eabi/10.3.1/../../../../arm-none-eabi/lib/thumb/v7e-m+fp/hard\libg_nano.a(lib_a-strlen.o)
 .ARM.attributes
                0x00000445       0x34 c:/renesas/ra/e2studio_v2023-01_fsp_v4.3.0/toolchains/gcc_arm/gcc-arm-none-eabi-10.3-2021.10/bin/../lib/gcc/arm-none-eabi/10.3.1/thumb/v7e-m+fp/hard/crtend.o
 .ARM.attributes
                0x00000479       0x1e c:/renesas/ra/e2studio_v2023-01_fsp_v4.3.0/toolchains/gcc_arm/gcc-arm-none-eabi-10.3-2021.10/bin/../lib/gcc/arm-none-eabi/10.3.1/thumb/v7e-m+fp/hard/crtn.o

.comment        0x00000000       0x49
 .comment       0x00000000       0x49 ./src/RTT/SEGGER_RTT.o
                                 0x4a (size before relaxing)
 .comment       0x00000049       0x4a ./src/hal_entry.o
 .comment       0x00000049       0x4a ./ra_gen/common_data.o
 .comment       0x00000049       0x4a ./ra_gen/main.o
 .comment       0x00000049       0x4a ./ra_gen/pin_data.o
 .comment       0x00000049       0x4a ./ra/fsp/src/r_ioport/r_ioport.o
 .comment       0x00000049       0x4a ./ra/fsp/src/bsp/mcu/all/bsp_clocks.o
 .comment       0x00000049       0x4a ./ra/fsp/src/bsp/mcu/all/bsp_common.o
 .comment       0x00000049       0x4a ./ra/fsp/src/bsp/mcu/all/bsp_delay.o
 .comment       0x00000049       0x4a ./ra/fsp/src/bsp/mcu/all/bsp_group_irq.o
 .comment       0x00000049       0x4a ./ra/fsp/src/bsp/mcu/all/bsp_io.o
 .comment       0x00000049       0x4a ./ra/fsp/src/bsp/mcu/all/bsp_irq.o
 .comment       0x00000049       0x4a ./ra/fsp/src/bsp/mcu/all/bsp_register_protection.o
 .comment       0x00000049       0x4a ./ra/fsp/src/bsp/mcu/all/bsp_rom_registers.o
 .comment       0x00000049       0x4a ./ra/fsp/src/bsp/cmsis/Device/RENESAS/Source/startup.o
 .comment       0x00000049       0x4a ./ra/fsp/src/bsp/cmsis/Device/RENESAS/Source/system.o
 .comment       0x00000049       0x4a ./ra/board/ra6m2_ek/board_init.o

.debug_info     0x00000000    0x1b45c
 .debug_info    0x00000000     0x22e0 ./src/RTT/SEGGER_RTT.o
 .debug_info    0x000022e0     0x1420 ./src/hal_entry.o
 .debug_info    0x00003700     0x1207 ./ra_gen/common_data.o
 .debug_info    0x00004907       0xa3 ./ra_gen/main.o
 .debug_info    0x000049aa      0xa07 ./ra_gen/pin_data.o
 .debug_info    0x000053b1     0x7f8f ./ra/fsp/src/r_ioport/r_ioport.o
 .debug_info    0x0000d340     0x5c50 ./ra/fsp/src/bsp/mcu/all/bsp_clocks.o
 .debug_info    0x00012f90      0x916 ./ra/fsp/src/bsp/mcu/all/bsp_common.o
 .debug_info    0x000138a6      0x1c1 ./ra/fsp/src/bsp/mcu/all/bsp_delay.o
 .debug_info    0x00013a67     0x13d8 ./ra/fsp/src/bsp/mcu/all/bsp_group_irq.o
 .debug_info    0x00014e3f       0xa3 ./ra/fsp/src/bsp/mcu/all/bsp_io.o
 .debug_info    0x00014ee2     0x1477 ./ra/fsp/src/bsp/mcu/all/bsp_irq.o
 .debug_info    0x00016359     0x3cf1 ./ra/fsp/src/bsp/mcu/all/bsp_register_protection.o
 .debug_info    0x0001a04a       0xd6 ./ra/fsp/src/bsp/mcu/all/bsp_rom_registers.o
 .debug_info    0x0001a120      0x141 ./ra/fsp/src/bsp/cmsis/Device/RENESAS/Source/startup.o
 .debug_info    0x0001a261     0x1165 ./ra/fsp/src/bsp/cmsis/Device/RENESAS/Source/system.o
 .debug_info    0x0001b3c6       0x96 ./ra/board/ra6m2_ek/board_init.o

.debug_abbrev   0x00000000     0x1de7
 .debug_abbrev  0x00000000      0x373 ./src/RTT/SEGGER_RTT.o
 .debug_abbrev  0x00000373      0x227 ./src/hal_entry.o
 .debug_abbrev  0x0000059a      0x150 ./ra_gen/common_data.o
 .debug_abbrev  0x000006ea       0x66 ./ra_gen/main.o
 .debug_abbrev  0x00000750       0xdc ./ra_gen/pin_data.o
 .debug_abbrev  0x0000082c      0x43c ./ra/fsp/src/r_ioport/r_ioport.o
 .debug_abbrev  0x00000c68      0x429 ./ra/fsp/src/bsp/mcu/all/bsp_clocks.o
 .debug_abbrev  0x00001091      0x172 ./ra/fsp/src/bsp/mcu/all/bsp_common.o
 .debug_abbrev  0x00001203       0xf7 ./ra/fsp/src/bsp/mcu/all/bsp_delay.o
 .debug_abbrev  0x000012fa      0x254 ./ra/fsp/src/bsp/mcu/all/bsp_group_irq.o
 .debug_abbrev  0x0000154e       0x5e ./ra/fsp/src/bsp/mcu/all/bsp_io.o
 .debug_abbrev  0x000015ac      0x1ad ./ra/fsp/src/bsp/mcu/all/bsp_irq.o
 .debug_abbrev  0x00001759      0x277 ./ra/fsp/src/bsp/mcu/all/bsp_register_protection.o
 .debug_abbrev  0x000019d0       0x5f ./ra/fsp/src/bsp/mcu/all/bsp_rom_registers.o
 .debug_abbrev  0x00001a2f       0xe6 ./ra/fsp/src/bsp/cmsis/Device/RENESAS/Source/startup.o
 .debug_abbrev  0x00001b15      0x276 ./ra/fsp/src/bsp/cmsis/Device/RENESAS/Source/system.o
 .debug_abbrev  0x00001d8b       0x5c ./ra/board/ra6m2_ek/board_init.o

.debug_loc      0x00000000     0x47c9
 .debug_loc     0x00000000     0x301f ./src/RTT/SEGGER_RTT.o
 .debug_loc     0x0000301f       0x25 ./src/hal_entry.o
 .debug_loc     0x00003044      0xe4c ./ra/fsp/src/r_ioport/r_ioport.o
 .debug_loc     0x00003e90      0x4c0 ./ra/fsp/src/bsp/mcu/all/bsp_clocks.o
 .debug_loc     0x00004350       0x25 ./ra/fsp/src/bsp/mcu/all/bsp_common.o
 .debug_loc     0x00004375      0x201 ./ra/fsp/src/bsp/mcu/all/bsp_delay.o
 .debug_loc     0x00004576       0xaa ./ra/fsp/src/bsp/mcu/all/bsp_group_irq.o
 .debug_loc     0x00004620       0x3f ./ra/fsp/src/bsp/mcu/all/bsp_irq.o
 .debug_loc     0x0000465f      0x105 ./ra/fsp/src/bsp/mcu/all/bsp_register_protection.o
 .debug_loc     0x00004764       0x65 ./ra/fsp/src/bsp/cmsis/Device/RENESAS/Source/system.o

.debug_aranges  0x00000000      0x420
 .debug_aranges
                0x00000000      0x128 ./src/RTT/SEGGER_RTT.o
 .debug_aranges
                0x00000128       0x30 ./src/hal_entry.o
 .debug_aranges
                0x00000158       0x20 ./ra_gen/common_data.o
 .debug_aranges
                0x00000178       0x20 ./ra_gen/main.o
 .debug_aranges
                0x00000198       0x18 ./ra_gen/pin_data.o
 .debug_aranges
                0x000001b0       0x90 ./ra/fsp/src/r_ioport/r_ioport.o
 .debug_aranges
                0x00000240       0x78 ./ra/fsp/src/bsp/mcu/all/bsp_clocks.o
 .debug_aranges
                0x000002b8       0x30 ./ra/fsp/src/bsp/mcu/all/bsp_common.o
 .debug_aranges
                0x000002e8       0x28 ./ra/fsp/src/bsp/mcu/all/bsp_delay.o
 .debug_aranges
                0x00000310       0x28 ./ra/fsp/src/bsp/mcu/all/bsp_group_irq.o
 .debug_aranges
                0x00000338       0x18 ./ra/fsp/src/bsp/mcu/all/bsp_io.o
 .debug_aranges
                0x00000350       0x20 ./ra/fsp/src/bsp/mcu/all/bsp_irq.o
 .debug_aranges
                0x00000370       0x28 ./ra/fsp/src/bsp/mcu/all/bsp_register_protection.o
 .debug_aranges
                0x00000398       0x18 ./ra/fsp/src/bsp/mcu/all/bsp_rom_registers.o
 .debug_aranges
                0x000003b0       0x28 ./ra/fsp/src/bsp/cmsis/Device/RENESAS/Source/startup.o
 .debug_aranges
                0x000003d8       0x28 ./ra/fsp/src/bsp/cmsis/Device/RENESAS/Source/system.o
 .debug_aranges
                0x00000400       0x20 ./ra/board/ra6m2_ek/board_init.o

.debug_ranges   0x00000000      0xa08
 .debug_ranges  0x00000000      0x590 ./src/RTT/SEGGER_RTT.o
 .debug_ranges  0x00000590       0x40 ./src/hal_entry.o
 .debug_ranges  0x000005d0       0x10 ./ra_gen/common_data.o
 .debug_ranges  0x000005e0       0x10 ./ra_gen/main.o
 .debug_ranges  0x000005f0      0x138 ./ra/fsp/src/r_ioport/r_ioport.o
 .debug_ranges  0x00000728      0x1a8 ./ra/fsp/src/bsp/mcu/all/bsp_clocks.o
 .debug_ranges  0x000008d0       0x20 ./ra/fsp/src/bsp/mcu/all/bsp_common.o
 .debug_ranges  0x000008f0       0x18 ./ra/fsp/src/bsp/mcu/all/bsp_delay.o
 .debug_ranges  0x00000908       0x50 ./ra/fsp/src/bsp/mcu/all/bsp_group_irq.o
 .debug_ranges  0x00000958       0x28 ./ra/fsp/src/bsp/mcu/all/bsp_irq.o
 .debug_ranges  0x00000980       0x48 ./ra/fsp/src/bsp/mcu/all/bsp_register_protection.o
 .debug_ranges  0x000009c8       0x18 ./ra/fsp/src/bsp/cmsis/Device/RENESAS/Source/startup.o
 .debug_ranges  0x000009e0       0x18 ./ra/fsp/src/bsp/cmsis/Device/RENESAS/Source/system.o
 .debug_ranges  0x000009f8       0x10 ./ra/board/ra6m2_ek/board_init.o

.debug_line     0x00000000     0x547d
 .debug_line    0x00000000     0x192f ./src/RTT/SEGGER_RTT.o
 .debug_line    0x0000192f      0x445 ./src/hal_entry.o
 .debug_line    0x00001d74      0x356 ./ra_gen/common_data.o
 .debug_line    0x000020ca       0x5e ./ra_gen/main.o
 .debug_line    0x00002128      0x20c ./ra_gen/pin_data.o
 .debug_line    0x00002334      0xc12 ./ra/fsp/src/r_ioport/r_ioport.o
 .debug_line    0x00002f46      0xae4 ./ra/fsp/src/bsp/mcu/all/bsp_clocks.o
 .debug_line    0x00003a2a      0x2c1 ./ra/fsp/src/bsp/mcu/all/bsp_common.o
 .debug_line    0x00003ceb      0x2e1 ./ra/fsp/src/bsp/mcu/all/bsp_delay.o
 .debug_line    0x00003fcc      0x352 ./ra/fsp/src/bsp/mcu/all/bsp_group_irq.o
 .debug_line    0x0000431e      0x1b9 ./ra/fsp/src/bsp/mcu/all/bsp_io.o
 .debug_line    0x000044d7      0x318 ./ra/fsp/src/bsp/mcu/all/bsp_irq.o
 .debug_line    0x000047ef      0x408 ./ra/fsp/src/bsp/mcu/all/bsp_register_protection.o
 .debug_line    0x00004bf7      0x161 ./ra/fsp/src/bsp/mcu/all/bsp_rom_registers.o
 .debug_line    0x00004d58      0x23d ./ra/fsp/src/bsp/cmsis/Device/RENESAS/Source/startup.o
 .debug_line    0x00004f95      0x48e ./ra/fsp/src/bsp/cmsis/Device/RENESAS/Source/system.o
 .debug_line    0x00005423       0x5a ./ra/board/ra6m2_ek/board_init.o

.debug_str      0x00000000     0x927f
 .debug_str     0x00000000      0x66f ./src/RTT/SEGGER_RTT.o
                                0x6dd (size before relaxing)
 .debug_str     0x0000066f     0x3176 ./src/hal_entry.o
                               0x33b0 (size before relaxing)
 .debug_str     0x000037e5       0x47 ./ra_gen/common_data.o
                               0x3260 (size before relaxing)
 .debug_str     0x0000382c       0x16 ./ra_gen/main.o
                                0x1be (size before relaxing)
 .debug_str     0x00003842      0x648 ./ra_gen/pin_data.o
                               0x1d46 (size before relaxing)
 .debug_str     0x00003e8a     0x2244 ./ra/fsp/src/r_ioport/r_ioport.o
                               0x59f5 (size before relaxing)
 .debug_str     0x000060ce      0x7c1 ./ra/fsp/src/bsp/mcu/all/bsp_clocks.o
                               0x24d3 (size before relaxing)
 .debug_str     0x0000688f      0x112 ./ra/fsp/src/bsp/mcu/all/bsp_common.o
                               0x1b74 (size before relaxing)
 .debug_str     0x000069a1       0xbc ./ra/fsp/src/bsp/mcu/all/bsp_delay.o
                                0x2ed (size before relaxing)
 .debug_str     0x00006a5d      0x53a ./ra/fsp/src/bsp/mcu/all/bsp_group_irq.o
                               0x207f (size before relaxing)
 .debug_str     0x00006f97       0x23 ./ra/fsp/src/bsp/mcu/all/bsp_io.o
                                0x1ed (size before relaxing)
 .debug_str     0x00006fba     0x1ff5 ./ra/fsp/src/bsp/mcu/all/bsp_irq.o
                               0x25fc (size before relaxing)
 .debug_str     0x00008faf       0x88 ./ra/fsp/src/bsp/mcu/all/bsp_register_protection.o
                               0x19d9 (size before relaxing)
 .debug_str     0x00009037       0x51 ./ra/fsp/src/bsp/mcu/all/bsp_rom_registers.o
                                0x203 (size before relaxing)
 .debug_str     0x00009088       0x82 ./ra/fsp/src/bsp/cmsis/Device/RENESAS/Source/startup.o
                                0x237 (size before relaxing)
 .debug_str     0x0000910a      0x153 ./ra/fsp/src/bsp/cmsis/Device/RENESAS/Source/system.o
                                0x8a4 (size before relaxing)
 .debug_str     0x0000925d       0x22 ./ra/board/ra6m2_ek/board_init.o
                                0x1d0 (size before relaxing)

.debug_frame    0x00000000      0x99c
 .debug_frame   0x00000000      0x440 ./src/RTT/SEGGER_RTT.o
 .debug_frame   0x00000440       0x58 ./src/hal_entry.o
 .debug_frame   0x00000498       0x20 ./ra_gen/common_data.o
 .debug_frame   0x000004b8       0x28 ./ra_gen/main.o
 .debug_frame   0x000004e0      0x178 ./ra/fsp/src/r_ioport/r_ioport.o
 .debug_frame   0x00000658      0x12c ./ra/fsp/src/bsp/mcu/all/bsp_clocks.o
 .debug_frame   0x00000784       0x40 ./ra/fsp/src/bsp/mcu/all/bsp_common.o
 .debug_frame   0x000007c4       0x44 ./ra/fsp/src/bsp/mcu/all/bsp_delay.o
 .debug_frame   0x00000808       0x3c ./ra/fsp/src/bsp/mcu/all/bsp_group_irq.o
 .debug_frame   0x00000844       0x2c ./ra/fsp/src/bsp/mcu/all/bsp_irq.o
 .debug_frame   0x00000870       0x48 ./ra/fsp/src/bsp/mcu/all/bsp_register_protection.o
 .debug_frame   0x000008b8       0x38 ./ra/fsp/src/bsp/cmsis/Device/RENESAS/Source/startup.o
 .debug_frame   0x000008f0       0x44 ./ra/fsp/src/bsp/cmsis/Device/RENESAS/Source/system.o
 .debug_frame   0x00000934       0x20 ./ra/board/ra6m2_ek/board_init.o
 .debug_frame   0x00000954       0x28 c:/renesas/ra/e2studio_v2023-01_fsp_v4.3.0/toolchains/gcc_arm/gcc-arm-none-eabi-10.3-2021.10/bin/../lib/gcc/arm-none-eabi/10.3.1/../../../../arm-none-eabi/lib/thumb/v7e-m+fp/hard\libg_nano.a(lib_a-memcpy-stub.o)
 .debug_frame   0x0000097c       0x20 c:/renesas/ra/e2studio_v2023-01_fsp_v4.3.0/toolchains/gcc_arm/gcc-arm-none-eabi-10.3-2021.10/bin/../lib/gcc/arm-none-eabi/10.3.1/../../../../arm-none-eabi/lib/thumb/v7e-m+fp/hard\libg_nano.a(lib_a-memset.o)
