Archive member included to satisfy reference by file (symbol)

c:/renesas/ra/e2studio_v2023-01_fsp_v4.3.0/toolchains/gcc_arm/gcc-arm-none-eabi-10.3-2021.10/bin/../lib/gcc/arm-none-eabi/10.3.1/thumb/v7e-m+fp/hard\libgcc.a(_arm_muldf3.o)
                              ./src/calculate.o (__aeabi_dmul)
c:/renesas/ra/e2studio_v2023-01_fsp_v4.3.0/toolchains/gcc_arm/gcc-arm-none-eabi-10.3-2021.10/bin/../lib/gcc/arm-none-eabi/10.3.1/thumb/v7e-m+fp/hard\libgcc.a(_arm_addsubdf3.o)
                              ./src/calculate.o (__aeabi_i2d)
c:/renesas/ra/e2studio_v2023-01_fsp_v4.3.0/toolchains/gcc_arm/gcc-arm-none-eabi-10.3-2021.10/bin/../lib/gcc/arm-none-eabi/10.3.1/thumb/v7e-m+fp/hard\libgcc.a(_arm_fixdfsi.o)
                              ./src/calculate.o (__aeabi_d2iz)
c:/renesas/ra/e2studio_v2023-01_fsp_v4.3.0/toolchains/gcc_arm/gcc-arm-none-eabi-10.3-2021.10/bin/../lib/gcc/arm-none-eabi/10.3.1/thumb/v7e-m+fp/hard\libgcc.a(_aeabi_ldivmod.o)
                              ./ra/fsp/src/r_sci_uart/r_sci_uart.o (__aeabi_ldivmod)
c:/renesas/ra/e2studio_v2023-01_fsp_v4.3.0/toolchains/gcc_arm/gcc-arm-none-eabi-10.3-2021.10/bin/../lib/gcc/arm-none-eabi/10.3.1/thumb/v7e-m+fp/hard\libgcc.a(_aeabi_uldivmod.o)
                              ./src/calculate.o (__aeabi_uldivmod)
c:/renesas/ra/e2studio_v2023-01_fsp_v4.3.0/toolchains/gcc_arm/gcc-arm-none-eabi-10.3-2021.10/bin/../lib/gcc/arm-none-eabi/10.3.1/thumb/v7e-m+fp/hard\libgcc.a(_fixunsdfdi.o)
                              ./src/calculate.o (__aeabi_d2ulz)
c:/renesas/ra/e2studio_v2023-01_fsp_v4.3.0/toolchains/gcc_arm/gcc-arm-none-eabi-10.3-2021.10/bin/../lib/gcc/arm-none-eabi/10.3.1/thumb/v7e-m+fp/hard\libgcc.a(_udivmoddi4.o)
                              c:/renesas/ra/e2studio_v2023-01_fsp_v4.3.0/toolchains/gcc_arm/gcc-arm-none-eabi-10.3-2021.10/bin/../lib/gcc/arm-none-eabi/10.3.1/thumb/v7e-m+fp/hard\libgcc.a(_aeabi_ldivmod.o) (__udivmoddi4)
c:/renesas/ra/e2studio_v2023-01_fsp_v4.3.0/toolchains/gcc_arm/gcc-arm-none-eabi-10.3-2021.10/bin/../lib/gcc/arm-none-eabi/10.3.1/thumb/v7e-m+fp/hard\libgcc.a(_dvmd_tls.o)
                              c:/renesas/ra/e2studio_v2023-01_fsp_v4.3.0/toolchains/gcc_arm/gcc-arm-none-eabi-10.3-2021.10/bin/../lib/gcc/arm-none-eabi/10.3.1/thumb/v7e-m+fp/hard\libgcc.a(_aeabi_ldivmod.o) (__aeabi_ldiv0)
c:/renesas/ra/e2studio_v2023-01_fsp_v4.3.0/toolchains/gcc_arm/gcc-arm-none-eabi-10.3-2021.10/bin/../lib/gcc/arm-none-eabi/10.3.1/thumb/v7e-m+fp/hard\libgcc.a(_arm_fixunsdfsi.o)
                              c:/renesas/ra/e2studio_v2023-01_fsp_v4.3.0/toolchains/gcc_arm/gcc-arm-none-eabi-10.3-2021.10/bin/../lib/gcc/arm-none-eabi/10.3.1/thumb/v7e-m+fp/hard\libgcc.a(_fixunsdfdi.o) (__aeabi_d2uiz)
c:/renesas/ra/e2studio_v2023-01_fsp_v4.3.0/toolchains/gcc_arm/gcc-arm-none-eabi-10.3-2021.10/bin/../lib/gcc/arm-none-eabi/10.3.1/../../../../arm-none-eabi/lib/thumb/v7e-m+fp/hard\libg_nano.a(lib_a-errno.o)
                              ./ra/fsp/src/bsp/mcu/all/bsp_sbrk.o (__errno)
c:/renesas/ra/e2studio_v2023-01_fsp_v4.3.0/toolchains/gcc_arm/gcc-arm-none-eabi-10.3-2021.10/bin/../lib/gcc/arm-none-eabi/10.3.1/../../../../arm-none-eabi/lib/thumb/v7e-m+fp/hard\libg_nano.a(lib_a-exit.o)
                              c:/renesas/ra/e2studio_v2023-01_fsp_v4.3.0/toolchains/gcc_arm/gcc-arm-none-eabi-10.3-2021.10/bin/../lib/gcc/arm-none-eabi/10.3.1/../../../../arm-none-eabi/lib/thumb/v7e-m+fp/hard/rdimon-crt0.o (exit)
c:/renesas/ra/e2studio_v2023-01_fsp_v4.3.0/toolchains/gcc_arm/gcc-arm-none-eabi-10.3-2021.10/bin/../lib/gcc/arm-none-eabi/10.3.1/../../../../arm-none-eabi/lib/thumb/v7e-m+fp/hard\libg_nano.a(lib_a-impure.o)
                              c:/renesas/ra/e2studio_v2023-01_fsp_v4.3.0/toolchains/gcc_arm/gcc-arm-none-eabi-10.3-2021.10/bin/../lib/gcc/arm-none-eabi/10.3.1/../../../../arm-none-eabi/lib/thumb/v7e-m+fp/hard\libg_nano.a(lib_a-exit.o) (_global_impure_ptr)
c:/renesas/ra/e2studio_v2023-01_fsp_v4.3.0/toolchains/gcc_arm/gcc-arm-none-eabi-10.3-2021.10/bin/../lib/gcc/arm-none-eabi/10.3.1/../../../../arm-none-eabi/lib/thumb/v7e-m+fp/hard\libg_nano.a(lib_a-init.o)
                              c:/renesas/ra/e2studio_v2023-01_fsp_v4.3.0/toolchains/gcc_arm/gcc-arm-none-eabi-10.3-2021.10/bin/../lib/gcc/arm-none-eabi/10.3.1/../../../../arm-none-eabi/lib/thumb/v7e-m+fp/hard/rdimon-crt0.o (__libc_init_array)
c:/renesas/ra/e2studio_v2023-01_fsp_v4.3.0/toolchains/gcc_arm/gcc-arm-none-eabi-10.3-2021.10/bin/../lib/gcc/arm-none-eabi/10.3.1/../../../../arm-none-eabi/lib/thumb/v7e-m+fp/hard\libg_nano.a(lib_a-memcpy-stub.o)
                              ./src/smith_prothocol.o (memcpy)
c:/renesas/ra/e2studio_v2023-01_fsp_v4.3.0/toolchains/gcc_arm/gcc-arm-none-eabi-10.3-2021.10/bin/../lib/gcc/arm-none-eabi/10.3.1/../../../../arm-none-eabi/lib/thumb/v7e-m+fp/hard\libg_nano.a(lib_a-memset.o)
[...]
Memory Configuration

Name             Origin             Length             Attributes
ITCM             0x00000000         0x00000000         xr
DTCM             0x00000000         0x00000000         xrw
FLASH            0x00000000         0x00100000         xr
RAM              0x1ffe0000         0x00060000         xrw
DATA_FLASH       0x40100000         0x00008000         xr
QSPI_FLASH       0x60000000         0x04000000         xr
OSPI_DEVICE_0    0x80020000         0x00000000         xr
OSPI_DEVICE_1    0x80030000         0x00000000         xr
OSPI_DEVICE_0_RAM 0x80020000         0x00000000         xrw
OSPI_DEVICE_1_RAM 0x80030000         0x00000000         xrw
SDRAM            0x90000000         0x08000000         xrw
OPTION_SETTING   0x00000000         0x00000000         r
OPTION_SETTING_OFS 0x00000000         0x00000018         r
OPTION_SETTING_SAS 0x00000034         0xffffffcc         r
OPTION_SETTING_S 0x80000000         0x00000000         r
ID_CODE          0x0100a150         0x00000010         xr
*default*        0x00000000         0xffffffff

Linker script and memory map

LOAD c:/renesas/ra/e2studio_v2023-01_fsp_v4.3.0/toolchains/gcc_arm/gcc-arm-none-eabi-10.3-2021.10/bin/../lib/gcc/arm-none-eabi/10.3.1/thumb/v7e-m+fp/hard/crti.o
LOAD c:/renesas/ra/e2studio_v2023-01_fsp_v4.3.0/toolchains/gcc_arm/gcc-arm-none-eabi-10.3-2021.10/bin/../lib/gcc/arm-none-eabi/10.3.1/thumb/v7e-m+fp/hard/crtbegin.o
LOAD c:/renesas/ra/e2studio_v2023-01_fsp_v4.3.0/toolchains/gcc_arm/gcc-arm-none-eabi-10.3-2021.10/bin/../lib/gcc/arm-none-eabi/10.3.1/../../../../arm-none-eabi/lib/thumb/v7e-m+fp/hard/rdimon-crt0.o
START GROUP
LOAD ./src/calculate.o
LOAD ./src/hal_entry.o
LOAD ./src/smith_prothocol.o
LOAD ./src/timer_code.o
LOAD ./src/uart_codes.o
LOAD ./ra_gen/common_data.o
LOAD ./ra_gen/hal_data.o
LOAD ./ra_gen/main.o
LOAD ./ra_gen/pin_data.o
LOAD ./ra_gen/vector_data.o
LOAD ./ra/fsp/src/r_sci_uart/r_sci_uart.o
LOAD ./ra/fsp/src/r_ioport/r_ioport.o
LOAD ./ra/fsp/src/r_gpt/r_gpt.o
LOAD ./ra/fsp/src/bsp/mcu/all/bsp_clocks.o
LOAD ./ra/fsp/src/bsp/mcu/all/bsp_common.o
LOAD ./ra/fsp/src/bsp/mcu/all/bsp_delay.o
LOAD ./ra/fsp/src/bsp/mcu/all/bsp_group_irq.o
LOAD ./ra/fsp/src/bsp/mcu/all/bsp_guard.o
LOAD ./ra/fsp/src/bsp/mcu/all/bsp_io.o
LOAD ./ra/fsp/src/bsp/mcu/all/bsp_irq.o
LOAD ./ra/fsp/src/bsp/mcu/all/bsp_register_protection.o
LOAD ./ra/fsp/src/bsp/mcu/all/bsp_rom_registers.o
LOAD ./ra/fsp/src/bsp/mcu/all/bsp_sbrk.o
LOAD ./ra/fsp/src/bsp/mcu/all/bsp_security.o
LOAD ./ra/fsp/src/bsp/cmsis/Device/RENESAS/Source/startup.o
LOAD ./ra/fsp/src/bsp/cmsis/Device/RENESAS/Source/system.o
LOAD ./ra/board/ra6m2_ek/board_init.o
LOAD ./ra/board/ra6m2_ek/board_leds.o
END GROUP
START GROUP
LOAD c:/renesas/ra/e2studio_v2023-01_fsp_v4.3.0/toolchains/gcc_arm/gcc-arm-none-eabi-10.3-2021.10/bin/../lib/gcc/arm-none-eabi/10.3.1/thumb/v7e-m+fp/hard\libgcc.a
LOAD c:/renesas/ra/e2studio_v2023-01_fsp_v4.3.0/toolchains/gcc_arm/gcc-arm-none-eabi-10.3-2021.10/bin/../lib/gcc/arm-none-eabi/10.3.1/../../../../arm-none-eabi/lib/thumb/v7e-m+fp/hard\libg_nano.a
LOAD c:/renesas/ra/e2studio_v2023-01_fsp_v4.3.0/toolchains/gcc_arm/gcc-arm-none-eabi-10.3-2021.10/bin/../lib/gcc/arm-none-eabi/10.3.1/../../../../arm-none-eabi/lib/thumb/v7e-m+fp/hard\libc_nano.a
END GROUP
START GROUP
LOAD c:/renesas/ra/e2studio_v2023-01_fsp_v4.3.0/toolchains/gcc_arm/gcc-arm-none-eabi-10.3-2021.10/bin/../lib/gcc/arm-none-eabi/10.3.1/thumb/v7e-m+fp/hard\libgcc.a
LOAD c:/renesas/ra/e2studio_v2023-01_fsp_v4.3.0/toolchains/gcc_arm/gcc-arm-none-eabi-10.3-2021.10/bin/../lib/gcc/arm-none-eabi/10.3.1/../../../../arm-none-eabi/lib/thumb/v7e-m+fp/hard\libc_nano.a
LOAD c:/renesas/ra/e2studio_v2023-01_fsp_v4.3.0/toolchains/gcc_arm/gcc-arm-none-eabi-10.3-2021.10/bin/../lib/gcc/arm-none-eabi/10.3.1/../../../../arm-none-eabi/lib/thumb/v7e-m+fp/hard\librdimon_nano.a
END GROUP
START GROUP
LOAD c:/renesas/ra/e2studio_v2023-01_fsp_v4.3.0/toolchains/gcc_arm/gcc-arm-none-eabi-10.3-2021.10/bin/../lib/gcc/arm-none-eabi/10.3.1/thumb/v7e-m+fp/hard\libgcc.a
LOAD c:/renesas/ra/e2studio_v2023-01_fsp_v4.3.0/toolchains/gcc_arm/gcc-arm-none-eabi-10.3-2021.10/bin/../lib/gcc/arm-none-eabi/10.3.1/../../../../arm-none-eabi/lib/thumb/v7e-m+fp/hard\libc_nano.a
LOAD c:/renesas/ra/e2studio_v2023-01_fsp_v4.3.0/toolchains/gcc_arm/gcc-arm-none-eabi-10.3-2021.10/bin/../lib/gcc/arm-none-eabi/10.3.1/../../../../arm-none-eabi/lib/thumb/v7e-m+fp/hard\librdimon_nano.a
END GROUP
LOAD c:/renesas/ra/e2studio_v2023-01_fsp_v4.3.0/toolchains/gcc_arm/gcc-arm-none-eabi-10.3-2021.10/bin/../lib/gcc/arm-none-eabi/10.3.1/thumb/v7e-m+fp/hard/crtend.o
LOAD c:/renesas/ra/e2studio_v2023-01_fsp_v4.3.0/toolchains/gcc_arm/gcc-arm-none-eabi-10.3-2021.10/bin/../lib/gcc/arm-none-eabi/10.3.1/thumb/v7e-m+fp/hard/crtn.o
                0x1ffe0000                RAM_START = 0x1ffe0000
                0x00060000                RAM_LENGTH = 0x60000
                0x00000000                FLASH_START = 0x0
                0x00100000                FLASH_LENGTH = 0x100000
                0x40100000                DATA_FLASH_START = 0x40100000
                0x00008000                DATA_FLASH_LENGTH = 0x8000
                0x00000000                OPTION_SETTING_START = 0x0
                0x00000000                OPTION_SETTING_LENGTH = 0x0
                0x80000000                OPTION_SETTING_S_START = 0x80000000
                0x00000000                OPTION_SETTING_S_LENGTH = 0x0
                0x0100a150                ID_CODE_START = 0x100a150
                0x00000010                ID_CODE_LENGTH = 0x10
                0x90000000                SDRAM_START = 0x90000000
                0x08000000                SDRAM_LENGTH = 0x8000000
                0x60000000                QSPI_FLASH_START = 0x60000000
                0x04000000                QSPI_FLASH_LENGTH = 0x4000000
                0x80020000                OSPI_DEVICE_0_START = 0x80020000
                0x00000000                OSPI_DEVICE_0_LENGTH = 0x0
                0x80030000                OSPI_DEVICE_1_START = 0x80030000
                0x00000000                OSPI_DEVICE_1_LENGTH = 0x0
                0x04000000                QSPI_FLASH_PRV_LENGTH = DEFINED (QSPI_FLASH_SIZE)?ABSOLUTE (QSPI_FLASH_SIZE):ABSOLUTE (QSPI_FLASH_LENGTH)
                0x00000000                OSPI_DEVICE_0_PRV_LENGTH = DEFINED (OSPI_DEVICE_0_SIZE)?ABSOLUTE (OSPI_DEVICE_0_SIZE):ABSOLUTE (OSPI_DEVICE_0_LENGTH)
                0x00000000                OSPI_DEVICE_1_PRV_LENGTH = DEFINED (OSPI_DEVICE_1_SIZE)?ABSOLUTE (OSPI_DEVICE_1_SIZE):ABSOLUTE (OSPI_DEVICE_1_LENGTH)
                0x00000000                __RESERVE_NS_RAM = ((! (DEFINED (PROJECT_NONSECURE)) && DEFINED (RAM_NS_BUFFER_LENGTH)) && (OPTION_SETTING_S_LENGTH != 0x0))
                0x00000000                ITCM_START = DEFINED (ITCM_START)?ITCM_START:0x0
                0x00000000                ITCM_LENGTH = DEFINED (ITCM_LENGTH)?ITCM_LENGTH:0x0
                0x00000000                DTCM_START = DEFINED (DTCM_START)?DTCM_START:0x0
                0x00000000                DTCM_LENGTH = DEFINED (DTCM_LENGTH)?DTCM_LENGTH:0x0
                0x00000000                NS_OFFSET_START = DEFINED (NS_OFFSET_START)?NS_OFFSET_START:0x0
                0x00000000                NS_IMAGE_OFFSET = DEFINED (PROJECT_NONSECURE)?NS_OFFSET_START:0x0
                0x00000000                RAM_NS_BUFFER_BLOCK_LENGTH = DEFINED (RAM_NS_BUFFER_LENGTH)?ALIGN (RAM_NS_BUFFER_LENGTH, 0x2000):0x0
                0x00000000                RAM_NS_BUFFER_LENGTH = DEFINED (RAM_NS_BUFFER_LENGTH)?RAM_NS_BUFFER_LENGTH:0x0
                0x20040000                RAM_NS_BUFFER_START = ((RAM_START + RAM_LENGTH) - RAM_NS_BUFFER_LENGTH)
                0x20040000                RAM_NS_BUFFER_BLOCK_START = ((RAM_START + RAM_LENGTH) - RAM_NS_BUFFER_BLOCK_LENGTH)
                0x00000080                OPTION_SETTING_START_NS = DEFINED (PROJECT_NONSECURE)?OPTION_SETTING_START:(OPTION_SETTING_START + 0x80)
                0x00000001                __bl_FSP_BOOTABLE_IMAGE = 0x1
                0x00000001                __bln_FSP_BOOTABLE_IMAGE = 0x1
                0x00000000                PROJECT_SECURE_OR_FLAT = (((! (DEFINED (PROJECT_NONSECURE)) || DEFINED (PROJECT_SECURE)) && OPTION_SETTING_LENGTH) && ! (DEFINED (FSP_BOOTABLE_IMAGE)))
                0x00000000                USE_OPTION_SETTING_NS = (DEFINED (PROJECT_NONSECURE) && ! (DEFINED (FSP_BOOTABLE_IMAGE)))
                0x00000000                __bl_FLASH_IMAGE_START = ! (DEFINED (FLASH_BOOTLOADER_LENGTH))?0x0:(FLASH_APPLICATION_IMAGE_NUMBER == 0x1)?(FLASH_BOOTLOADER_LENGTH + FLASH_BOOTLOADER_HEADER_LENGTH):(((FLASH_BOOTLOADER_LENGTH + FLASH_BOOTLOADER_SCRATCH_LENGTH) + FLASH_APPLICATION_S_LENGTH) + FLASH_BOOTLOADER_HEADER_LENGTH)
                0x00000000                __bl_FLASH_IMAGE_LENGTH = ! (DEFINED (FLASH_BOOTLOADER_LENGTH))?0x0:(FLASH_APPLICATION_S_LENGTH - FLASH_BOOTLOADER_HEADER_LENGTH)
                0x00000000                __bl_FLASH_IMAGE_END = (__bl_FLASH_IMAGE_START + __bl_FLASH_IMAGE_LENGTH)
                0x00000000                __bl_XIP_SECONDARY_FLASH_IMAGE_START = ! (DEFINED (FLASH_BOOTLOADER_LENGTH))?0x0:((FLASH_BOOTLOADER_LENGTH + FLASH_APPLICATION_S_LENGTH) + FLASH_BOOTLOADER_HEADER_LENGTH)
                0x00000000                __bl_XIP_SECONDARY_FLASH_IMAGE_END = (__bl_XIP_SECONDARY_FLASH_IMAGE_START + __bl_FLASH_IMAGE_LENGTH)
                0x00000000                __bl_FLASH_NS_START = ! (DEFINED (FLASH_BOOTLOADER_LENGTH))?0x0:(FLASH_APPLICATION_NS_LENGTH == 0x0)?__bl_FLASH_IMAGE_END:((__bl_FLASH_IMAGE_START - FLASH_BOOTLOADER_HEADER_LENGTH) + FLASH_APPLICATION_S_LENGTH)
                0x00000000                __bl_FLASH_NSC_START = ! (DEFINED (FLASH_BOOTLOADER_LENGTH))?0x0:(FLASH_APPLICATION_NS_LENGTH == 0x0)?__bl_FLASH_IMAGE_END:(__bl_FLASH_NS_START - FLASH_APPLICATION_NSC_LENGTH)
                0x00000000                __bl_RAM_NS_START = ! (DEFINED (FLASH_BOOTLOADER_LENGTH))?0x0:(FLASH_APPLICATION_NS_LENGTH == 0x0)?(RAM_START + RAM_LENGTH):((RAM_START + RAM_LENGTH) - RAM_APPLICATION_NS_LENGTH)
                0x00000000                __bl_RAM_NSC_START = ! (DEFINED (FLASH_BOOTLOADER_LENGTH))?0x0:(FLASH_APPLICATION_NS_LENGTH == 0x0)?(RAM_START + RAM_LENGTH):(__bl_RAM_NS_START - RAM_APPLICATION_NSC_LENGTH)
                0x00000000                __bl_FLASH_NS_IMAGE_START = ! (DEFINED (FLASH_BOOTLOADER_LENGTH))?0x0:(FLASH_APPLICATION_NS_LENGTH == 0x0)?__bl_FLASH_IMAGE_END:(__bl_FLASH_NS_START + FLASH_BOOTLOADER_HEADER_LENGTH_2)
                0x00000000                __bln_FLASH_IMAGE_START = __bl_FLASH_NS_IMAGE_START
                0x00000000                __bln_FLASH_IMAGE_LENGTH = ! (DEFINED (FLASH_BOOTLOADER_LENGTH))?0x0:(FLASH_APPLICATION_NS_LENGTH == 0x0)?__bl_FLASH_IMAGE_END:(FLASH_APPLICATION_NS_LENGTH - FLASH_BOOTLOADER_HEADER_LENGTH_2)
                0x00000000                XIP_SECONDARY_SLOT_IMAGE = DEFINED (XIP_SECONDARY_SLOT_IMAGE)?XIP_SECONDARY_SLOT_IMAGE:0x0
                0x00000000                FLASH_ORIGIN = ! (DEFINED (FLASH_IMAGE_START))?FLASH_START:(XIP_SECONDARY_SLOT_IMAGE == 0x1)?XIP_SECONDARY_FLASH_IMAGE_START:FLASH_IMAGE_START
                0x00100000                LIMITED_FLASH_LENGTH = DEFINED (FLASH_IMAGE_LENGTH)?FLASH_IMAGE_LENGTH:DEFINED (FLASH_BOOTLOADER_LENGTH)?FLASH_BOOTLOADER_LENGTH:FLASH_LENGTH
START GROUP
LOAD c:/renesas/ra/e2studio_v2023-01_fsp_v4.3.0/toolchains/gcc_arm/gcc-arm-none-eabi-10.3-2021.10/bin/../lib/gcc/arm-none-eabi/10.3.1/thumb/v7e-m+fp/hard\libgcc.a
LOAD c:/renesas/ra/e2studio_v2023-01_fsp_v4.3.0/toolchains/gcc_arm/gcc-arm-none-eabi-10.3-2021.10/bin/../lib/gcc/arm-none-eabi/10.3.1/../../../../arm-none-eabi/lib/thumb/v7e-m+fp/hard\libc.a
LOAD c:/renesas/ra/e2studio_v2023-01_fsp_v4.3.0/toolchains/gcc_arm/gcc-arm-none-eabi-10.3-2021.10/bin/../lib/gcc/arm-none-eabi/10.3.1/../../../../arm-none-eabi/lib/thumb/v7e-m+fp/hard\libm.a
LOAD c:/renesas/ra/e2studio_v2023-01_fsp_v4.3.0/toolchains/gcc_arm/gcc-arm-none-eabi-10.3-2021.10/bin/../lib/gcc/arm-none-eabi/10.3.1/../../../../arm-none-eabi/lib/thumb/v7e-m+fp/hard\libnosys.a
END GROUP

.itcm_data      0x00000000        0x0
                0x00000000                __tz_ITCM_S = ABSOLUTE (ITCM_START)
                0x00000000                __itcm_data_start__ = .
 *(.itcm_data*)
                0x00000000                __itcm_data_end__ = .
                0x00000000                __tz_ITCM_N = DEFINED (ITCM_NS_START)?ABSOLUTE (ITCM_NS_START):ALIGN (__itcm_data_end__, 0x2000)

.text           0x00000000     0x3cbc
                0x00000000                __tz_FLASH_S = ABSOLUTE (FLASH_START)
                0x00000000                __ROM_Start = .
 *(.fixed_vectors*)
 .fixed_vectors
                0x00000000       0x40 ./ra/fsp/src/bsp/cmsis/Device/RENESAS/Source/startup.o
                0x00000000                __Vectors
 *(.application_vectors*)
 .application_vectors
                0x00000040      0x180 ./ra_gen/vector_data.o
                0x00000040                g_vector_table
                0x000001c0                __Vectors_End = .
                0x00000400                . = (OPTION_SETTING_LENGTH > 0x0)?.:(__ROM_Start + 0x400)
 *fill*         0x000001c0      0x240 ff
 *(.rom_registers*)
 .rom_registers
                0x00000400       0x3c ./ra/fsp/src/bsp/mcu/all/bsp_rom_registers.o
                0x00000500                . = (OPTION_SETTING_LENGTH > 0x0)?.:(__ROM_Start + 0x500)
 *fill*         0x0000043c       0xc4 ff
                0x00000500                . = ALIGN (0x80)
 *(.mcuboot_sce9_key*)
 *(.text*)
 .text          0x00000500       0x40 c:/renesas/ra/e2studio_v2023-01_fsp_v4.3.0/toolchains/gcc_arm/gcc-arm-none-eabi-10.3-2021.10/bin/../lib/gcc/arm-none-eabi/10.3.1/thumb/v7e-m+fp/hard/crtbegin.o
 .text.array_to_int
                0x00000540       0x78 ./src/calculate.o
                0x00000540                array_to_int
 .text.hz_to_usec
                0x000005b8       0x2c ./src/calculate.o
                0x000005b8                hz_to_usec
 *fill*         0x000005e4        0x4 ff
 .text.debi_to_hertz
                0x000005e8       0x38 ./src/calculate.o
                0x000005e8                debi_to_hertz
 .text.R_BSP_WarmStart
                0x00000620       0x18 ./src/hal_entry.o
                0x00000620                R_BSP_WarmStart
 .text.uart_callback
                0x00000638        0x4 ./src/hal_entry.o
                0x00000638                uart_callback
 .text.ex_handle
                0x0000063c       0x1c ./src/hal_entry.o
                0x0000063c                ex_handle
 .text.hal_entry
                0x00000658      0x148 ./src/hal_entry.o
                0x00000658                hal_entry
 .text.ıs_lrc_valid
                0x000007a0       0x2c ./src/smith_prothocol.o
                0x000007a0                ıs_lrc_valid
 .text.create_command
                0x000007cc       0x6c ./src/smith_prothocol.o
                0x000007cc                create_command
 .text.split_lrc
                0x00000838       0x10 ./src/smith_prothocol.o
                0x00000838                split_lrc
 .text.convert_unsigned_char
                0x00000848       0x20 ./src/smith_prothocol.o
                0x00000848                convert_unsigned_char
 .text.convert_to_uint8
                0x00000868       0x30 ./src/smith_prothocol.o
                0x00000868                convert_to_uint8
 .text.get_salt_data
                0x00000898       0x28 ./src/smith_prothocol.o
                0x00000898                get_salt_data
 .text.check_smith_format
                0x000008c0       0x24 ./src/smith_prothocol.o
                0x000008c0                check_smith_format
 .text.get_meaningful_data
                0x000008e4       0x28 ./src/smith_prothocol.o
                0x000008e4                get_meaningful_data
 .text.q1_command_check
                0x0000090c       0x18 ./src/smith_prothocol.o
                0x0000090c                q1_command_check
 .text.set_command_size
                0x00000924       0x30 ./src/smith_prothocol.o
                0x00000924                set_command_size
 .text.period_calculate
                0x00000954       0x40 ./src/timer_code.o
                0x00000954                period_calculate
 .text.gpt_init
                0x00000994       0x28 ./src/timer_code.o
                0x00000994                gpt_init
 .text.gpt_update_period
                0x000009bc       0x18 ./src/timer_code.o
                0x000009bc                gpt_update_period
 .text.uart_init
                0x000009d4       0x1c ./src/uart_codes.o
                0x000009d4                uart_init
 .text.uart_write_banner
                0x000009f0       0x20 ./src/uart_codes.o
                0x000009f0                uart_write_banner
 .text.uart_read
                0x00000a10       0x1c ./src/uart_codes.o
                0x00000a10                uart_read
 .text.uart_write
                0x00000a2c       0x1c ./src/uart_codes.o
                0x00000a2c                uart_write
 .text.uart_stop
                0x00000a48       0x18 ./src/uart_codes.o
                0x00000a48                uart_stop
 .text.uart_start
                0x00000a60       0x18 ./src/uart_codes.o
                0x00000a60                uart_start
 .text.startup.main
                0x00000a78        0xc ./ra_gen/main.o
                0x00000a78                main
 .text.R_SCI_UART_Read
                0x00000a84        0x8 ./ra/fsp/src/r_sci_uart/r_sci_uart.o
                0x00000a84                R_SCI_UART_Read
 .text.R_SCI_UART_Write
                0x00000a8c       0xd0 ./ra/fsp/src/r_sci_uart/r_sci_uart.o
                0x00000a8c                R_SCI_UART_Write
 .text.r_sci_uart_call_callback
                0x00000b5c       0x44 ./ra/fsp/src/r_sci_uart/r_sci_uart.o
 .text.r_sci_negate_de_pin.isra.0
                0x00000ba0       0x8c ./ra/fsp/src/r_sci_uart/r_sci_uart.o
 .text.R_SCI_UART_Open
                0x00000c2c      0x360 ./ra/fsp/src/r_sci_uart/r_sci_uart.o
                0x00000c2c                R_SCI_UART_Open
 .text.sci_uart_txi_isr
                0x00000f8c       0x90 ./ra/fsp/src/r_sci_uart/r_sci_uart.o
                0x00000f8c                sci_uart_txi_isr
 .text.sci_uart_rxi_isr
                0x0000101c       0x90 ./ra/fsp/src/r_sci_uart/r_sci_uart.o
                0x0000101c                sci_uart_rxi_isr
 .text.sci_uart_tei_isr
                0x000010ac       0x50 ./ra/fsp/src/r_sci_uart/r_sci_uart.o
                0x000010ac                sci_uart_tei_isr
 .text.sci_uart_eri_isr
                0x000010fc       0x78 ./ra/fsp/src/r_sci_uart/r_sci_uart.o
                0x000010fc                sci_uart_eri_isr
 .text.R_IOPORT_Close
                0x00001174        0x8 ./ra/fsp/src/r_ioport/r_ioport.o
                0x00001174                R_IOPORT_Close
 .text.R_IOPORT_PinRead
                0x0000117c       0x1c ./ra/fsp/src/r_ioport/r_ioport.o
                0x0000117c                R_IOPORT_PinRead
 .text.R_IOPORT_PortRead
                0x00001198       0x14 ./ra/fsp/src/r_ioport/r_ioport.o
                0x00001198                R_IOPORT_PortRead
 .text.R_IOPORT_PortWrite
                0x000011ac       0x1c ./ra/fsp/src/r_ioport/r_ioport.o
                0x000011ac                R_IOPORT_PortWrite
 .text.R_IOPORT_PinWrite
                0x000011c8       0x20 ./ra/fsp/src/r_ioport/r_ioport.o
                0x000011c8                R_IOPORT_PinWrite
 .text.R_IOPORT_PortDirectionSet
                0x000011e8       0x28 ./ra/fsp/src/r_ioport/r_ioport.o
                0x000011e8                R_IOPORT_PortDirectionSet
 .text.R_IOPORT_PortEventInputRead
                0x00001210       0x18 ./ra/fsp/src/r_ioport/r_ioport.o
                0x00001210                R_IOPORT_PortEventInputRead
 .text.R_IOPORT_PinEventInputRead
                0x00001228       0x30 ./ra/fsp/src/r_ioport/r_ioport.o
                0x00001228                R_IOPORT_PinEventInputRead
 .text.R_IOPORT_PortEventOutputWrite
                0x00001258       0x1c ./ra/fsp/src/r_ioport/r_ioport.o
                0x00001258                R_IOPORT_PortEventOutputWrite
 .text.R_IOPORT_PinEventOutputWrite
                0x00001274       0x38 ./ra/fsp/src/r_ioport/r_ioport.o
                0x00001274                R_IOPORT_PinEventOutputWrite
 .text.bsp_vbatt_init
                0x000012ac      0x108 ./ra/fsp/src/r_ioport/r_ioport.o
 .text.r_ioport_pins_config
                0x000013b4       0xac ./ra/fsp/src/r_ioport/r_ioport.o
 .text.R_IOPORT_Open
                0x00001460       0x18 ./ra/fsp/src/r_ioport/r_ioport.o
                0x00001460                R_IOPORT_Open
 .text.R_IOPORT_PinsCfg
                0x00001478        0xc ./ra/fsp/src/r_ioport/r_ioport.o
                0x00001478                R_IOPORT_PinsCfg
 .text.R_IOPORT_PinCfg
                0x00001484       0xa8 ./ra/fsp/src/r_ioport/r_ioport.o
                0x00001484                R_IOPORT_PinCfg
 .text.R_GPT_Stop
                0x0000152c        0xc ./ra/fsp/src/r_gpt/r_gpt.o
                0x0000152c                R_GPT_Stop
 .text.R_GPT_Start
                0x00001538        0xc ./ra/fsp/src/r_gpt/r_gpt.o
                0x00001538                R_GPT_Start
 .text.R_GPT_PeriodSet
                0x00001544       0x30 ./ra/fsp/src/r_gpt/r_gpt.o
                0x00001544                R_GPT_PeriodSet
 .text.gpt_calculate_duty_cycle.isra.0
                0x00001574       0x64 ./ra/fsp/src/r_gpt/r_gpt.o
 .text.r_gpt_enable_irq
                0x000015d8       0x64 ./ra/fsp/src/r_gpt/r_gpt.o
 .text.R_GPT_Open
                0x0000163c      0x2a8 ./ra/fsp/src/r_gpt/r_gpt.o
                0x0000163c                R_GPT_Open
 .text.SystemCoreClockUpdate
                0x000018e4       0x28 ./ra/fsp/src/bsp/mcu/all/bsp_clocks.o
                0x000018e4                SystemCoreClockUpdate
 .text.bsp_clock_init
                0x0000190c      0x114 ./ra/fsp/src/bsp/mcu/all/bsp_clocks.o
                0x0000190c                bsp_clock_init
 .text.R_BSP_Init_RTC
                0x00001a20       0x9c ./ra/fsp/src/bsp/mcu/all/bsp_clocks.o
                0x00001a20                R_BSP_Init_RTC
 .text.bsp_prv_software_delay_loop
                0x00001abc        0xc ./ra/fsp/src/bsp/mcu/all/bsp_delay.o
                0x00001abc                bsp_prv_software_delay_loop
 .text.R_BSP_SoftwareDelay
                0x00001ac8       0x5c ./ra/fsp/src/bsp/mcu/all/bsp_delay.o
                0x00001ac8                R_BSP_SoftwareDelay
 .text.NMI_Handler
                0x00001b24       0x38 ./ra/fsp/src/bsp/mcu/all/bsp_group_irq.o
                0x00001b24                NMI_Handler
 .text.bsp_irq_cfg
                0x00001b5c       0x28 ./ra/fsp/src/bsp/mcu/all/bsp_irq.o
                0x00001b5c                bsp_irq_cfg
 .text.R_BSP_RegisterProtectEnable
                0x00001b84       0x60 ./ra/fsp/src/bsp/mcu/all/bsp_register_protection.o
                0x00001b84                R_BSP_RegisterProtectEnable
 .text.R_BSP_RegisterProtectDisable
                0x00001be4       0x54 ./ra/fsp/src/bsp/mcu/all/bsp_register_protection.o
                0x00001be4                R_BSP_RegisterProtectDisable
 .text.Default_Handler
                0x00001c38        0x4 ./ra/fsp/src/bsp/cmsis/Device/RENESAS/Source/startup.o
                0x00001c38                DebugMon_Handler
                0x00001c38                HardFault_Handler
                0x00001c38                SysTick_Handler
                0x00001c38                PendSV_Handler
                0x00001c38                UsageFault_Handler
                0x00001c38                SecureFault_Handler
                0x00001c38                Default_Handler
                0x00001c38                MemManage_Handler
                0x00001c38                SVC_Handler
                0x00001c38                BusFault_Handler
 .text.Reset_Handler
                0x00001c3c        0xc ./ra/fsp/src/bsp/cmsis/Device/RENESAS/Source/startup.o
                0x00001c3c                Reset_Handler
 .text.SystemInit
                0x00001c48       0xbc ./ra/fsp/src/bsp/cmsis/Device/RENESAS/Source/system.o
                0x00001c48                SystemInit
 .text.bsp_init
                0x00001d04        0x4 ./ra/board/ra6m2_ek/board_init.o
                0x00001d04                bsp_init
 .text          0x00001d08      0x378 c:/renesas/ra/e2studio_v2023-01_fsp_v4.3.0/toolchains/gcc_arm/gcc-arm-none-eabi-10.3-2021.10/bin/../lib/gcc/arm-none-eabi/10.3.1/thumb/v7e-m+fp/hard\libgcc.a(_arm_addsubdf3.o)
                0x00001d08                __aeabi_drsub
                0x00001d10                __aeabi_dsub
                0x00001d10                __subdf3
                0x00001d14                __aeabi_dadd
                0x00001d14                __adddf3
                0x00001f8c                __floatunsidf
                0x00001f8c                __aeabi_ui2d
                0x00001fac                __floatsidf
                0x00001fac                __aeabi_i2d
                0x00001fd0                __aeabi_f2d
                0x00001fd0                __extendsfdf2
                0x00002014                __floatundidf
                0x00002014                __aeabi_ul2d
                0x00002024                __floatdidf
                0x00002024                __aeabi_l2d
 .text          0x00002080       0x50 c:/renesas/ra/e2studio_v2023-01_fsp_v4.3.0/toolchains/gcc_arm/gcc-arm-none-eabi-10.3-2021.10/bin/../lib/gcc/arm-none-eabi/10.3.1/thumb/v7e-m+fp/hard\libgcc.a(_arm_fixdfsi.o)
                0x00002080                __aeabi_d2iz
                0x00002080                __fixdfsi
 .text          0x000020d0       0x30 c:/renesas/ra/e2studio_v2023-01_fsp_v4.3.0/toolchains/gcc_arm/gcc-arm-none-eabi-10.3-2021.10/bin/../lib/gcc/arm-none-eabi/10.3.1/thumb/v7e-m+fp/hard\libgcc.a(_aeabi_uldivmod.o)
                0x000020d0                __aeabi_uldivmod
 .text          0x00002100       0x3c c:/renesas/ra/e2studio_v2023-01_fsp_v4.3.0/toolchains/gcc_arm/gcc-arm-none-eabi-10.3-2021.10/bin/../lib/gcc/arm-none-eabi/10.3.1/thumb/v7e-m+fp/hard\libgcc.a(_fixunsdfdi.o)
                0x00002100                __fixunsdfdi
                0x00002100                __aeabi_d2ulz
 .text          0x0000213c      0x2d0 c:/renesas/ra/e2studio_v2023-01_fsp_v4.3.0/toolchains/gcc_arm/gcc-arm-none-eabi-10.3-2021.10/bin/../lib/gcc/arm-none-eabi/10.3.1/thumb/v7e-m+fp/hard\libgcc.a(_udivmoddi4.o)
                0x0000213c                __udivmoddi4
 .text          0x0000240c        0x4 c:/renesas/ra/e2studio_v2023-01_fsp_v4.3.0/toolchains/gcc_arm/gcc-arm-none-eabi-10.3-2021.10/bin/../lib/gcc/arm-none-eabi/10.3.1/thumb/v7e-m+fp/hard\libgcc.a(_dvmd_tls.o)
                0x0000240c                __aeabi_idiv0
                0x0000240c                __aeabi_ldiv0
 .text          0x00002410       0x40 c:/renesas/ra/e2studio_v2023-01_fsp_v4.3.0/toolchains/gcc_arm/gcc-arm-none-eabi-10.3-2021.10/bin/../lib/gcc/arm-none-eabi/10.3.1/thumb/v7e-m+fp/hard\libgcc.a(_arm_fixunsdfsi.o)
                0x00002410                __aeabi_d2uiz
                0x00002410                __fixunsdfsi
 .text.__errno  0x00002450        0xc c:/renesas/ra/e2studio_v2023-01_fsp_v4.3.0/toolchains/gcc_arm/gcc-arm-none-eabi-10.3-2021.10/bin/../lib/gcc/arm-none-eabi/10.3.1/../../../../arm-none-eabi/lib/thumb/v7e-m+fp/hard\libg_nano.a(lib_a-errno.o)
                0x00002450                __errno
 .text.memcpy   0x0000245c       0x1c c:/renesas/ra/e2studio_v2023-01_fsp_v4.3.0/toolchains/gcc_arm/gcc-arm-none-eabi-10.3-2021.10/bin/../lib/gcc/arm-none-eabi/10.3.1/../../../../arm-none-eabi/lib/thumb/v7e-m+fp/hard\libg_nano.a(lib_a-memcpy-stub.o)
                0x0000245c                memcpy
 .text.memset   0x00002478       0x10 c:/renesas/ra/e2studio_v2023-01_fsp_v4.3.0/toolchains/gcc_arm/gcc-arm-none-eabi-10.3-2021.10/bin/../lib/gcc/arm-none-eabi/10.3.1/../../../../arm-none-eabi/lib/thumb/v7e-m+fp/hard\libg_nano.a(lib_a-memset.o)
                0x00002478                memset
 .text.pow      0x00002488       0xf0 c:/renesas/ra/e2studio_v2023-01_fsp_v4.3.0/toolchains/gcc_arm/gcc-arm-none-eabi-10.3-2021.10/bin/../lib/gcc/arm-none-eabi/10.3.1/../../../../arm-none-eabi/lib/thumb/v7e-m+fp/hard\libm.a(lib_a-w_pow.o)
                0x00002488                pow
 .text.__ieee754_pow
                0x00002578      0xb74 c:/renesas/ra/e2studio_v2023-01_fsp_v4.3.0/toolchains/gcc_arm/gcc-arm-none-eabi-10.3-2021.10/bin/../lib/gcc/arm-none-eabi/10.3.1/../../../../arm-none-eabi/lib/thumb/v7e-m+fp/hard\libm.a(lib_a-e_pow.o)
                0x00002578                __ieee754_pow
 .text.__ieee754_sqrt
                0x000030ec      0x198 c:/renesas/ra/e2studio_v2023-01_fsp_v4.3.0/toolchains/gcc_arm/gcc-arm-none-eabi-10.3-2021.10/bin/../lib/gcc/arm-none-eabi/10.3.1/../../../../arm-none-eabi/lib/thumb/v7e-m+fp/hard\libm.a(lib_a-e_sqrt.o)
                0x000030ec                __ieee754_sqrt
 .text.with_errno
                0x00003284       0x18 c:/renesas/ra/e2studio_v2023-01_fsp_v4.3.0/toolchains/gcc_arm/gcc-arm-none-eabi-10.3-2021.10/bin/../lib/gcc/arm-none-eabi/10.3.1/../../../../arm-none-eabi/lib/thumb/v7e-m+fp/hard\libm.a(lib_a-math_err.o)
 .text.xflow    0x0000329c       0x2c c:/renesas/ra/e2studio_v2023-01_fsp_v4.3.0/toolchains/gcc_arm/gcc-arm-none-eabi-10.3-2021.10/bin/../lib/gcc/arm-none-eabi/10.3.1/../../../../arm-none-eabi/lib/thumb/v7e-m+fp/hard\libm.a(lib_a-math_err.o)
 .text.__math_uflow
                0x000032c8       0x14 c:/renesas/ra/e2studio_v2023-01_fsp_v4.3.0/toolchains/gcc_arm/gcc-arm-none-eabi-10.3-2021.10/bin/../lib/gcc/arm-none-eabi/10.3.1/../../../../arm-none-eabi/lib/thumb/v7e-m+fp/hard\libm.a(lib_a-math_err.o)
                0x000032c8                __math_uflow
 .text.__math_oflow
                0x000032dc       0x14 c:/renesas/ra/e2studio_v2023-01_fsp_v4.3.0/toolchains/gcc_arm/gcc-arm-none-eabi-10.3-2021.10/bin/../lib/gcc/arm-none-eabi/10.3.1/../../../../arm-none-eabi/lib/thumb/v7e-m+fp/hard\libm.a(lib_a-math_err.o)
                0x000032dc                __math_oflow
 .text.fabs     0x000032f0       0x14 c:/renesas/ra/e2studio_v2023-01_fsp_v4.3.0/toolchains/gcc_arm/gcc-arm-none-eabi-10.3-2021.10/bin/../lib/gcc/arm-none-eabi/10.3.1/../../../../arm-none-eabi/lib/thumb/v7e-m+fp/hard\libm.a(lib_a-s_fabs.o)
                0x000032f0                fabs
 .text.finite   0x00003304       0x18 c:/renesas/ra/e2studio_v2023-01_fsp_v4.3.0/toolchains/gcc_arm/gcc-arm-none-eabi-10.3-2021.10/bin/../lib/gcc/arm-none-eabi/10.3.1/../../../../arm-none-eabi/lib/thumb/v7e-m+fp/hard\libm.a(lib_a-s_finite.o)
                0x00003304                finite
 *fill*         0x0000331c        0x4 ff
 .text.scalbn   0x00003320      0x124 c:/renesas/ra/e2studio_v2023-01_fsp_v4.3.0/toolchains/gcc_arm/gcc-arm-none-eabi-10.3-2021.10/bin/../lib/gcc/arm-none-eabi/10.3.1/../../../../arm-none-eabi/lib/thumb/v7e-m+fp/hard\libm.a(lib_a-s_scalbn.o)
                0x00003320                scalbn
 .text          0x00003444      0x424 c:/renesas/ra/e2studio_v2023-01_fsp_v4.3.0/toolchains/gcc_arm/gcc-arm-none-eabi-10.3-2021.10/bin/../lib/gcc/arm-none-eabi/10.3.1/thumb/v7e-m+fp/hard\libgcc.a(_arm_muldivdf3.o)
                0x00003444                __aeabi_dmul
                0x00003444                __muldf3
                0x00003698                __divdf3
                0x00003698                __aeabi_ddiv
 .text          0x00003868      0x110 c:/renesas/ra/e2studio_v2023-01_fsp_v4.3.0/toolchains/gcc_arm/gcc-arm-none-eabi-10.3-2021.10/bin/../lib/gcc/arm-none-eabi/10.3.1/thumb/v7e-m+fp/hard\libgcc.a(_arm_cmpdf2.o)
                0x00003868                __gtdf2
                0x00003868                __gedf2
                0x00003870                __ltdf2
                0x00003870                __ledf2
                0x00003878                __nedf2
                0x00003878                __eqdf2
                0x00003878                __cmpdf2
                0x000038f4                __aeabi_cdrcmple
                0x00003904                __aeabi_cdcmpeq
                0x00003904                __aeabi_cdcmple
                0x00003914                __aeabi_dcmpeq
                0x00003928                __aeabi_dcmplt
                0x0000393c                __aeabi_dcmple
                0x00003950                __aeabi_dcmpge
                0x00003964                __aeabi_dcmpgt
 .text          0x00003978       0x2c c:/renesas/ra/e2studio_v2023-01_fsp_v4.3.0/toolchains/gcc_arm/gcc-arm-none-eabi-10.3-2021.10/bin/../lib/gcc/arm-none-eabi/10.3.1/thumb/v7e-m+fp/hard\libgcc.a(_arm_unorddf2.o)
                0x00003978                __unorddf2
                0x00003978                __aeabi_dcmpun
 *(.version)
 .version       0x000039a4       0x50 ./ra/fsp/src/bsp/mcu/all/bsp_common.o
 *(.init)
 .init          0x000039f4        0x4 c:/renesas/ra/e2studio_v2023-01_fsp_v4.3.0/toolchains/gcc_arm/gcc-arm-none-eabi-10.3-2021.10/bin/../lib/gcc/arm-none-eabi/10.3.1/thumb/v7e-m+fp/hard/crti.o
                0x000039f4                _init
 .init          0x000039f8        0x8 c:/renesas/ra/e2studio_v2023-01_fsp_v4.3.0/toolchains/gcc_arm/gcc-arm-none-eabi-10.3-2021.10/bin/../lib/gcc/arm-none-eabi/10.3.1/thumb/v7e-m+fp/hard/crtn.o
 *(.fini)
 .fini          0x00003a00        0x4 c:/renesas/ra/e2studio_v2023-01_fsp_v4.3.0/toolchains/gcc_arm/gcc-arm-none-eabi-10.3-2021.10/bin/../lib/gcc/arm-none-eabi/10.3.1/thumb/v7e-m+fp/hard/crti.o
                0x00003a00                _fini
 .fini          0x00003a04        0x8 c:/renesas/ra/e2studio_v2023-01_fsp_v4.3.0/toolchains/gcc_arm/gcc-arm-none-eabi-10.3-2021.10/bin/../lib/gcc/arm-none-eabi/10.3.1/thumb/v7e-m+fp/hard/crtn.o
 *crtbegin.o(.ctors)
 *crtbegin?.o(.ctors)
 *(EXCLUDE_FILE(*crtend.o *crtend?.o) .ctors)
 *(SORT_BY_NAME(.ctors.*))
 *(.ctors)
 *crtbegin.o(.dtors)
 *crtbegin?.o(.dtors)
 *(EXCLUDE_FILE(*crtend.o *crtend?.o) .dtors)
 *(SORT_BY_NAME(.dtors.*))
 *(.dtors)
 *(.rodata*)
 .rodata.g_ioport
                0x00003a0c        0xc ./ra_gen/common_data.o
                0x00003a0c                g_ioport
 .rodata.g_timer0_cfg
                0x00003a18       0x20 ./ra_gen/hal_data.o
                0x00003a18                g_timer0_cfg
 .rodata.g_timer0_extend
                0x00003a38       0x30 ./ra_gen/hal_data.o
                0x00003a38                g_timer0_extend
 .rodata.g_uart0_cfg
                0x00003a68       0x20 ./ra_gen/hal_data.o
                0x00003a68                g_uart0_cfg
 .rodata.g_uart0_cfg_extend
                0x00003a88       0x14 ./ra_gen/hal_data.o
                0x00003a88                g_uart0_cfg_extend
 .rodata.g_bsp_pin_cfg
                0x00003a9c        0x8 ./ra_gen/pin_data.o
                0x00003a9c                g_bsp_pin_cfg
 .rodata.g_bsp_pin_cfg_data
                0x00003aa4       0xb0 ./ra_gen/pin_data.o
                0x00003aa4                g_bsp_pin_cfg_data
 .rodata.g_interrupt_event_link_select
                0x00003b54       0xc0 ./ra_gen/vector_data.o
                0x00003b54                g_interrupt_event_link_select
 .rodata.g_ioport_on_ioport
                0x00003c14       0x34 ./ra/fsp/src/r_ioport/r_ioport.o
                0x00003c14                g_ioport_on_ioport
 .rodata.g_vbatt_pins_input
                0x00003c48        0x6 ./ra/fsp/src/r_ioport/r_ioport.o
 *fill*         0x00003c4e        0x2 ff
 .rodata.g_prcr_masks
                0x00003c50        0x8 ./ra/fsp/src/bsp/mcu/all/bsp_register_protection.o
 .rodata.__sf_fake_stderr
                0x00003c58       0x20 c:/renesas/ra/e2studio_v2023-01_fsp_v4.3.0/toolchains/gcc_arm/gcc-arm-none-eabi-10.3-2021.10/bin/../lib/gcc/arm-none-eabi/10.3.1/../../../../arm-none-eabi/lib/thumb/v7e-m+fp/hard\libc_nano.a(lib_a-findfp.o)
                0x00003c58                __sf_fake_stderr
 .rodata.__sf_fake_stdin
                0x00003c78       0x20 c:/renesas/ra/e2studio_v2023-01_fsp_v4.3.0/toolchains/gcc_arm/gcc-arm-none-eabi-10.3-2021.10/bin/../lib/gcc/arm-none-eabi/10.3.1/../../../../arm-none-eabi/lib/thumb/v7e-m+fp/hard\libc_nano.a(lib_a-findfp.o)
                0x00003c78                __sf_fake_stdin
 .rodata.__sf_fake_stdout
                0x00003c98       0x20 c:/renesas/ra/e2studio_v2023-01_fsp_v4.3.0/toolchains/gcc_arm/gcc-arm-none-eabi-10.3-2021.10/bin/../lib/gcc/arm-none-eabi/10.3.1/../../../../arm-none-eabi/lib/thumb/v7e-m+fp/hard\libc_nano.a(lib_a-findfp.o)
                0x00003c98                __sf_fake_stdout
                0x00003cb8                __usb_dev_descriptor_start_fs = .
 *(.usb_device_desc_fs*)
                0x00003cb8                __usb_cfg_descriptor_start_fs = .
 *(.usb_config_desc_fs*)
                0x00003cb8                __usb_interface_descriptor_start_fs = .
 *(.usb_interface_desc_fs*)
                0x00003cb8                __usb_descriptor_end_fs = .
                0x00003cb8                __usb_dev_descriptor_start_hs = .
 *(.usb_device_desc_hs*)
                0x00003cb8                __usb_cfg_descriptor_start_hs = .
 *(.usb_config_desc_hs*)
                0x00003cb8                __usb_interface_descriptor_start_hs = .
 *(.usb_interface_desc_hs*)
                0x00003cb8                __usb_descriptor_end_hs = .
 *(.eh_frame*)
 .eh_frame      0x00003cb8        0x0 c:/renesas/ra/e2studio_v2023-01_fsp_v4.3.0/toolchains/gcc_arm/gcc-arm-none-eabi-10.3-2021.10/bin/../lib/gcc/arm-none-eabi/10.3.1/thumb/v7e-m+fp/hard/crtbegin.o
 .eh_frame      0x00003cb8        0x4 c:/renesas/ra/e2studio_v2023-01_fsp_v4.3.0/toolchains/gcc_arm/gcc-arm-none-eabi-10.3-2021.10/bin/../lib/gcc/arm-none-eabi/10.3.1/thumb/v7e-m+fp/hard/crtend.o
                0x00003cbc                __ROM_End = .
                0x000001c0                __Vectors_Size = (__Vectors_End - __Vectors)

.glue_7         0x00003cbc        0x0
 .glue_7        0x00003cbc        0x0 linker stubs

.glue_7t        0x00003cbc        0x0
 .glue_7t       0x00003cbc        0x0 linker stubs

.vfp11_veneer   0x00003cbc        0x0
 .vfp11_veneer  0x00003cbc        0x0 linker stubs

.v4_bx          0x00003cbc        0x0
 .v4_bx         0x00003cbc        0x0 linker stubs

.iplt           0x00003cbc        0x0
 .iplt          0x00003cbc        0x0 c:/renesas/ra/e2studio_v2023-01_fsp_v4.3.0/toolchains/gcc_arm/gcc-arm-none-eabi-10.3-2021.10/bin/../lib/gcc/arm-none-eabi/10.3.1/thumb/v7e-m+fp/hard/crtbegin.o

.ARM.extab
 *(.ARM.extab* .gnu.linkonce.armextab.*)
                0x00003cbc                __exidx_start = .

.ARM.exidx      0x00003cbc        0x8
 *(.ARM.exidx* .gnu.linkonce.armexidx.*)
 .ARM.exidx     0x00003cbc        0x8 c:/renesas/ra/e2studio_v2023-01_fsp_v4.3.0/toolchains/gcc_arm/gcc-arm-none-eabi-10.3-2021.10/bin/../lib/gcc/arm-none-eabi/10.3.1/thumb/v7e-m+fp/hard\libgcc.a(_udivmoddi4.o)
                0x00003cc4                __exidx_end = .
                0x00003cc4                __etext = .
                0x1ffe0000                __tz_RAM_S = ORIGIN (RAM)

.fsp_dtc_vector_table
                0x1ffe0000        0x0
                0x1ffe0000                . = ORIGIN (RAM)
 *(.fsp_dtc_vector_table)

.data           0x1ffe0000       0xa8 load address 0x00003cc4
                0x1ffe0000                __data_start__ = .
                0x1ffe0000                . = ALIGN (0x4)
                0x1ffe0000                __Code_In_RAM_Start = .
 *(.code_in_ram*)
                0x1ffe0000                __Code_In_RAM_End = .
 *(vtable)
 *(.data.*)
 .data.arr_unsigned_base
                0x1ffe0000        0xb ./src/hal_entry.o
                0x1ffe0000                arr_unsigned_base
 *fill*         0x1ffe000b        0x1 
 .data.buf_comp
                0x1ffe000c        0x4 ./src/hal_entry.o
                0x1ffe000c                buf_comp
 .data.command  0x1ffe0010        0xb ./src/smith_prothocol.o
                0x1ffe0010                command
 *fill*         0x1ffe001b        0x1 
 .data.tmp      0x1ffe001c        0xb ./src/smith_prothocol.o
                0x1ffe001c                tmp
 *fill*         0x1ffe0027        0x1 
 .data.banner   0x1ffe0028        0xe ./src/uart_codes.o
                0x1ffe0028                banner
 *fill*         0x1ffe0036        0x2 
 .data.g_uart0_baud_setting
                0x1ffe0038        0x4 ./ra_gen/hal_data.o
                0x1ffe0038                g_uart0_baud_setting
 .data._impure_ptr
                0x1ffe003c        0x4 c:/renesas/ra/e2studio_v2023-01_fsp_v4.3.0/toolchains/gcc_arm/gcc-arm-none-eabi-10.3-2021.10/bin/../lib/gcc/arm-none-eabi/10.3.1/../../../../arm-none-eabi/lib/thumb/v7e-m+fp/hard\libg_nano.a(lib_a-impure.o)
                0x1ffe003c                _impure_ptr
 .data.impure_data
                0x1ffe0040       0x60 c:/renesas/ra/e2studio_v2023-01_fsp_v4.3.0/toolchains/gcc_arm/gcc-arm-none-eabi-10.3-2021.10/bin/../lib/gcc/arm-none-eabi/10.3.1/../../../../arm-none-eabi/lib/thumb/v7e-m+fp/hard\libg_nano.a(lib_a-impure.o)
 *(.data)
                0x1ffe00a0                . = ALIGN (0x4)
                0x1ffe00a0                PROVIDE (__preinit_array_start = .)
 *(.preinit_array)
                0x1ffe00a0                PROVIDE (__preinit_array_end = .)
                0x1ffe00a0                . = ALIGN (0x4)
                0x1ffe00a0                PROVIDE (__init_array_start = .)
 *(SORT_BY_NAME(.init_array.*))
 *(.init_array)
 .init_array    0x1ffe00a0        0x4 c:/renesas/ra/e2studio_v2023-01_fsp_v4.3.0/toolchains/gcc_arm/gcc-arm-none-eabi-10.3-2021.10/bin/../lib/gcc/arm-none-eabi/10.3.1/thumb/v7e-m+fp/hard/crtbegin.o
                0x1ffe00a4                PROVIDE (__init_array_end = .)
                0x1ffe00a4                . = ALIGN (0x4)
                [!provide]                PROVIDE (__fini_array_start = .)
 *(SORT_BY_NAME(.fini_array.*))
 *(.fini_array)
 .fini_array    0x1ffe00a4        0x4 c:/renesas/ra/e2studio_v2023-01_fsp_v4.3.0/toolchains/gcc_arm/gcc-arm-none-eabi-10.3-2021.10/bin/../lib/gcc/arm-none-eabi/10.3.1/thumb/v7e-m+fp/hard/crtbegin.o
                [!provide]                PROVIDE (__fini_array_end = .)
 *(.jcr*)
                0x1ffe00a8                . = ALIGN (0x4)
                0x1ffe00a8                __data_end__ = .
                0x00003d6c                __dtcm_data_init_start = ((__etext + __data_end__) - __data_start__)

.igot.plt       0x1ffe00a8        0x0 load address 0x00003d6c
 .igot.plt      0x1ffe00a8        0x0 c:/renesas/ra/e2studio_v2023-01_fsp_v4.3.0/toolchains/gcc_arm/gcc-arm-none-eabi-10.3-2021.10/bin/../lib/gcc/arm-none-eabi/10.3.1/thumb/v7e-m+fp/hard/crtbegin.o

.dtcm_data      0x00000000        0x0 load address 0x00003d6c
                0x00000000                __tz_DTCM_S = ABSOLUTE (DTCM_START)
                0x00000000                __dtcm_data_start__ = .
 *(.dtcm_data*)
                0x00000000                __dtcm_data_end__ = .

.dtcm_noinit    0x00000000        0x0 load address 0x00003d6c
                0x00000000                __dtcm_noinit_start = .
 *(.dtcm_noinit*)
                0x00000000                __dtcm_noinit_end = .
                0x00000000                __tz_DTCM_N = DEFINED (DTCM_NS_START)?ABSOLUTE (DTCM_NS_START):ALIGN (__dtcm_noinit_end, 0x2000)
                0x00003d6c                DATA_END = (LOADADDR (.data) + SIZEOF (.data))
                0x00004000                SGSTUBS_LOC = (DEFINED (PROJECT_SECURE) && DEFINED (FLASH_NSC_START))?ABSOLUTE (FLASH_NSC_START):ALIGN (DATA_END, 0x400)

.gnu.sgstubs    0x00004000        0x0
                0x00004000                __tz_FLASH_C = DEFINED (FLASH_NSC_START)?ABSOLUTE (FLASH_NSC_START):__RESERVE_NS_RAM?ABSOLUTE ((FLASH_START + FLASH_LENGTH)):ALIGN (0x400)
                0x00004000                _start_sg = .
 *(.gnu.sgstubs*)
                0x00004000                . = ALIGN (0x20)
                0x00004000                _end_sg = .
                0x00008000                __tz_FLASH_N = DEFINED (FLASH_NS_START)?ABSOLUTE (FLASH_NS_START):__RESERVE_NS_RAM?ABSOLUTE ((FLASH_START + FLASH_LENGTH)):(FLASH_LENGTH < 0x8000)?FLASH_LENGTH:ALIGN (0x8000)
                0x00008000                FLASH_NS_IMAGE_START = DEFINED (FLASH_NS_IMAGE_START)?FLASH_NS_IMAGE_START:__tz_FLASH_N
                0x60000000                __tz_QSPI_FLASH_S = ORIGIN (QSPI_FLASH)

.qspi_flash     0x60000000        0x0
                0x60000000                __qspi_flash_start__ = .
 *(.qspi_flash*)
 *(.code_in_qspi*)
                0x60000000                __qspi_flash_end__ = .
                0x00000000                __qspi_flash_code_size__ = (__qspi_flash_end__ - __qspi_flash_start__)
                0x00003d6c                __qspi_flash_code_addr__ = (__etext + (__data_end__ - __data_start__))

.qspi_non_retentive
                0x60000000        0x0 load address 0x00003d6c
                0x60000000                __qspi_non_retentive_start__ = .
 *(.qspi_non_retentive*)
                0x60000000                __qspi_non_retentive_end__ = .
                0x00000000                __qspi_non_retentive_size__ = (__qspi_non_retentive_end__ - __qspi_non_retentive_start__)
                0x04000000                __qspi_region_max_size__ = 0x4000000
                0x60000000                __qspi_region_start_address__ = __qspi_flash_start__
                0x64000000                __qspi_region_end_address__ = (__qspi_flash_start__ + __qspi_region_max_size__)
                0x60000000                __tz_QSPI_FLASH_N = __qspi_non_retentive_end__

.OSPI_DEVICE_0_NO_LOAD
                0x80020000        0x0
                0x80020000                . = ALIGN (0x4)
                0x80020000                __ospi_device_0_start__ = .
 *(.ospi_device_0_no_load*)
                0x80020000                . = ALIGN (0x4)
                0x80020000                __ospi_device_0_end__ = .

.OSPI_DEVICE_1_NO_LOAD
                0x80030000        0x0
                0x80030000                . = ALIGN (0x4)
                0x80030000                __ospi_device_1_start__ = .
 *(.ospi_device_1_no_load*)
                0x80030000                . = ALIGN (0x4)
                0x80030000                __ospi_device_1_end__ = .
                0x80020000                __tz_OSPI_DEVICE_0_S = ORIGIN (OSPI_DEVICE_0)

.OSPI_DEVICE_0  0x80020000        0x0
                0x80020000                __ospi_device_0_start__ = .
 *(.ospi_device_0*)
 *(.code_in_ospi_device_0*)
                0x80020000                __ospi_device_0_end__ = .
                0x00000000                __ospi_device_0_code_size__ = (__ospi_device_0_end__ - __ospi_device_0_start__)
                0x00003d6c                __ospi_device_0_code_addr__ = (__etext + (__data_end__ - __data_start__))

.ospi_device_0_non_retentive
                0x80020000        0x0 load address 0x00003d6c
                0x80020000                __ospi_device_0_non_retentive_start__ = .
 *(.ospi_device_0_non_retentive*)
                0x80020000                __ospi_device_0_non_retentive_end__ = .
                0x00000000                __ospi_device_0_non_retentive_size__ = (__ospi_device_0_non_retentive_end__ - __ospi_device_0_non_retentive_start__)
                0x08000000                __ospi_device_0_region_max_size__ = 0x8000000
                0x80020000                __ospi_device_0_region_start_address__ = __ospi_device_0_start__
                0x88020000                __ospi_device_0_region_end_address__ = (__ospi_device_0_start__ + __ospi_device_0_region_max_size__)
                0x80020000                __tz_OSPI_DEVICE_0_N = __ospi_device_0_non_retentive_end__
                0x80030000                __tz_OSPI_DEVICE_1_S = ORIGIN (OSPI_DEVICE_1)

.OSPI_DEVICE_1  0x80030000        0x0
                0x80030000                __ospi_device_1_start__ = .
 *(.ospi_device_1*)
 *(.code_in_ospi_device_1*)
                0x80030000                __ospi_device_1_end__ = .
                0x00000000                __ospi_device_1_code_size__ = (__ospi_device_1_end__ - __ospi_device_1_start__)
                0x00003d6c                __ospi_device_1_code_addr__ = (__etext + (__data_end__ - __data_start__))

.ospi_device_1_non_retentive
                0x80030000        0x0 load address 0x00003d6c
                0x80030000                __ospi_device_1_non_retentive_start__ = .
 *(.ospi_device_1_non_retentive*)
                0x80030000                __ospi_device_1_non_retentive_end__ = .
                0x00000000                __ospi_device_1_non_retentive_size__ = (__ospi_device_1_non_retentive_end__ - __ospi_device_1_non_retentive_start__)
                0x10000000                __ospi_device_1_region_max_size__ = 0x10000000
                0x80030000                __ospi_device_1_region_start_address__ = __ospi_device_1_start__
                0x90030000                __ospi_device_1_region_end_address__ = (__ospi_device_1_start__ + __ospi_device_1_region_max_size__)
                0x80030000                __tz_OSPI_DEVICE_1_N = __ospi_device_1_non_retentive_end__

.noinit         0x1ffe00a8       0x18
                0x1ffe00a8                . = ALIGN (0x4)
                0x1ffe00a8                __noinit_start = .
 *(.noinit*)
 .noinit        0x1ffe00a8       0x18 ./ra/fsp/src/bsp/mcu/all/bsp_clocks.o
                0x1ffe00c0                . = ALIGN (0x8)
 *(.heap.*)
                0x1ffe00c0                __noinit_end = .

.bss            0x1ffe00c0      0x28c
                0x1ffe00c0                . = ALIGN (0x4)
                0x1ffe00c0                __bss_start__ = .
 *(.bss*)
 .bss           0x1ffe00c0       0x1c c:/renesas/ra/e2studio_v2023-01_fsp_v4.3.0/toolchains/gcc_arm/gcc-arm-none-eabi-10.3-2021.10/bin/../lib/gcc/arm-none-eabi/10.3.1/thumb/v7e-m+fp/hard/crtbegin.o
 .bss.status    0x1ffe00dc        0x4 ./src/hal_entry.o
                0x1ffe00dc                status
 .bss.total     0x1ffe00e0        0xb ./src/hal_entry.o
                0x1ffe00e0                total
 *fill*         0x1ffe00eb        0x1 
 .bss.arr_uint8_base
                0x1ffe00ec        0xb ./src/smith_prothocol.o
                0x1ffe00ec                arr_uint8_base
 *fill*         0x1ffe00f7        0x1 
 .bss.counter_5
                0x1ffe00f8        0x4 ./src/smith_prothocol.o
                0x1ffe00f8                counter_5
 .bss.meaningful_data
                0x1ffe00fc        0x8 ./src/smith_prothocol.o
                0x1ffe00fc                meaningful_data
 .bss.salt_data
                0x1ffe0104        0x8 ./src/smith_prothocol.o
                0x1ffe0104                salt_data
 .bss.transmitter_array_size
                0x1ffe010c        0x4 ./src/smith_prothocol.o
                0x1ffe010c                transmitter_array_size
 .bss.err_gpt   0x1ffe0110        0x4 ./src/timer_code.o
                0x1ffe0110                err_gpt
 .bss.buffer    0x1ffe0114        0xb ./src/uart_codes.o
                0x1ffe0114                buffer
 *fill*         0x1ffe011f        0x1 
 .bss.err       0x1ffe0120        0x4 ./src/uart_codes.o
                0x1ffe0120                err
 .bss.g_ioport_ctrl
                0x1ffe0124        0x8 ./ra_gen/common_data.o
                0x1ffe0124                g_ioport_ctrl
 .bss.g_timer0_ctrl
                0x1ffe012c       0x20 ./ra_gen/hal_data.o
                0x1ffe012c                g_timer0_ctrl
 .bss.g_uart0_ctrl
                0x1ffe014c       0x30 ./ra_gen/hal_data.o
                0x1ffe014c                g_uart0_ctrl
 .bss.g_bsp_group_irq_sources
                0x1ffe017c       0x40 ./ra/fsp/src/bsp/mcu/all/bsp_group_irq.o
                0x1ffe017c                g_bsp_group_irq_sources
 .bss.g_protect_pfswe_counter
                0x1ffe01bc        0x4 ./ra/fsp/src/bsp/mcu/all/bsp_io.o
                0x1ffe01bc                g_protect_pfswe_counter
 .bss.gp_renesas_isr_context
                0x1ffe01c0      0x180 ./ra/fsp/src/bsp/mcu/all/bsp_irq.o
                0x1ffe01c0                gp_renesas_isr_context
 .bss.g_protect_counters
                0x1ffe0340        0x8 ./ra/fsp/src/bsp/mcu/all/bsp_register_protection.o
                0x1ffe0340                g_protect_counters
 .bss.SystemCoreClock
                0x1ffe0348        0x4 ./ra/fsp/src/bsp/cmsis/Device/RENESAS/Source/system.o
                0x1ffe0348                SystemCoreClock
 *(COMMON)
                0x1ffe034c                . = ALIGN (0x4)
                0x1ffe034c                __bss_end__ = .

.heap           0x1ffe034c        0x4
                0x1ffe0350                . = ALIGN (0x8)
 *fill*         0x1ffe034c        0x4 
                0x1ffe0350                __HeapBase = .
 *(.heap)
                0x1ffe0350                __HeapLimit = .

.stack_dummy    0x1ffe0350      0x400
                0x1ffe0350                . = ALIGN (0x8)
                0x1ffe0350                __StackLimit = .
 *(.stack)
 .stack         0x1ffe0350      0x400 ./ra/fsp/src/bsp/cmsis/Device/RENESAS/Source/startup.o
                0x1ffe0750                __StackTop = .
 *(.stack*)
                0x1ffe0750                __StackTopAll = .
                0x1ffe0750                PROVIDE (__stack = __StackTopAll)
                0x1ffe0750                __RAM_segment_used_end__ = ALIGN (__StackTopAll, 0x4)
                0x1ffe0800                __tz_RAM_C = DEFINED (RAM_NSC_START)?ABSOLUTE ((RAM_NSC_START - RAM_NS_BUFFER_BLOCK_LENGTH)):__RESERVE_NS_RAM?ABSOLUTE (RAM_NS_BUFFER_BLOCK_START):ALIGN (__RAM_segment_used_end__, 0x400)
                0x1ffe2000                __tz_RAM_N = DEFINED (RAM_NS_START)?ABSOLUTE ((RAM_NS_START - RAM_NS_BUFFER_BLOCK_LENGTH)):__RESERVE_NS_RAM?ABSOLUTE (RAM_NS_BUFFER_BLOCK_START):ALIGN (__tz_RAM_C, 0x2000)

.ns_buffer      0x1ffe0750        0x0
                0x1ffe0750                . = __RESERVE_NS_RAM?ABSOLUTE ((RAM_NS_BUFFER_START & 0xffffffe0)):.
 *(.ns_buffer*)

.data_flash     0x40100000        0x0
                0x40100000                . = ORIGIN (DATA_FLASH)
                0x40100000                __tz_DATA_FLASH_S = .
                0x40100000                __Data_Flash_Start = .
 *(.data_flash*)
                0x40100000                __Data_Flash_End = .
                0x40100000                __tz_DATA_FLASH_N = DEFINED (DATA_FLASH_NS_START)?ABSOLUTE (DATA_FLASH_NS_START):__RESERVE_NS_RAM?ABSOLUTE ((DATA_FLASH_START + DATA_FLASH_LENGTH)):ALIGN (0x400)
                0x90000000                __tz_SDRAM_S = ORIGIN (SDRAM)

.sdram          0x90000000        0x0
                0x90000000                __SDRAM_Start = .
 *(.sdram*)
 *(.frame*)
                0x90000000                __SDRAM_End = .
                0x90000000                __tz_SDRAM_N = __SDRAM_End
                0x0100a150                __tz_ID_CODE_S = ORIGIN (ID_CODE)
                0x0100a150                __tz_ID_CODE_N = __tz_ID_CODE_S

.id_code        0x0100a150       0x10
                0x0100a150                __ID_Code_Start = .
 *(.id_code*)
 .id_code       0x0100a150       0x10 ./ra/fsp/src/bsp/mcu/all/bsp_rom_registers.o
                0x0100a160                __ID_Code_End = .
                0x00000000                __tz_OPTION_SETTING_S = ORIGIN (OPTION_SETTING_OFS)

.rel.dyn        0x0100a160        0x0
 .rel.iplt      0x0100a160        0x0 c:/renesas/ra/e2studio_v2023-01_fsp_v4.3.0/toolchains/gcc_arm/gcc-arm-none-eabi-10.3-2021.10/bin/../lib/gcc/arm-none-eabi/10.3.1/thumb/v7e-m+fp/hard/crtbegin.o

.option_setting_ofs
                0x00000000        0x0
                0x00000000                __OPTION_SETTING_OFS_Start = .
 *(.option_setting_ofs0)
                0x00000000                . = PROJECT_SECURE_OR_FLAT?(__OPTION_SETTING_OFS_Start + 0x4):__OPTION_SETTING_OFS_Start
 *(.option_setting_ofs2)
                0x00000000                . = PROJECT_SECURE_OR_FLAT?(__OPTION_SETTING_OFS_Start + 0x10):__OPTION_SETTING_OFS_Start
 *(.option_setting_dualsel)
                0x00000000                __OPTION_SETTING_OFS_End = .

.option_setting_sas
                0x00000034        0x0
                0x00000034                __OPTION_SETTING_SAS_Start = .
 *(.option_setting_sas)
                0x00000034                __OPTION_SETTING_SAS_End = .
                0x00000080                __tz_OPTION_SETTING_N = ABSOLUTE (OPTION_SETTING_START_NS)

.option_setting_ns
                0x00000000        0x0
                0x00000000                __OPTION_SETTING_NS_Start = .
 *(.option_setting_ofs1)
                0x00000000                . = USE_OPTION_SETTING_NS?(__OPTION_SETTING_NS_Start + 0x4):__OPTION_SETTING_NS_Start
 *(.option_setting_ofs3)
                0x00000000                . = USE_OPTION_SETTING_NS?(__OPTION_SETTING_NS_Start + 0x10):__OPTION_SETTING_NS_Start
 *(.option_setting_banksel)
                0x00000000                . = USE_OPTION_SETTING_NS?(__OPTION_SETTING_NS_Start + 0x40):__OPTION_SETTING_NS_Start
 *(.option_setting_bps0)
                0x00000000                . = USE_OPTION_SETTING_NS?(__OPTION_SETTING_NS_Start + 0x44):__OPTION_SETTING_NS_Start
 *(.option_setting_bps1)
                0x00000000                . = USE_OPTION_SETTING_NS?(__OPTION_SETTING_NS_Start + 0x48):__OPTION_SETTING_NS_Start
 *(.option_setting_bps2)
                0x00000000                . = USE_OPTION_SETTING_NS?(__OPTION_SETTING_NS_Start + 0x4c):__OPTION_SETTING_NS_Start
 *(.option_setting_bps3)
                0x00000000                . = USE_OPTION_SETTING_NS?(__OPTION_SETTING_NS_Start + 0x60):__OPTION_SETTING_NS_Start
 *(.option_setting_pbps0)
                0x00000000                . = USE_OPTION_SETTING_NS?(__OPTION_SETTING_NS_Start + 0x64):__OPTION_SETTING_NS_Start
 *(.option_setting_pbps1)
                0x00000000                . = USE_OPTION_SETTING_NS?(__OPTION_SETTING_NS_Start + 0x68):__OPTION_SETTING_NS_Start
 *(.option_setting_pbps2)
                0x00000000                . = USE_OPTION_SETTING_NS?(__OPTION_SETTING_NS_Start + 0x6c):__OPTION_SETTING_NS_Start
 *(.option_setting_pbps3)
                0x00000000                __OPTION_SETTING_NS_End = .
                0x80000000                __tz_OPTION_SETTING_S_S = ORIGIN (OPTION_SETTING_S)

.option_setting_s
                0x80000000        0x0
                0x80000000                __OPTION_SETTING_S_Start = .
 *(.option_setting_ofs1_sec)
                0x80000000                . = PROJECT_SECURE_OR_FLAT?(__OPTION_SETTING_S_Start + 0x4):__OPTION_SETTING_S_Start
 *(.option_setting_ofs3_sec)
                0x80000000                . = PROJECT_SECURE_OR_FLAT?(__OPTION_SETTING_S_Start + 0x10):__OPTION_SETTING_S_Start
 *(.option_setting_banksel_sec)
                0x80000000                . = PROJECT_SECURE_OR_FLAT?(__OPTION_SETTING_S_Start + 0x40):__OPTION_SETTING_S_Start
 *(.option_setting_bps_sec0)
                0x80000000                . = PROJECT_SECURE_OR_FLAT?(__OPTION_SETTING_S_Start + 0x44):__OPTION_SETTING_S_Start
 *(.option_setting_bps_sec1)
                0x80000000                . = PROJECT_SECURE_OR_FLAT?(__OPTION_SETTING_S_Start + 0x48):__OPTION_SETTING_S_Start
 *(.option_setting_bps_sec2)
                0x80000000                . = PROJECT_SECURE_OR_FLAT?(__OPTION_SETTING_S_Start + 0x4c):__OPTION_SETTING_S_Start
 *(.option_setting_bps_sec3)
                0x80000000                . = PROJECT_SECURE_OR_FLAT?(__OPTION_SETTING_S_Start + 0x60):__OPTION_SETTING_S_Start
 *(.option_setting_pbps_sec0)
                0x80000000                . = PROJECT_SECURE_OR_FLAT?(__OPTION_SETTING_S_Start + 0x64):__OPTION_SETTING_S_Start
 *(.option_setting_pbps_sec1)
                0x80000000                . = PROJECT_SECURE_OR_FLAT?(__OPTION_SETTING_S_Start + 0x68):__OPTION_SETTING_S_Start
 *(.option_setting_pbps_sec2)
                0x80000000                . = PROJECT_SECURE_OR_FLAT?(__OPTION_SETTING_S_Start + 0x6c):__OPTION_SETTING_S_Start
 *(.option_setting_pbps_sec3)
                0x80000000                . = PROJECT_SECURE_OR_FLAT?(__OPTION_SETTING_S_Start + 0x80):__OPTION_SETTING_S_Start
 *(.option_setting_ofs1_sel)
                0x80000000                . = PROJECT_SECURE_OR_FLAT?(__OPTION_SETTING_S_Start + 0x84):__OPTION_SETTING_S_Start
 *(.option_setting_ofs3_sel)
                0x80000000                . = PROJECT_SECURE_OR_FLAT?(__OPTION_SETTING_S_Start + 0x90):__OPTION_SETTING_S_Start
 *(.option_setting_banksel_sel)
                0x80000000                . = PROJECT_SECURE_OR_FLAT?(__OPTION_SETTING_S_Start + 0xc0):__OPTION_SETTING_S_Start
 *(.option_setting_bps_sel0)
                0x80000000                . = PROJECT_SECURE_OR_FLAT?(__OPTION_SETTING_S_Start + 0xc4):__OPTION_SETTING_S_Start
 *(.option_setting_bps_sel1)
                0x80000000                . = PROJECT_SECURE_OR_FLAT?(__OPTION_SETTING_S_Start + 0xc8):__OPTION_SETTING_S_Start
 *(.option_setting_bps_sel2)
                0x80000000                . = PROJECT_SECURE_OR_FLAT?(__OPTION_SETTING_S_Start + 0xcc):__OPTION_SETTING_S_Start
 *(.option_setting_bps_sel3)
                0x80000000                __OPTION_SETTING_S_End = .
                0x80000000                __tz_OPTION_SETTING_S_N = __OPTION_SETTING_S_End
OUTPUT(FALSHWARE_DENEME_002.elf elf32-littlearm)
LOAD linker stubs

.ARM.attributes
                0x00000000       0x30
 .ARM.attributes
                0x00000000       0x1e c:/renesas/ra/e2studio_v2023-01_fsp_v4.3.0/toolchains/gcc_arm/gcc-arm-none-eabi-10.3-2021.10/bin/../lib/gcc/arm-none-eabi/10.3.1/thumb/v7e-m+fp/hard/crti.o
 .ARM.attributes
                0x0000001e       0x34 c:/renesas/ra/e2studio_v2023-01_fsp_v4.3.0/toolchains/gcc_arm/gcc-arm-none-eabi-10.3-2021.10/bin/../lib/gcc/arm-none-eabi/10.3.1/thumb/v7e-m+fp/hard/crtbegin.o
 .ARM.attributes
                0x00000052       0x34 ./src/calculate.o
 .ARM.attributes
                0x00000086       0x34 ./src/hal_entry.o
 .ARM.attributes
                0x000000ba       0x34 ./src/smith_prothocol.o
 .ARM.attributes
                0x000000ee       0x34 ./src/timer_code.o
 .ARM.attributes
                0x00000122       0x34 ./src/uart_codes.o
 .ARM.attributes
                0x00000156       0x34 ./ra_gen/common_data.o
 .ARM.attributes
                0x0000018a       0x34 ./ra_gen/hal_data.o
 .ARM.attributes
                0x000001be       0x34 ./ra_gen/main.o
 .ARM.attributes
                0x000001f2       0x34 ./ra_gen/pin_data.o
 .ARM.attributes
                0x00000226       0x34 ./ra_gen/vector_data.o
 .ARM.attributes
                0x0000025a       0x34 ./ra/fsp/src/r_sci_uart/r_sci_uart.o
 .ARM.attributes
                0x0000028e       0x34 ./ra/fsp/src/r_ioport/r_ioport.o
 .ARM.attributes
                0x000002c2       0x34 ./ra/fsp/src/r_gpt/r_gpt.o
 .ARM.attributes
                0x000002f6       0x34 ./ra/fsp/src/bsp/mcu/all/bsp_clocks.o
 .ARM.attributes
                0x0000032a       0x34 ./ra/fsp/src/bsp/mcu/all/bsp_common.o
 .ARM.attributes
                0x0000035e       0x34 ./ra/fsp/src/bsp/mcu/all/bsp_delay.o
 .ARM.attributes
                0x00000392       0x34 ./ra/fsp/src/bsp/mcu/all/bsp_group_irq.o
 .ARM.attributes
                0x000003c6       0x34 ./ra/fsp/src/bsp/mcu/all/bsp_io.o
 .ARM.attributes
                0x000003fa       0x34 ./ra/fsp/src/bsp/mcu/all/bsp_irq.o
 .ARM.attributes
                0x0000042e       0x34 ./ra/fsp/src/bsp/mcu/all/bsp_register_protection.o
 .ARM.attributes
                0x00000462       0x34 ./ra/fsp/src/bsp/mcu/all/bsp_rom_registers.o
 .ARM.attributes
                0x00000496       0x34 ./ra/fsp/src/bsp/cmsis/Device/RENESAS/Source/startup.o
 .ARM.attributes
                0x000004ca       0x34 ./ra/fsp/src/bsp/cmsis/Device/RENESAS/Source/system.o
 .ARM.attributes
                0x000004fe       0x34 ./ra/board/ra6m2_ek/board_init.o
 .ARM.attributes
                0x00000532       0x1e c:/renesas/ra/e2studio_v2023-01_fsp_v4.3.0/toolchains/gcc_arm/gcc-arm-none-eabi-10.3-2021.10/bin/../lib/gcc/arm-none-eabi/10.3.1/thumb/v7e-m+fp/hard\libgcc.a(_arm_addsubdf3.o)
 .ARM.attributes
                0x00000550       0x1e c:/renesas/ra/e2studio_v2023-01_fsp_v4.3.0/toolchains/gcc_arm/gcc-arm-none-eabi-10.3-2021.10/bin/../lib/gcc/arm-none-eabi/10.3.1/thumb/v7e-m+fp/hard\libgcc.a(_arm_fixdfsi.o)
 .ARM.attributes
                0x0000056e       0x1e c:/renesas/ra/e2studio_v2023-01_fsp_v4.3.0/toolchains/gcc_arm/gcc-arm-none-eabi-10.3-2021.10/bin/../lib/gcc/arm-none-eabi/10.3.1/thumb/v7e-m+fp/hard\libgcc.a(_aeabi_uldivmod.o)
 .ARM.attributes
                0x0000058c       0x34 c:/renesas/ra/e2studio_v2023-01_fsp_v4.3.0/toolchains/gcc_arm/gcc-arm-none-eabi-10.3-2021.10/bin/../lib/gcc/arm-none-eabi/10.3.1/thumb/v7e-m+fp/hard\libgcc.a(_fixunsdfdi.o)
 .ARM.attributes
                0x000005c0       0x34 c:/renesas/ra/e2studio_v2023-01_fsp_v4.3.0/toolchains/gcc_arm/gcc-arm-none-eabi-10.3-2021.10/bin/../lib/gcc/arm-none-eabi/10.3.1/thumb/v7e-m+fp/hard\libgcc.a(_udivmoddi4.o)
 .ARM.attributes
                0x000005f4       0x1e c:/renesas/ra/e2studio_v2023-01_fsp_v4.3.0/toolchains/gcc_arm/gcc-arm-none-eabi-10.3-2021.10/bin/../lib/gcc/arm-none-eabi/10.3.1/thumb/v7e-m+fp/hard\libgcc.a(_dvmd_tls.o)
 .ARM.attributes
                0x00000612       0x1e c:/renesas/ra/e2studio_v2023-01_fsp_v4.3.0/toolchains/gcc_arm/gcc-arm-none-eabi-10.3-2021.10/bin/../lib/gcc/arm-none-eabi/10.3.1/thumb/v7e-m+fp/hard\libgcc.a(_arm_fixunsdfsi.o)
 .ARM.attributes
                0x00000630       0x34 c:/renesas/ra/e2studio_v2023-01_fsp_v4.3.0/toolchains/gcc_arm/gcc-arm-none-eabi-10.3-2021.10/bin/../lib/gcc/arm-none-eabi/10.3.1/../../../../arm-none-eabi/lib/thumb/v7e-m+fp/hard\libg_nano.a(lib_a-errno.o)
 .ARM.attributes
                0x00000664       0x34 c:/renesas/ra/e2studio_v2023-01_fsp_v4.3.0/toolchains/gcc_arm/gcc-arm-none-eabi-10.3-2021.10/bin/../lib/gcc/arm-none-eabi/10.3.1/../../../../arm-none-eabi/lib/thumb/v7e-m+fp/hard\libg_nano.a(lib_a-impure.o)
 .ARM.attributes
                0x00000698       0x34 c:/renesas/ra/e2studio_v2023-01_fsp_v4.3.0/toolchains/gcc_arm/gcc-arm-none-eabi-10.3-2021.10/bin/../lib/gcc/arm-none-eabi/10.3.1/../../../../arm-none-eabi/lib/thumb/v7e-m+fp/hard\libg_nano.a(lib_a-memcpy-stub.o)
 .ARM.attributes
                0x000006cc       0x34 c:/renesas/ra/e2studio_v2023-01_fsp_v4.3.0/toolchains/gcc_arm/gcc-arm-none-eabi-10.3-2021.10/bin/../lib/gcc/arm-none-eabi/10.3.1/../../../../arm-none-eabi/lib/thumb/v7e-m+fp/hard\libg_nano.a(lib_a-memset.o)
 .ARM.attributes
                0x00000700       0x34 c:/renesas/ra/e2studio_v2023-01_fsp_v4.3.0/toolchains/gcc_arm/gcc-arm-none-eabi-10.3-2021.10/bin/../lib/gcc/arm-none-eabi/10.3.1/../../../../arm-none-eabi/lib/thumb/v7e-m+fp/hard\libc_nano.a(lib_a-findfp.o)
 .ARM.attributes
                0x00000734       0x34 c:/renesas/ra/e2studio_v2023-01_fsp_v4.3.0/toolchains/gcc_arm/gcc-arm-none-eabi-10.3-2021.10/bin/../lib/gcc/arm-none-eabi/10.3.1/thumb/v7e-m+fp/hard/crtend.o
 .ARM.attributes
                0x00000768       0x1e c:/renesas/ra/e2studio_v2023-01_fsp_v4.3.0/toolchains/gcc_arm/gcc-arm-none-eabi-10.3-2021.10/bin/../lib/gcc/arm-none-eabi/10.3.1/thumb/v7e-m+fp/hard/crtn.o
 .ARM.attributes
                0x00000786       0x34 c:/renesas/ra/e2studio_v2023-01_fsp_v4.3.0/toolchains/gcc_arm/gcc-arm-none-eabi-10.3-2021.10/bin/../lib/gcc/arm-none-eabi/10.3.1/../../../../arm-none-eabi/lib/thumb/v7e-m+fp/hard\libm.a(lib_a-w_pow.o)
 .ARM.attributes
                0x000007ba       0x34 c:/renesas/ra/e2studio_v2023-01_fsp_v4.3.0/toolchains/gcc_arm/gcc-arm-none-eabi-10.3-2021.10/bin/../lib/gcc/arm-none-eabi/10.3.1/../../../../arm-none-eabi/lib/thumb/v7e-m+fp/hard\libm.a(lib_a-e_pow.o)
 .ARM.attributes
                0x000007ee       0x34 c:/renesas/ra/e2studio_v2023-01_fsp_v4.3.0/toolchains/gcc_arm/gcc-arm-none-eabi-10.3-2021.10/bin/../lib/gcc/arm-none-eabi/10.3.1/../../../../arm-none-eabi/lib/thumb/v7e-m+fp/hard\libm.a(lib_a-e_sqrt.o)
 .ARM.attributes
                0x00000822       0x34 c:/renesas/ra/e2studio_v2023-01_fsp_v4.3.0/toolchains/gcc_arm/gcc-arm-none-eabi-10.3-2021.10/bin/../lib/gcc/arm-none-eabi/10.3.1/../../../../arm-none-eabi/lib/thumb/v7e-m+fp/hard\libm.a(lib_a-math_err.o)
 .ARM.attributes
                0x00000856       0x34 c:/renesas/ra/e2studio_v2023-01_fsp_v4.3.0/toolchains/gcc_arm/gcc-arm-none-eabi-10.3-2021.10/bin/../lib/gcc/arm-none-eabi/10.3.1/../../../../arm-none-eabi/lib/thumb/v7e-m+fp/hard\libm.a(lib_a-s_fabs.o)
 .ARM.attributes
                0x0000088a       0x34 c:/renesas/ra/e2studio_v2023-01_fsp_v4.3.0/toolchains/gcc_arm/gcc-arm-none-eabi-10.3-2021.10/bin/../lib/gcc/arm-none-eabi/10.3.1/../../../../arm-none-eabi/lib/thumb/v7e-m+fp/hard\libm.a(lib_a-s_finite.o)
 .ARM.attributes
                0x000008be       0x34 c:/renesas/ra/e2studio_v2023-01_fsp_v4.3.0/toolchains/gcc_arm/gcc-arm-none-eabi-10.3-2021.10/bin/../lib/gcc/arm-none-eabi/10.3.1/../../../../arm-none-eabi/lib/thumb/v7e-m+fp/hard\libm.a(lib_a-s_scalbn.o)
 .ARM.attributes
                0x000008f2       0x1e c:/renesas/ra/e2studio_v2023-01_fsp_v4.3.0/toolchains/gcc_arm/gcc-arm-none-eabi-10.3-2021.10/bin/../lib/gcc/arm-none-eabi/10.3.1/thumb/v7e-m+fp/hard\libgcc.a(_arm_muldivdf3.o)
 .ARM.attributes
                0x00000910       0x1e c:/renesas/ra/e2studio_v2023-01_fsp_v4.3.0/toolchains/gcc_arm/gcc-arm-none-eabi-10.3-2021.10/bin/../lib/gcc/arm-none-eabi/10.3.1/thumb/v7e-m+fp/hard\libgcc.a(_arm_cmpdf2.o)
 .ARM.attributes
                0x0000092e       0x1e c:/renesas/ra/e2studio_v2023-01_fsp_v4.3.0/toolchains/gcc_arm/gcc-arm-none-eabi-10.3-2021.10/bin/../lib/gcc/arm-none-eabi/10.3.1/thumb/v7e-m+fp/hard\libgcc.a(_arm_unorddf2.o)

.comment        0x00000000       0x49
 .comment       0x00000000       0x49 ./src/calculate.o
                                 0x4a (size before relaxing)
 .comment       0x00000049       0x4a ./src/hal_entry.o
 .comment       0x00000049       0x4a ./src/smith_prothocol.o
 .comment       0x00000049       0x4a ./src/timer_code.o
 .comment       0x00000049       0x4a ./src/uart_codes.o
 .comment       0x00000049       0x4a ./ra_gen/common_data.o
 .comment       0x00000049       0x4a ./ra_gen/hal_data.o
 .comment       0x00000049       0x4a ./ra_gen/main.o
 .comment       0x00000049       0x4a ./ra_gen/pin_data.o
 .comment       0x00000049       0x4a ./ra_gen/vector_data.o
 .comment       0x00000049       0x4a ./ra/fsp/src/r_sci_uart/r_sci_uart.o
 .comment       0x00000049       0x4a ./ra/fsp/src/r_ioport/r_ioport.o
 .comment       0x00000049       0x4a ./ra/fsp/src/r_gpt/r_gpt.o
 .comment       0x00000049       0x4a ./ra/fsp/src/bsp/mcu/all/bsp_clocks.o
 .comment       0x00000049       0x4a ./ra/fsp/src/bsp/mcu/all/bsp_common.o
 .comment       0x00000049       0x4a ./ra/fsp/src/bsp/mcu/all/bsp_delay.o
 .comment       0x00000049       0x4a ./ra/fsp/src/bsp/mcu/all/bsp_group_irq.o
 .comment       0x00000049       0x4a ./ra/fsp/src/bsp/mcu/all/bsp_io.o
 .comment       0x00000049       0x4a ./ra/fsp/src/bsp/mcu/all/bsp_irq.o
 .comment       0x00000049       0x4a ./ra/fsp/src/bsp/mcu/all/bsp_register_protection.o
 .comment       0x00000049       0x4a ./ra/fsp/src/bsp/mcu/all/bsp_rom_registers.o
 .comment       0x00000049       0x4a ./ra/fsp/src/bsp/cmsis/Device/RENESAS/Source/startup.o
 .comment       0x00000049       0x4a ./ra/fsp/src/bsp/cmsis/Device/RENESAS/Source/system.o
 .comment       0x00000049       0x4a ./ra/board/ra6m2_ek/board_init.o

.debug_info     0x00000000    0x4382a
 .debug_info    0x00000000      0x286 ./src/calculate.o
 .debug_info    0x00000286     0x1907 ./src/hal_entry.o
 .debug_info    0x00001b8d      0x60a ./src/smith_prothocol.o
 .debug_info    0x00002197     0x7256 ./src/timer_code.o
 .debug_info    0x000093ed     0x5df8 ./src/uart_codes.o
 .debug_info    0x0000f1e5     0x1207 ./ra_gen/common_data.o
 .debug_info    0x000103ec     0x6ba9 ./ra_gen/hal_data.o
 .debug_info    0x00016f95       0xaa ./ra_gen/main.o
 .debug_info    0x0001703f      0xa07 ./ra_gen/pin_data.o
 .debug_info    0x00017a46      0x942 ./ra_gen/vector_data.o
 .debug_info    0x00018388     0xa614 ./ra/fsp/src/r_sci_uart/r_sci_uart.o
 .debug_info    0x0002299c     0x7f8f ./ra/fsp/src/r_ioport/r_ioport.o
 .debug_info    0x0002a92b     0xade3 ./ra/fsp/src/r_gpt/r_gpt.o
 .debug_info    0x0003570e     0x5c50 ./ra/fsp/src/bsp/mcu/all/bsp_clocks.o
 .debug_info    0x0003b35e      0x916 ./ra/fsp/src/bsp/mcu/all/bsp_common.o
 .debug_info    0x0003bc74      0x1c1 ./ra/fsp/src/bsp/mcu/all/bsp_delay.o
 .debug_info    0x0003be35     0x13d8 ./ra/fsp/src/bsp/mcu/all/bsp_group_irq.o
 .debug_info    0x0003d20d       0xa3 ./ra/fsp/src/bsp/mcu/all/bsp_io.o
 .debug_info    0x0003d2b0     0x1477 ./ra/fsp/src/bsp/mcu/all/bsp_irq.o
 .debug_info    0x0003e727     0x3cf1 ./ra/fsp/src/bsp/mcu/all/bsp_register_protection.o
 .debug_info    0x00042418       0xd6 ./ra/fsp/src/bsp/mcu/all/bsp_rom_registers.o
 .debug_info    0x000424ee      0x141 ./ra/fsp/src/bsp/cmsis/Device/RENESAS/Source/startup.o
 .debug_info    0x0004262f     0x1165 ./ra/fsp/src/bsp/cmsis/Device/RENESAS/Source/system.o
 .debug_info    0x00043794       0x96 ./ra/board/ra6m2_ek/board_init.o

.debug_abbrev   0x00000000     0x3338
 .debug_abbrev  0x00000000       0xf6 ./src/calculate.o
 .debug_abbrev  0x000000f6      0x292 ./src/hal_entry.o
 .debug_abbrev  0x00000388      0x234 ./src/smith_prothocol.o
 .debug_abbrev  0x000005bc      0x2cd ./src/timer_code.o
 .debug_abbrev  0x00000889      0x2aa ./src/uart_codes.o
 .debug_abbrev  0x00000b33      0x150 ./ra_gen/common_data.o
 .debug_abbrev  0x00000c83      0x2a2 ./ra_gen/hal_data.o
 .debug_abbrev  0x00000f25       0x66 ./ra_gen/main.o
 .debug_abbrev  0x00000f8b       0xdc ./ra_gen/pin_data.o
 .debug_abbrev  0x00001067       0xa7 ./ra_gen/vector_data.o
 .debug_abbrev  0x0000110e      0x5e4 ./ra/fsp/src/r_sci_uart/r_sci_uart.o
 .debug_abbrev  0x000016f2      0x43c ./ra/fsp/src/r_ioport/r_ioport.o
 .debug_abbrev  0x00001b2e      0x68b ./ra/fsp/src/r_gpt/r_gpt.o
 .debug_abbrev  0x000021b9      0x429 ./ra/fsp/src/bsp/mcu/all/bsp_clocks.o
 .debug_abbrev  0x000025e2      0x172 ./ra/fsp/src/bsp/mcu/all/bsp_common.o
 .debug_abbrev  0x00002754       0xf7 ./ra/fsp/src/bsp/mcu/all/bsp_delay.o
 .debug_abbrev  0x0000284b      0x254 ./ra/fsp/src/bsp/mcu/all/bsp_group_irq.o
 .debug_abbrev  0x00002a9f       0x5e ./ra/fsp/src/bsp/mcu/all/bsp_io.o
 .debug_abbrev  0x00002afd      0x1ad ./ra/fsp/src/bsp/mcu/all/bsp_irq.o
 .debug_abbrev  0x00002caa      0x277 ./ra/fsp/src/bsp/mcu/all/bsp_register_protection.o
 .debug_abbrev  0x00002f21       0x5f ./ra/fsp/src/bsp/mcu/all/bsp_rom_registers.o
 .debug_abbrev  0x00002f80       0xe6 ./ra/fsp/src/bsp/cmsis/Device/RENESAS/Source/startup.o
 .debug_abbrev  0x00003066      0x276 ./ra/fsp/src/bsp/cmsis/Device/RENESAS/Source/system.o
 .debug_abbrev  0x000032dc       0x5c ./ra/board/ra6m2_ek/board_init.o

.debug_loc      0x00000000     0x5804
 .debug_loc     0x00000000      0x2a3 ./src/calculate.o
 .debug_loc     0x000002a3      0x2c4 ./src/hal_entry.o
 .debug_loc     0x00000567      0x597 ./src/smith_prothocol.o
 .debug_loc     0x00000afe       0xb6 ./src/timer_code.o
 .debug_loc     0x00000bb4       0x32 ./src/uart_codes.o
 .debug_loc     0x00000be6     0x191c ./ra/fsp/src/r_sci_uart/r_sci_uart.o
 .debug_loc     0x00002502      0xe4c ./ra/fsp/src/r_ioport/r_ioport.o
 .debug_loc     0x0000334e     0x1b7d ./ra/fsp/src/r_gpt/r_gpt.o
 .debug_loc     0x00004ecb      0x4c0 ./ra/fsp/src/bsp/mcu/all/bsp_clocks.o
 .debug_loc     0x0000538b       0x25 ./ra/fsp/src/bsp/mcu/all/bsp_common.o
 .debug_loc     0x000053b0      0x201 ./ra/fsp/src/bsp/mcu/all/bsp_delay.o
 .debug_loc     0x000055b1       0xaa ./ra/fsp/src/bsp/mcu/all/bsp_group_irq.o
 .debug_loc     0x0000565b       0x3f ./ra/fsp/src/bsp/mcu/all/bsp_irq.o
 .debug_loc     0x0000569a      0x105 ./ra/fsp/src/bsp/mcu/all/bsp_register_protection.o
 .debug_loc     0x0000579f       0x65 ./ra/fsp/src/bsp/cmsis/Device/RENESAS/Source/system.o

.debug_aranges  0x00000000      0x5d8
 .debug_aranges
                0x00000000       0x30 ./src/calculate.o
 .debug_aranges
                0x00000030       0x38 ./src/hal_entry.o
 .debug_aranges
                0x00000068       0x80 ./src/smith_prothocol.o
 .debug_aranges
                0x000000e8       0x30 ./src/timer_code.o
 .debug_aranges
                0x00000118       0x48 ./src/uart_codes.o
 .debug_aranges
                0x00000160       0x20 ./ra_gen/common_data.o
 .debug_aranges
                0x00000180       0x20 ./ra_gen/hal_data.o
 .debug_aranges
                0x000001a0       0x20 ./ra_gen/main.o
 .debug_aranges
                0x000001c0       0x18 ./ra_gen/pin_data.o
 .debug_aranges
                0x000001d8       0x18 ./ra_gen/vector_data.o
 .debug_aranges
                0x000001f0       0x98 ./ra/fsp/src/r_sci_uart/r_sci_uart.o
 .debug_aranges
                0x00000288       0x90 ./ra/fsp/src/r_ioport/r_ioport.o
 .debug_aranges
                0x00000318       0xe0 ./ra/fsp/src/r_gpt/r_gpt.o
 .debug_aranges
                0x000003f8       0x78 ./ra/fsp/src/bsp/mcu/all/bsp_clocks.o
 .debug_aranges
                0x00000470       0x30 ./ra/fsp/src/bsp/mcu/all/bsp_common.o
 .debug_aranges
                0x000004a0       0x28 ./ra/fsp/src/bsp/mcu/all/bsp_delay.o
 .debug_aranges
                0x000004c8       0x28 ./ra/fsp/src/bsp/mcu/all/bsp_group_irq.o
 .debug_aranges
                0x000004f0       0x18 ./ra/fsp/src/bsp/mcu/all/bsp_io.o
 .debug_aranges
                0x00000508       0x20 ./ra/fsp/src/bsp/mcu/all/bsp_irq.o
 .debug_aranges
                0x00000528       0x28 ./ra/fsp/src/bsp/mcu/all/bsp_register_protection.o
 .debug_aranges
                0x00000550       0x18 ./ra/fsp/src/bsp/mcu/all/bsp_rom_registers.o
 .debug_aranges
                0x00000568       0x28 ./ra/fsp/src/bsp/cmsis/Device/RENESAS/Source/startup.o
 .debug_aranges
                0x00000590       0x28 ./ra/fsp/src/bsp/cmsis/Device/RENESAS/Source/system.o
 .debug_aranges
                0x000005b8       0x20 ./ra/board/ra6m2_ek/board_init.o

.debug_ranges   0x00000000     0x1018
 .debug_ranges  0x00000000       0x40 ./src/calculate.o
 .debug_ranges  0x00000040       0xb8 ./src/hal_entry.o
 .debug_ranges  0x000000f8      0x128 ./src/smith_prothocol.o
 .debug_ranges  0x00000220       0x48 ./src/timer_code.o
 .debug_ranges  0x00000268       0x38 ./src/uart_codes.o
 .debug_ranges  0x000002a0       0x10 ./ra_gen/common_data.o
 .debug_ranges  0x000002b0       0x10 ./ra_gen/hal_data.o
 .debug_ranges  0x000002c0       0x10 ./ra_gen/main.o
 .debug_ranges  0x000002d0      0x510 ./ra/fsp/src/r_sci_uart/r_sci_uart.o
 .debug_ranges  0x000007e0      0x138 ./ra/fsp/src/r_ioport/r_ioport.o
 .debug_ranges  0x00000918      0x420 ./ra/fsp/src/r_gpt/r_gpt.o
 .debug_ranges  0x00000d38      0x1a8 ./ra/fsp/src/bsp/mcu/all/bsp_clocks.o
 .debug_ranges  0x00000ee0       0x20 ./ra/fsp/src/bsp/mcu/all/bsp_common.o
 .debug_ranges  0x00000f00       0x18 ./ra/fsp/src/bsp/mcu/all/bsp_delay.o
 .debug_ranges  0x00000f18       0x50 ./ra/fsp/src/bsp/mcu/all/bsp_group_irq.o
 .debug_ranges  0x00000f68       0x28 ./ra/fsp/src/bsp/mcu/all/bsp_irq.o
 .debug_ranges  0x00000f90       0x48 ./ra/fsp/src/bsp/mcu/all/bsp_register_protection.o
 .debug_ranges  0x00000fd8       0x18 ./ra/fsp/src/bsp/cmsis/Device/RENESAS/Source/startup.o
 .debug_ranges  0x00000ff0       0x18 ./ra/fsp/src/bsp/cmsis/Device/RENESAS/Source/system.o
 .debug_ranges  0x00001008       0x10 ./ra/board/ra6m2_ek/board_init.o

.debug_line     0x00000000     0x84be
 .debug_line    0x00000000      0x30d ./src/calculate.o
 .debug_line    0x0000030d      0x63b ./src/hal_entry.o
 .debug_line    0x00000948      0x614 ./src/smith_prothocol.o
 .debug_line    0x00000f5c      0x4ab ./src/timer_code.o
 .debug_line    0x00001407      0x4c0 ./src/uart_codes.o
 .debug_line    0x000018c7      0x351 ./ra_gen/common_data.o
 .debug_line    0x00001c18      0x3c0 ./ra_gen/hal_data.o
 .debug_line    0x00001fd8       0x5e ./ra_gen/main.o
 .debug_line    0x00002036      0x20a ./ra_gen/pin_data.o
 .debug_line    0x00002240      0x10b ./ra_gen/vector_data.o
 .debug_line    0x0000234b     0x18d8 ./ra/fsp/src/r_sci_uart/r_sci_uart.o
 .debug_line    0x00003c23      0xc0c ./ra/fsp/src/r_ioport/r_ioport.o
 .debug_line    0x0000482f     0x176d ./ra/fsp/src/r_gpt/r_gpt.o
 .debug_line    0x00005f9c      0xae1 ./ra/fsp/src/bsp/mcu/all/bsp_clocks.o
 .debug_line    0x00006a7d      0x2c0 ./ra/fsp/src/bsp/mcu/all/bsp_common.o
 .debug_line    0x00006d3d      0x2df ./ra/fsp/src/bsp/mcu/all/bsp_delay.o
 .debug_line    0x0000701c      0x34f ./ra/fsp/src/bsp/mcu/all/bsp_group_irq.o
 .debug_line    0x0000736b      0x1b8 ./ra/fsp/src/bsp/mcu/all/bsp_io.o
 .debug_line    0x00007523      0x315 ./ra/fsp/src/bsp/mcu/all/bsp_irq.o
 .debug_line    0x00007838      0x405 ./ra/fsp/src/bsp/mcu/all/bsp_register_protection.o
 .debug_line    0x00007c3d      0x161 ./ra/fsp/src/bsp/mcu/all/bsp_rom_registers.o
 .debug_line    0x00007d9e      0x23c ./ra/fsp/src/bsp/cmsis/Device/RENESAS/Source/startup.o
 .debug_line    0x00007fda      0x48a ./ra/fsp/src/bsp/cmsis/Device/RENESAS/Source/system.o
 .debug_line    0x00008464       0x5a ./ra/board/ra6m2_ek/board_init.o

.debug_str      0x00000000     0xd875
 .debug_str     0x00000000      0x234 ./src/calculate.o
                                0x2a1 (size before relaxing)
 .debug_str     0x00000234     0x347e ./src/hal_entry.o
                               0x36df (size before relaxing)
 .debug_str     0x000036b2       0xc5 ./src/smith_prothocol.o
                                0x355 (size before relaxing)
 .debug_str     0x00003777     0x2ba5 ./src/timer_code.o
                               0x4775 (size before relaxing)
 .debug_str     0x0000631c      0xba9 ./src/uart_codes.o
                               0x51bf (size before relaxing)
 .debug_str     0x00006ec5       0x47 ./ra_gen/common_data.o
                               0x325f (size before relaxing)
 .debug_str     0x00006f0c     0x125a ./ra_gen/hal_data.o
                               0x6490 (size before relaxing)
 .debug_str     0x00008166       0x16 ./ra_gen/main.o
                                0x1c3 (size before relaxing)
 .debug_str     0x0000817c      0x648 ./ra_gen/pin_data.o
                               0x1d45 (size before relaxing)
 .debug_str     0x000087c4     0x1fe2 ./ra_gen/vector_data.o
                               0x217f (size before relaxing)
 .debug_str     0x0000a7a6      0xc67 ./ra/fsp/src/r_sci_uart/r_sci_uart.o
                               0x67f6 (size before relaxing)
 .debug_str     0x0000b40d      0xa6b ./ra/fsp/src/r_ioport/r_ioport.o
                               0x59f4 (size before relaxing)
 .debug_str     0x0000be78      0xc4b ./ra/fsp/src/r_gpt/r_gpt.o
                               0x6926 (size before relaxing)
 .debug_str     0x0000cac3      0x6f8 ./ra/fsp/src/bsp/mcu/all/bsp_clocks.o
                               0x24d2 (size before relaxing)
 .debug_str     0x0000d1bb      0x10b ./ra/fsp/src/bsp/mcu/all/bsp_common.o
                               0x1b73 (size before relaxing)
 .debug_str     0x0000d2c6       0xb1 ./ra/fsp/src/bsp/mcu/all/bsp_delay.o
                                0x2ec (size before relaxing)
 .debug_str     0x0000d377      0x1de ./ra/fsp/src/bsp/mcu/all/bsp_group_irq.o
                               0x207e (size before relaxing)
 .debug_str     0x0000d555       0x23 ./ra/fsp/src/bsp/mcu/all/bsp_io.o
                                0x1ec (size before relaxing)
 .debug_str     0x0000d578       0x30 ./ra/fsp/src/bsp/mcu/all/bsp_irq.o
                               0x25fb (size before relaxing)
 .debug_str     0x0000d5a8       0x88 ./ra/fsp/src/bsp/mcu/all/bsp_register_protection.o
                               0x19d8 (size before relaxing)
 .debug_str     0x0000d630       0x51 ./ra/fsp/src/bsp/mcu/all/bsp_rom_registers.o
                                0x202 (size before relaxing)
 .debug_str     0x0000d681       0x82 ./ra/fsp/src/bsp/cmsis/Device/RENESAS/Source/startup.o
                                0x236 (size before relaxing)
 .debug_str     0x0000d703      0x150 ./ra/fsp/src/bsp/cmsis/Device/RENESAS/Source/system.o
                                0x8a3 (size before relaxing)
 .debug_str     0x0000d853       0x22 ./ra/board/ra6m2_ek/board_init.o
                                0x1cf (size before relaxing)

.debug_frame    0x00000000     0x13b8
 .debug_frame   0x00000000       0x78 ./src/calculate.o
 .debug_frame   0x00000078       0x64 ./src/hal_entry.o
 .debug_frame   0x000000dc      0x100 ./src/smith_prothocol.o
 .debug_frame   0x000001dc       0x5c ./src/timer_code.o
 .debug_frame   0x00000238       0xa0 ./src/uart_codes.o
 .debug_frame   0x000002d8       0x20 ./ra_gen/common_data.o
 .debug_frame   0x000002f8       0x20 ./ra_gen/hal_data.o
 .debug_frame   0x00000318       0x28 ./ra_gen/main.o
 .debug_frame   0x00000340      0x1e4 ./ra/fsp/src/r_sci_uart/r_sci_uart.o
 .debug_frame   0x00000524      0x178 ./ra/fsp/src/r_ioport/r_ioport.o
 .debug_frame   0x0000069c      0x280 ./ra/fsp/src/r_gpt/r_gpt.o
 .debug_frame   0x0000091c      0x12c ./ra/fsp/src/bsp/mcu/all/bsp_clocks.o
 .debug_frame   0x00000a48       0x40 ./ra/fsp/src/bsp/mcu/all/bsp_common.o
 .debug_frame   0x00000a88       0x44 ./ra/fsp/src/bsp/mcu/all/bsp_delay.o
 .debug_frame   0x00000acc       0x3c ./ra/fsp/src/bsp/mcu/all/bsp_group_irq.o
 .debug_frame   0x00000b08       0x2c ./ra/fsp/src/bsp/mcu/all/bsp_irq.o
 .debug_frame   0x00000b34       0x48 ./ra/fsp/src/bsp/mcu/all/bsp_register_protection.o
 .debug_frame   0x00000b7c       0x38 ./ra/fsp/src/bsp/cmsis/Device/RENESAS/Source/startup.o
 .debug_frame   0x00000bb4       0x44 ./ra/fsp/src/bsp/cmsis/Device/RENESAS/Source/system.o
 .debug_frame   0x00000bf8       0x20 ./ra/board/ra6m2_ek/board_init.o
 .debug_frame   0x00000c18       0xac c:/renesas/ra/e2studio_v2023-01_fsp_v4.3.0/toolchains/gcc_arm/gcc-arm-none-eabi-10.3-2021.10/bin/../lib/gcc/arm-none-eabi/10.3.1/thumb/v7e-m+fp/hard\libgcc.a(_arm_addsubdf3.o)
 .debug_frame   0x00000cc4       0x24 c:/renesas/ra/e2studio_v2023-01_fsp_v4.3.0/toolchains/gcc_arm/gcc-arm-none-eabi-10.3-2021.10/bin/../lib/gcc/arm-none-eabi/10.3.1/thumb/v7e-m+fp/hard\libgcc.a(_arm_fixdfsi.o)
 .debug_frame   0x00000ce8       0x2c c:/renesas/ra/e2studio_v2023-01_fsp_v4.3.0/toolchains/gcc_arm/gcc-arm-none-eabi-10.3-2021.10/bin/../lib/gcc/arm-none-eabi/10.3.1/thumb/v7e-m+fp/hard\libgcc.a(_aeabi_uldivmod.o)
 .debug_frame   0x00000d14       0x2c c:/renesas/ra/e2studio_v2023-01_fsp_v4.3.0/toolchains/gcc_arm/gcc-arm-none-eabi-10.3-2021.10/bin/../lib/gcc/arm-none-eabi/10.3.1/thumb/v7e-m+fp/hard\libgcc.a(_fixunsdfdi.o)
 .debug_frame   0x00000d40       0x34 c:/renesas/ra/e2studio_v2023-01_fsp_v4.3.0/toolchains/gcc_arm/gcc-arm-none-eabi-10.3-2021.10/bin/../lib/gcc/arm-none-eabi/10.3.1/thumb/v7e-m+fp/hard\libgcc.a(_udivmoddi4.o)
 .debug_frame   0x00000d74       0x24 c:/renesas/ra/e2studio_v2023-01_fsp_v4.3.0/toolchains/gcc_arm/gcc-arm-none-eabi-10.3-2021.10/bin/../lib/gcc/arm-none-eabi/10.3.1/thumb/v7e-m+fp/hard\libgcc.a(_arm_fixunsdfsi.o)
 .debug_frame   0x00000d98       0x20 c:/renesas/ra/e2studio_v2023-01_fsp_v4.3.0/toolchains/gcc_arm/gcc-arm-none-eabi-10.3-2021.10/bin/../lib/gcc/arm-none-eabi/10.3.1/../../../../arm-none-eabi/lib/thumb/v7e-m+fp/hard\libg_nano.a(lib_a-errno.o)
 .debug_frame   0x00000db8       0x28 c:/renesas/ra/e2studio_v2023-01_fsp_v4.3.0/toolchains/gcc_arm/gcc-arm-none-eabi-10.3-2021.10/bin/../lib/gcc/arm-none-eabi/10.3.1/../../../../arm-none-eabi/lib/thumb/v7e-m+fp/hard\libg_nano.a(lib_a-memcpy-stub.o)
 .debug_frame   0x00000de0       0x20 c:/renesas/ra/e2studio_v2023-01_fsp_v4.3.0/toolchains/gcc_arm/gcc-arm-none-eabi-10.3-2021.10/bin/../lib/gcc/arm-none-eabi/10.3.1/../../../../arm-none-eabi/lib/thumb/v7e-m+fp/hard\libg_nano.a(lib_a-memset.o)
 .debug_frame   0x00000e00      0x14c c:/renesas/ra/e2studio_v2023-01_fsp_v4.3.0/toolchains/gcc_arm/gcc-arm-none-eabi-10.3-2021.10/bin/../lib/gcc/arm-none-eabi/10.3.1/../../../../arm-none-eabi/lib/thumb/v7e-m+fp/hard\libc_nano.a(lib_a-findfp.o)
 .debug_frame   0x00000f4c       0x44 c:/renesas/ra/e2studio_v2023-01_fsp_v4.3.0/toolchains/gcc_arm/gcc-arm-none-eabi-10.3-2021.10/bin/../lib/gcc/arm-none-eabi/10.3.1/../../../../arm-none-eabi/lib/thumb/v7e-m+fp/hard\libm.a(lib_a-w_pow.o)
 .debug_frame   0x00000f90      0x12c c:/renesas/ra/e2studio_v2023-01_fsp_v4.3.0/toolchains/gcc_arm/gcc-arm-none-eabi-10.3-2021.10/bin/../lib/gcc/arm-none-eabi/10.3.1/../../../../arm-none-eabi/lib/thumb/v7e-m+fp/hard\libm.a(lib_a-e_pow.o)
 .debug_frame   0x000010bc       0x30 c:/renesas/ra/e2studio_v2023-01_fsp_v4.3.0/toolchains/gcc_arm/gcc-arm-none-eabi-10.3-2021.10/bin/../lib/gcc/arm-none-eabi/10.3.1/../../../../arm-none-eabi/lib/thumb/v7e-m+fp/hard\libm.a(lib_a-e_sqrt.o)
 .debug_frame   0x000010ec      0x124 c:/renesas/ra/e2studio_v2023-01_fsp_v4.3.0/toolchains/gcc_arm/gcc-arm-none-eabi-10.3-2021.10/bin/../lib/gcc/arm-none-eabi/10.3.1/../../../../arm-none-eabi/lib/thumb/v7e-m+fp/hard\libm.a(lib_a-math_err.o)
 .debug_frame   0x00001210       0x20 c:/renesas/ra/e2studio_v2023-01_fsp_v4.3.0/toolchains/gcc_arm/gcc-arm-none-eabi-10.3-2021.10/bin/../lib/gcc/arm-none-eabi/10.3.1/../../../../arm-none-eabi/lib/thumb/v7e-m+fp/hard\libm.a(lib_a-s_fabs.o)
 .debug_frame   0x00001230       0x28 c:/renesas/ra/e2studio_v2023-01_fsp_v4.3.0/toolchains/gcc_arm/gcc-arm-none-eabi-10.3-2021.10/bin/../lib/gcc/arm-none-eabi/10.3.1/../../../../arm-none-eabi/lib/thumb/v7e-m+fp/hard\libm.a(lib_a-s_finite.o)
 .debug_frame   0x00001258       0x2c c:/renesas/ra/e2studio_v2023-01_fsp_v4.3.0/toolchains/gcc_arm/gcc-arm-none-eabi-10.3-2021.10/bin/../lib/gcc/arm-none-eabi/10.3.1/../../../../arm-none-eabi/lib/thumb/v7e-m+fp/hard\libm.a(lib_a-s_scalbn.o)
 .debug_frame   0x00001284       0x50 c:/renesas/ra/e2studio_v2023-01_fsp_v4.3.0/toolchains/gcc_arm/gcc-arm-none-eabi-10.3-2021.10/bin/../lib/gcc/arm-none-eabi/10.3.1/thumb/v7e-m+fp/hard\libgcc.a(_arm_muldivdf3.o)
 .debug_frame   0x000012d4       0xc4 c:/renesas/ra/e2studio_v2023-01_fsp_v4.3.0/toolchains/gcc_arm/gcc-arm-none-eabi-10.3-2021.10/bin/../lib/gcc/arm-none-eabi/10.3.1/thumb/v7e-m+fp/hard\libgcc.a(_arm_cmpdf2.o)
 .debug_frame   0x00001398       0x20 c:/renesas/ra/e2studio_v2023-01_fsp_v4.3.0/toolchains/gcc_arm/gcc-arm-none-eabi-10.3-2021.10/bin/../lib/gcc/arm-none-eabi/10.3.1/thumb/v7e-m+fp/hard\libgcc.a(_arm_unorddf2.o)
